2025-03-16T09:44:20.3543607Z Current runner version: '2.322.0'
2025-03-16T09:44:20.3569270Z ##[group]Operating System
2025-03-16T09:44:20.3570007Z Ubuntu
2025-03-16T09:44:20.3570487Z 24.04.2
2025-03-16T09:44:20.3571052Z LTS
2025-03-16T09:44:20.3571533Z ##[endgroup]
2025-03-16T09:44:20.3572030Z ##[group]Runner Image
2025-03-16T09:44:20.3572720Z Image: ubuntu-24.04
2025-03-16T09:44:20.3573214Z Version: 20250309.1.0
2025-03-16T09:44:20.3574259Z Included Software: https://github.com/actions/runner-images/blob/ubuntu24/20250309.1/images/ubuntu/Ubuntu2404-Readme.md
2025-03-16T09:44:20.3575877Z Image Release: https://github.com/actions/runner-images/releases/tag/ubuntu24%2F20250309.1
2025-03-16T09:44:20.3576757Z ##[endgroup]
2025-03-16T09:44:20.3577302Z ##[group]Runner Image Provisioner
2025-03-16T09:44:20.3577890Z 2.0.422.1
2025-03-16T09:44:20.3578368Z ##[endgroup]
2025-03-16T09:44:20.3579348Z ##[group]GITHUB_TOKEN Permissions
2025-03-16T09:44:20.3581401Z Contents: write
2025-03-16T09:44:20.3581917Z Metadata: read
2025-03-16T09:44:20.3582637Z ##[endgroup]
2025-03-16T09:44:20.3585076Z Secret source: Actions
2025-03-16T09:44:20.3586193Z Prepare workflow directory
2025-03-16T09:44:20.4148682Z Prepare all required actions
2025-03-16T09:44:20.4184927Z Getting action download info
2025-03-16T09:44:20.9470611Z Download action repository 'actions/checkout@v4' (SHA:11bd71901bbe5b1630ceea73d27597364c9af683)
2025-03-16T09:44:21.0457136Z Download action repository 'rokibhasansagar/slimhub_actions@main' (SHA:a28a11a35d81967c82448c183cb17a34b7514a9a)
2025-03-16T09:44:21.4353106Z Download action repository 'pierotofy/set-swap-space@master' (SHA:0404882bc4666c0ff2f6fd8b3d32af69a730183c)
2025-03-16T09:44:21.8139242Z Download action repository 'softprops/action-gh-release@v2' (SHA:c95fe1489396fe8a9eb87c0abf8aa5b2ef267fda)
2025-03-16T09:44:22.4508715Z Complete job name: Build OFR by Ricefishfish
2025-03-16T09:44:22.5250277Z ##[group]Run actions/checkout@v4
2025-03-16T09:44:22.5251615Z with:
2025-03-16T09:44:22.5252534Z   repository: Ricefishfish/OrangeFox-Action-Builder
2025-03-16T09:44:22.5253967Z   token: ***
2025-03-16T09:44:22.5254718Z   ssh-strict: true
2025-03-16T09:44:22.5255684Z   ssh-user: git
2025-03-16T09:44:22.5256518Z   persist-credentials: true
2025-03-16T09:44:22.5257412Z   clean: true
2025-03-16T09:44:22.5258204Z   sparse-checkout-cone-mode: true
2025-03-16T09:44:22.5259178Z   fetch-depth: 1
2025-03-16T09:44:22.5259936Z   fetch-tags: false
2025-03-16T09:44:22.5260748Z   show-progress: true
2025-03-16T09:44:22.5261562Z   lfs: false
2025-03-16T09:44:22.5262288Z   submodules: false
2025-03-16T09:44:22.5263105Z   set-safe-directory: true
2025-03-16T09:44:22.5264219Z env:
2025-03-16T09:44:22.5265233Z   GITHUB_TOKEN: ***
2025-03-16T09:44:22.5266136Z ##[endgroup]
2025-03-16T09:44:22.7482427Z Syncing repository: Ricefishfish/OrangeFox-Action-Builder
2025-03-16T09:44:22.7485141Z ##[group]Getting Git version info
2025-03-16T09:44:22.7487222Z Working directory is '/home/runner/work/OrangeFox-Action-Builder/OrangeFox-Action-Builder'
2025-03-16T09:44:22.7489486Z [command]/usr/bin/git version
2025-03-16T09:44:22.7551153Z git version 2.48.1
2025-03-16T09:44:22.7583897Z ##[endgroup]
2025-03-16T09:44:22.7597796Z Temporarily overriding HOME='/home/runner/work/_temp/13339b93-adbf-440d-b6aa-ba06dd9903f6' before making global git config changes
2025-03-16T09:44:22.7600652Z Adding repository directory to the temporary git global config as a safe directory
2025-03-16T09:44:22.7610228Z [command]/usr/bin/git config --global --add safe.directory /home/runner/work/OrangeFox-Action-Builder/OrangeFox-Action-Builder
2025-03-16T09:44:22.7647937Z Deleting the contents of '/home/runner/work/OrangeFox-Action-Builder/OrangeFox-Action-Builder'
2025-03-16T09:44:22.7650712Z ##[group]Initializing the repository
2025-03-16T09:44:22.7655139Z [command]/usr/bin/git init /home/runner/work/OrangeFox-Action-Builder/OrangeFox-Action-Builder
2025-03-16T09:44:22.7742285Z hint: Using 'master' as the name for the initial branch. This default branch name
2025-03-16T09:44:22.7745021Z hint: is subject to change. To configure the initial branch name to use in all
2025-03-16T09:44:22.7748438Z hint: of your new repositories, which will suppress this warning, call:
2025-03-16T09:44:22.7750145Z hint:
2025-03-16T09:44:22.7751057Z hint: 	git config --global init.defaultBranch <name>
2025-03-16T09:44:22.7752143Z hint:
2025-03-16T09:44:22.7753361Z hint: Names commonly chosen instead of 'master' are 'main', 'trunk' and
2025-03-16T09:44:22.7755563Z hint: 'development'. The just-created branch can be renamed via this command:
2025-03-16T09:44:22.7756931Z hint:
2025-03-16T09:44:22.7757650Z hint: 	git branch -m <name>
2025-03-16T09:44:22.7759987Z Initialized empty Git repository in /home/runner/work/OrangeFox-Action-Builder/OrangeFox-Action-Builder/.git/
2025-03-16T09:44:22.7763624Z [command]/usr/bin/git remote add origin https://github.com/Ricefishfish/OrangeFox-Action-Builder
2025-03-16T09:44:22.7795535Z ##[endgroup]
2025-03-16T09:44:22.7799901Z ##[group]Disabling automatic garbage collection
2025-03-16T09:44:22.7801115Z [command]/usr/bin/git config --local gc.auto 0
2025-03-16T09:44:22.7828176Z ##[endgroup]
2025-03-16T09:44:22.7829419Z ##[group]Setting up auth
2025-03-16T09:44:22.7834245Z [command]/usr/bin/git config --local --name-only --get-regexp core\.sshCommand
2025-03-16T09:44:22.7864887Z [command]/usr/bin/git submodule foreach --recursive sh -c "git config --local --name-only --get-regexp 'core\.sshCommand' && git config --local --unset-all 'core.sshCommand' || :"
2025-03-16T09:44:22.8190175Z [command]/usr/bin/git config --local --name-only --get-regexp http\.https\:\/\/github\.com\/\.extraheader
2025-03-16T09:44:22.8221076Z [command]/usr/bin/git submodule foreach --recursive sh -c "git config --local --name-only --get-regexp 'http\.https\:\/\/github\.com\/\.extraheader' && git config --local --unset-all 'http.https://github.com/.extraheader' || :"
2025-03-16T09:44:22.8451017Z [command]/usr/bin/git config --local http.https://github.com/.extraheader AUTHORIZATION: basic ***
2025-03-16T09:44:22.8488425Z ##[endgroup]
2025-03-16T09:44:22.8490864Z ##[group]Fetching the repository
2025-03-16T09:44:22.8500606Z [command]/usr/bin/git -c protocol.version=2 fetch --no-tags --prune --no-recurse-submodules --depth=1 origin +cd35fd9d31eab3abf5304b62df379a516ff50182:refs/remotes/origin/main
2025-03-16T09:44:23.3833669Z From https://github.com/Ricefishfish/OrangeFox-Action-Builder
2025-03-16T09:44:23.3834616Z  * [new ref]         cd35fd9d31eab3abf5304b62df379a516ff50182 -> origin/main
2025-03-16T09:44:23.3858341Z ##[endgroup]
2025-03-16T09:44:23.3858770Z ##[group]Determining the checkout info
2025-03-16T09:44:23.3860737Z ##[endgroup]
2025-03-16T09:44:23.3866057Z [command]/usr/bin/git sparse-checkout disable
2025-03-16T09:44:23.3905999Z [command]/usr/bin/git config --local --unset-all extensions.worktreeConfig
2025-03-16T09:44:23.3933890Z ##[group]Checking out the ref
2025-03-16T09:44:23.3938397Z [command]/usr/bin/git checkout --progress --force -B main refs/remotes/origin/main
2025-03-16T09:44:23.3983324Z Switched to a new branch 'main'
2025-03-16T09:44:23.3986831Z branch 'main' set up to track 'origin/main'.
2025-03-16T09:44:23.3991935Z ##[endgroup]
2025-03-16T09:44:23.4032574Z [command]/usr/bin/git log -1 --format=%H
2025-03-16T09:44:23.4056530Z cd35fd9d31eab3abf5304b62df379a516ff50182
2025-03-16T09:44:23.4244890Z ##[group]Run rokibhasansagar/slimhub_actions@main
2025-03-16T09:44:23.4245258Z with:
2025-03-16T09:44:23.4245673Z env:
2025-03-16T09:44:23.4246191Z   GITHUB_TOKEN: ***
2025-03-16T09:44:23.4246420Z ##[endgroup]
2025-03-16T09:44:23.4328707Z ##[group]Run chmod a+x $GITHUB_ACTION_PATH/cleanup.sh
2025-03-16T09:44:23.4329174Z [36;1mchmod a+x $GITHUB_ACTION_PATH/cleanup.sh[0m
2025-03-16T09:44:23.4329546Z [36;1mbash $GITHUB_ACTION_PATH/cleanup.sh[0m
2025-03-16T09:44:23.4381508Z shell: /usr/bin/bash --noprofile --norc -e -o pipefail {0}
2025-03-16T09:44:23.4381908Z env:
2025-03-16T09:44:23.4382310Z   GITHUB_TOKEN: ***
2025-03-16T09:44:23.4382540Z   retain: 
2025-03-16T09:44:23.4382753Z ##[endgroup]
2025-03-16T09:44:23.4530671Z [33;1;2m
2025-03-16T09:44:23.4531650Z   ╔══════════════════════════════════════════════════════════════╗
2025-03-16T09:44:23.4532406Z   ║                                                              ║
2025-03-16T09:44:23.4533168Z   ║             The Project Script Changed Recently,             ║
2025-03-16T09:44:23.4533917Z   ║               There Are Many Breaking Changes.               ║
2025-03-16T09:44:23.4534804Z   ║       ------------------------------------------------       ║
2025-03-16T09:44:23.4535766Z   ║           Please Read The README.md File Properly.           ║
2025-03-16T09:44:23.4536478Z   ║       ------------------------------------------------       ║
2025-03-16T09:44:23.4537248Z   ║                 Visit Here & Read Carefully:                 ║
2025-03-16T09:44:23.4537833Z   ║  https://github.com/rokibhasansagar/slimhub_actions/#readme  ║
2025-03-16T09:44:23.4538621Z   ║                                                              ║
2025-03-16T09:44:23.4539340Z   ╚══════════════════════════════════════════════════════════════╝
2025-03-16T09:44:23.4539761Z 
2025-03-16T09:44:24.4594761Z [0m::group::<{[<]}> Raw Disk Space Before Cleanup <{[>]}>
2025-03-16T09:44:24.4705918Z Use%   Used  Avail
2025-03-16T09:44:24.4706289Z  65% 47601M 25710M
2025-03-16T09:44:24.4708798Z ##[endgroup]
2025-03-16T09:44:24.4709678Z ##[group] {[+]}  Temporary Apt Cache Update
2025-03-16T09:44:24.4757370Z sudo: apt-fast: command not found
2025-03-16T09:44:24.4762653Z ##[endgroup]
2025-03-16T09:44:24.4763196Z ##[group] {[-]}  Clearing Homebrew
2025-03-16T09:44:25.2412147Z ==> Running in non-interactive mode because `$NONINTERACTIVE` is set.
2025-03-16T09:44:26.8846000Z ==> /usr/bin/sudo /usr/bin/find /home/linuxbrew/.linuxbrew/bin /home/linuxbrew/.linuxbrew/etc /home/linuxbrew/.linuxbrew/include /home/linuxbrew/.linuxbrew/lib /home/linuxbrew/.linuxbrew/opt /home/linuxbrew/.linuxbrew/sbin /home/linuxbrew/.linuxbrew/share /home/linuxbrew/.linuxbrew/var /home/linuxbrew/.linuxbrew/Frameworks -depth -type d -empty -exec rmdir {} ;
2025-03-16T09:44:26.9525255Z ##[endgroup]
2025-03-16T09:44:26.9526165Z ##[group] {[-]}  Clearing Docker Image Caches
2025-03-16T09:44:26.9526692Z The Following Docker Images Is Being Purged...
2025-03-16T09:44:27.0318537Z ##[endgroup]
2025-03-16T09:44:27.8694616Z jq: parse error: Invalid numeric literal at line 9, column 10
2025-03-16T09:45:50.3840224Z ##[group] {[-]}  Uninstalling and Purging apt Packages
2025-03-16T09:45:50.3846510Z [i] List of apt Packages to be Removed:   docker-buildx-plugin docker-ce-cli docker-ce containerd.io podman buildah skopeo containers-common kubectl temurin-*-jdk adoptopenjdk-* adoptium-ca-certificates openjdk-* ant ant-optional postgresql-* libpq-dev libmysqlclient* msodbcsql* mssql-tools unixodbc-dev mysql-client* mysql-common mysql-server* php*-*sql sphinxsearch mongodb* firefox google-chrome-stable microsoft-edge-stable xvfb apache2 apache2-* nginx nginx-* php-* php7* php8* session-manager-plugin azure-cli google-cloud-cli heroku gh subversion mercurial vim vim-* dotnet* aspnetcore* mono-* mono* libmono-* libmono* monodoc* msbuild nuget ruby* rake ri gfortran-* clang-* libclang* llvm-* libllvm* lldb-* lld-* clang-format-* clang-tidy-* powershell r-base* r-cran* r-doc* r-recommended snapd man-db manpages libgtk-3-* ubuntu-mono *-icon-theme imagemagick imagemagick-6-common libgl1-mesa-dri firebird* hhvm 
2025-03-16T09:45:53.1690786Z [i] Skipping Non-existing apt Packages: containers-common adoptopenjdk-* mssql-tools heroku msbuild hhvm
2025-03-16T09:48:03.9576252Z 
2025-03-16T09:48:03.9576852Z WARNING: apt does not have a stable CLI interface. Use with caution in scripts.
2025-03-16T09:48:03.9577390Z 
2025-03-16T09:48:04.1975728Z Reading package lists...
2025-03-16T09:48:04.3443104Z Building dependency tree...
2025-03-16T09:48:04.3449116Z Reading state information...
2025-03-16T09:48:04.4986703Z 0 upgraded, 0 newly installed, 0 to remove and 33 not upgraded.
2025-03-16T09:48:04.5082809Z ##[endgroup]
2025-03-16T09:48:04.5083460Z ##[group] {[-]}  Purging Unnecessary Files and Directories
2025-03-16T09:48:04.6980617Z Purging /home/linuxbrew
2025-03-16T09:48:04.7012436Z Purging /usr/bin/docker-credential-ecr-login
2025-03-16T09:48:04.7096393Z Purging /usr/local/bin/docker-compose
2025-03-16T09:48:04.7097372Z Purging /usr/bin/docker-credential-ecr-login
2025-03-16T09:48:04.7157739Z Purging /usr/local/bin/kind
2025-03-16T09:48:04.7211201Z Purging /usr/local/bin/helm
2025-03-16T09:48:04.7281250Z Purging /usr/local/bin/minikube
2025-03-16T09:48:04.7319477Z Purging /usr/local/bin/kustomize
2025-03-16T09:48:04.7346253Z Purging /usr/local/bin/terraform
2025-03-16T09:48:04.8627390Z Purging /usr/local/lib/android/sdk/build-tools
2025-03-16T09:48:04.8770093Z Purging /usr/local/lib/android/sdk/licenses
2025-03-16T09:48:04.9778971Z Purging /usr/local/lib/android/sdk/cmdline-tools
2025-03-16T09:48:04.9907181Z Purging /usr/local/lib/android/sdk/packages-list.txt
2025-03-16T09:48:05.0058757Z Purging /usr/local/lib/android/sdk/platform-tools
2025-03-16T09:48:05.2302253Z Purging /usr/local/lib/android/sdk/cmake
2025-03-16T09:48:06.9618429Z Purging /usr/local/lib/android/sdk/ndk
2025-03-16T09:48:06.9752056Z Purging /usr/lib/jvm/
2025-03-16T09:48:07.0176343Z Purging /usr/local/graalvm
2025-03-16T09:48:07.0322275Z Purging /usr/share/java/selenium-server.jar
2025-03-16T09:48:07.0583040Z Purging /usr/share/gradle-8.13
2025-03-16T09:48:07.0757189Z Purging /usr/bin/gradle
2025-03-16T09:48:07.0929537Z Purging /usr/share/apache-maven-3.9.9
2025-03-16T09:48:07.1091520Z Purging /usr/share/maven-repo
2025-03-16T09:48:07.1251682Z Purging /usr/bin/mvn
2025-03-16T09:48:07.1402696Z Purging '/usr/share/mysql*'
2025-03-16T09:48:07.1498311Z Purging /usr/local/lib/android/sdk/extras
2025-03-16T09:48:07.1567763Z Purging /opt/mssql-tools
2025-03-16T09:48:07.1661533Z Purging /usr/local/sqlpackage
2025-03-16T09:48:07.1723945Z Purging /usr/lib/firefox
2025-03-16T09:48:07.1818095Z Purging /usr/local/share/gecko_driver
2025-03-16T09:48:07.1889110Z Purging /usr/bin/geckodriver
2025-03-16T09:48:07.1966973Z Purging /usr/bin/google-chrome
2025-03-16T09:48:07.2038219Z Purging /usr/local/share/chrome_driver
2025-03-16T09:48:07.2105654Z Purging /usr/bin/chromedriver
2025-03-16T09:48:07.2271909Z Purging /usr/bin/chromium
2025-03-16T09:48:07.2416386Z Purging /usr/bin/chromium-browser
2025-03-16T09:48:07.2504849Z Purging /usr/local/share/chromium
2025-03-16T09:48:07.2584229Z Purging /usr/local/share/edge_driver
2025-03-16T09:48:07.2647877Z Purging /usr/bin/msedgedriver
2025-03-16T09:48:07.2731475Z Purging /usr/share/php
2025-03-16T09:48:07.2799953Z Purging /etc/php
2025-03-16T09:48:07.2896036Z Purging /usr/local/bin/phpunit
2025-03-16T09:48:07.2970381Z Purging /usr/bin/composer
2025-03-16T09:48:07.3059275Z Purging /home/runner/.config/composer
2025-03-16T09:48:07.3136755Z Purging /etc/skel/.composer
2025-03-16T09:48:07.3223141Z Purging /etc/.composer
2025-03-16T09:48:07.3294388Z Purging /usr/local/bin/aliyun
2025-03-16T09:48:07.3383629Z Purging /usr/local/bin/aws
2025-03-16T09:48:07.3448302Z Purging /usr/local/bin/aws_completer
2025-03-16T09:48:07.3608591Z Purging /usr/local/aws
2025-03-16T09:48:09.0866823Z Purging /usr/local/aws-cli
2025-03-16T09:48:09.1004134Z Purging /usr/local/bin/azcopy
2025-03-16T09:48:09.1133554Z Purging /usr/local/bin/azcopy10
2025-03-16T09:48:09.1988975Z Purging /usr/share/az_12.1.0
2025-03-16T09:48:10.3352804Z Purging /opt/az
2025-03-16T09:48:10.3491622Z Purging /usr/bin/az
2025-03-16T09:48:10.3618570Z Purging /usr/share/google-cloud-sdk
2025-03-16T09:48:10.3743094Z Purging /usr/lib/google-cloud-sdk
2025-03-16T09:48:10.3871328Z Purging /usr/local/bin/bicep
2025-03-16T09:48:10.3996590Z Purging /usr/local/bin/oc
2025-03-16T09:48:10.4116832Z Purging /usr/local/bin/oras
2025-03-16T09:48:10.4242254Z Purging /usr/local/lib/heroku
2025-03-16T09:48:10.4366657Z Purging /usr/local/bin/hub
2025-03-16T09:48:10.4491433Z Purging /usr/share/dotnet
2025-03-16T09:48:10.4657657Z Purging /home/runner/.dotnet
2025-03-16T09:48:10.5363445Z Purging /etc/skel/.dotnet/tools
2025-03-16T09:48:10.5496325Z Purging /etc/.dotnet/tools
2025-03-16T09:48:11.1570141Z Purging /usr/local/aws-sam-cli
2025-03-16T09:48:11.1704420Z Purging /usr/local/bin/vcpkg
2025-03-16T09:48:11.1828536Z Purging /usr/share/ri
2025-03-16T09:48:14.8785000Z Purging /usr/local/n
2025-03-16T09:48:14.8919856Z Purging /usr/local/bin/n
2025-03-16T09:48:20.8442482Z Purging /usr/local/share/vcpkg
2025-03-16T09:48:20.9328362Z Purging /etc/skel/.nvm
2025-03-16T09:48:20.9606838Z Purging /home/runner/.nvm
2025-03-16T09:48:22.1652127Z Purging /opt/pipx
2025-03-16T09:48:22.1786635Z Purging /opt/pipx_bin
2025-03-16T09:48:23.1467061Z Purging /opt/hostedtoolcache/CodeQL
2025-03-16T09:48:23.1610040Z Purging /opt/hostedtoolcache/Java_Temurin-Hotspot_jdk
2025-03-16T09:48:23.4013489Z Purging /opt/hostedtoolcache/PyPy
2025-03-16T09:48:24.5270769Z Purging /opt/hostedtoolcache/Python
2025-03-16T09:48:24.6815492Z Purging /opt/hostedtoolcache/Ruby
2025-03-16T09:48:25.7039084Z Purging /opt/hostedtoolcache/go
2025-03-16T09:48:26.1268328Z Purging /opt/hostedtoolcache/node
2025-03-16T09:48:26.1405301Z Purging '/usr/lib/llvm-*'
2025-03-16T09:48:26.1534288Z Purging /usr/local/bin/ccmake
2025-03-16T09:48:26.1657510Z Purging /usr/local/bin/cmake
2025-03-16T09:48:26.1780905Z Purging /usr/local/bin/cmake-gui
2025-03-16T09:48:26.1899383Z Purging /usr/local/bin/cpack
2025-03-16T09:48:26.2023169Z Purging /usr/local/bin/ctest
2025-03-16T09:48:26.4696107Z Purging /usr/local/share/cmake-3.31
2025-03-16T09:48:26.4833621Z Purging '/usr/local/*cmake*'
2025-03-16T09:48:26.4960045Z Purging /usr/local/bin/ccmake
2025-03-16T09:48:26.5085481Z Purging /usr/local/bin/cmake
2025-03-16T09:48:26.5209000Z Purging /usr/local/bin/cmake-gui
2025-03-16T09:48:26.8656622Z Purging /usr/local/doc/cmake
2025-03-16T09:48:26.8804549Z Purging /usr/local/share/cmake-3.31
2025-03-16T09:48:26.8934327Z Purging /opt/microsoft/powershell
2025-03-16T09:48:27.0596082Z Purging /usr/local/share/powershell
2025-03-16T09:48:27.0739964Z Purging /usr/share/rust
2025-03-16T09:48:27.0877867Z Purging /home/runner/.cargo
2025-03-16T09:48:27.1318494Z Purging /home/runner/.rustup
2025-03-16T09:48:27.1538456Z Purging /etc/skel/.rustup
2025-03-16T09:48:27.1681514Z Purging /etc/skel/.cargo
2025-03-16T09:48:27.1833932Z Purging /etc/.rustup
2025-03-16T09:48:27.1962876Z Purging /etc/.cargo
2025-03-16T09:48:27.2107156Z Purging /usr/local/bin/stack
2025-03-16T09:48:27.2247605Z Purging /home/runner/.ghcup
2025-03-16T09:48:27.2383623Z Purging /usr/local/.ghcup
2025-03-16T09:48:27.2549678Z Purging /usr/share/kotlinc
2025-03-16T09:48:27.2679860Z Purging /usr/bin/kotlin
2025-03-16T09:48:27.2815878Z Purging /usr/bin/kotlinc
2025-03-16T09:48:27.2953053Z Purging /usr/bin/kotlinc-js
2025-03-16T09:48:27.3087039Z Purging /usr/bin/kotlinc-jvm
2025-03-16T09:48:27.9934458Z Purging /usr/local/lib/node_modules
2025-03-16T09:48:28.0066147Z Purging /usr/bin/julia
2025-03-16T09:48:28.1567045Z Purging /usr/share/swift
2025-03-16T09:48:28.1701838Z Purging /usr/local/bin/swift
2025-03-16T09:48:28.1821141Z Purging /usr/local/bin/swiftc
2025-03-16T09:48:28.1955654Z Purging /var/cache/snapd
2025-03-16T09:48:28.2076353Z Purging /home/runner/snap
2025-03-16T09:48:28.2194828Z Purging '/usr/share/firebird*'
2025-03-16T09:48:28.2313873Z Purging /usr/share/sbt
2025-03-16T09:48:28.2437008Z Purging /usr/bin/sbt
2025-03-16T09:48:28.2554776Z Purging '/usr/local/share/phantomjs*'
2025-03-16T09:48:28.2671037Z Purging /usr/local/bin/phantomjs
2025-03-16T09:48:28.2786869Z Purging /usr/local/bin/packer
2025-03-16T09:48:28.2910699Z Purging /usr/local/lib/lein
2025-03-16T09:48:28.3065475Z Purging /usr/local/bin/lein
2025-03-16T09:48:28.3657497Z Purging /usr/local/bin/pulumi
2025-03-16T09:48:28.3788266Z Purging /usr/local/bin/pulumi-analyzer-policy
2025-03-16T09:48:28.3910721Z Purging /usr/local/bin/pulumi-analyzer-policy-python
2025-03-16T09:48:28.4031430Z Purging /usr/local/bin/pulumi-language-dotnet
2025-03-16T09:48:28.4151205Z Purging /usr/local/bin/pulumi-language-go
2025-03-16T09:48:28.4270390Z Purging /usr/local/bin/pulumi-language-java
2025-03-16T09:48:28.4395218Z Purging /usr/local/bin/pulumi-language-nodejs
2025-03-16T09:48:28.4512950Z Purging /usr/local/bin/pulumi-language-python
2025-03-16T09:48:28.4631050Z Purging /usr/local/bin/pulumi-language-python-exec
2025-03-16T09:48:28.4749029Z Purging /usr/local/bin/pulumi-language-yaml
2025-03-16T09:48:28.4869841Z Purging /usr/local/bin/pulumi-resource-pulumi-nodejs
2025-03-16T09:48:28.4991557Z Purging /usr/local/bin/pulumi-resource-pulumi-python
2025-03-16T09:48:28.5111578Z Purging /usr/local/bin/pulumi-watch
2025-03-16T09:48:29.1000879Z Purging /usr/share/miniconda
2025-03-16T09:48:29.1160260Z Purging /usr/bin/conda
2025-03-16T09:48:29.6853308Z Purging /usr/local/julia1.11.3
2025-03-16T09:48:59.1505203Z Purging /usr/local/lib/android/sdk/platforms
2025-03-16T09:48:59.1506693Z Purging /usr/local/lib/android
2025-03-16T09:48:59.4601070Z ##[endgroup]
2025-03-16T09:48:59.4601582Z ##[group] {[-]}  Clearing Journal Logs
2025-03-16T09:48:59.5203815Z Deleted archived journal /var/log/journal/535775dee4ec41a99b3a798bb20d5683/system@285dfac7f22545d4aa24f93526abc3ed-000000000000318d-000630235227aa6d.journal (4.0M).
2025-03-16T09:48:59.5208540Z Deleted archived journal /var/log/journal/535775dee4ec41a99b3a798bb20d5683/user-1001@285dfac7f22545d4aa24f93526abc3ed-00000000000031ad-00063023522afb3b.journal (3.6M).
2025-03-16T09:48:59.5218161Z Deleted archived journal /var/log/journal/535775dee4ec41a99b3a798bb20d5683/system@ad5be8ad6159460e8b9de190035c863e-00000000000034d3-00063072766d0577.journal (4.2M).
2025-03-16T09:48:59.5228228Z Deleted archived journal /var/log/journal/535775dee4ec41a99b3a798bb20d5683/user-1001@ad5be8ad6159460e8b9de190035c863e-000000000000395c-000630727701ef4b.journal (3.8M).
2025-03-16T09:48:59.5237328Z Deleted archived journal /var/log/journal/535775dee4ec41a99b3a798bb20d5683/system@ad5be8ad6159460e8b9de190035c863e-000000000000395d-000630727703437f.journal (4.0M).
2025-03-16T09:48:59.5238998Z Vacuuming done, freed 19.8M of archived journals from /var/log/journal/535775dee4ec41a99b3a798bb20d5683.
2025-03-16T09:48:59.5239991Z Vacuuming done, freed 0B of archived journals from /var/log/journal.
2025-03-16T09:48:59.5240786Z Vacuuming done, freed 0B of archived journals from /run/log/journal.
2025-03-16T09:48:59.7593010Z ##[endgroup]
2025-03-16T09:48:59.7593650Z ##[group]<{[>]}> Free Disk Space After Cleanup <{[<]}>
2025-03-16T09:48:59.8184788Z Use%  Used  Avail
2025-03-16T09:48:59.8187032Z   6% 4100M 69210M
2025-03-16T09:48:59.8195237Z ##[endgroup]
2025-03-16T09:48:59.8287543Z ##[group]Run pierotofy/set-swap-space@master
2025-03-16T09:48:59.8287879Z with:
2025-03-16T09:48:59.8288087Z   swap-size-gb: 24
2025-03-16T09:48:59.8288308Z env:
2025-03-16T09:48:59.8288832Z   GITHUB_TOKEN: ***
2025-03-16T09:48:59.8289057Z ##[endgroup]
2025-03-16T09:48:59.8308484Z ##[group]Run echo "Memory and swap:"
2025-03-16T09:48:59.8308826Z [36;1mecho "Memory and swap:"[0m
2025-03-16T09:48:59.8309124Z [36;1mfree -h[0m
2025-03-16T09:48:59.8309346Z [36;1mecho[0m
2025-03-16T09:48:59.8309560Z [36;1mswapon --show[0m
2025-03-16T09:48:59.8309794Z [36;1mecho[0m
2025-03-16T09:48:59.8335032Z shell: /usr/bin/bash --noprofile --norc -e -o pipefail {0}
2025-03-16T09:48:59.8335593Z env:
2025-03-16T09:48:59.8335997Z   GITHUB_TOKEN: ***
2025-03-16T09:48:59.8336233Z ##[endgroup]
2025-03-16T09:48:59.8387042Z Memory and swap:
2025-03-16T09:48:59.8422962Z                total        used        free      shared  buff/cache   available
2025-03-16T09:48:59.8423670Z Mem:            15Gi       1.0Gi       9.5Gi        59Mi       5.5Gi        14Gi
2025-03-16T09:48:59.8426467Z Swap:          4.0Gi          0B       4.0Gi
2025-03-16T09:48:59.8427038Z 
2025-03-16T09:48:59.8441953Z NAME          TYPE SIZE USED PRIO
2025-03-16T09:48:59.8442618Z /mnt/swapfile file   4G   0B   -2
2025-03-16T09:48:59.8444176Z 
2025-03-16T09:48:59.8490272Z ##[group]Run export SWAP_FILE=$(swapon --show=NAME | tail -n 1)
2025-03-16T09:48:59.8490706Z [36;1mexport SWAP_FILE=$(swapon --show=NAME | tail -n 1)[0m
2025-03-16T09:48:59.8491017Z [36;1mecho "Swap file: $SWAP_FILE"[0m
2025-03-16T09:48:59.8491273Z [36;1mif [ -z "$SWAP_FILE" ]; then[0m
2025-03-16T09:48:59.8491706Z [36;1m  SWAP_FILE=/swapfile[0m
2025-03-16T09:48:59.8491915Z [36;1melse[0m
2025-03-16T09:48:59.8492096Z [36;1m  sudo swapoff $SWAP_FILE[0m
2025-03-16T09:48:59.8492325Z [36;1m  sudo rm $SWAP_FILE[0m
2025-03-16T09:48:59.8492528Z [36;1mfi[0m
2025-03-16T09:48:59.8492712Z [36;1msudo fallocate -l 24G $SWAP_FILE[0m
2025-03-16T09:48:59.8492974Z [36;1msudo chmod 600 $SWAP_FILE[0m
2025-03-16T09:48:59.8493210Z [36;1msudo mkswap $SWAP_FILE[0m
2025-03-16T09:48:59.8493439Z [36;1msudo swapon $SWAP_FILE[0m
2025-03-16T09:48:59.8516146Z shell: /usr/bin/bash --noprofile --norc -e -o pipefail {0}
2025-03-16T09:48:59.8516499Z env:
2025-03-16T09:48:59.8517088Z   GITHUB_TOKEN: ***
2025-03-16T09:48:59.8517380Z ##[endgroup]
2025-03-16T09:48:59.8591352Z Swap file: /mnt/swapfile
2025-03-16T09:49:00.6852800Z Setting up swapspace version 1, size = 24 GiB (25769799680 bytes)
2025-03-16T09:49:00.6853416Z no label, UUID=e63519df-6916-42e1-99a8-d342e57fa86c
2025-03-16T09:49:00.6983569Z ##[group]Run echo "Memory and swap:"
2025-03-16T09:49:00.6983865Z [36;1mecho "Memory and swap:"[0m
2025-03-16T09:49:00.6984075Z [36;1mfree -h[0m
2025-03-16T09:49:00.6984248Z [36;1mecho[0m
2025-03-16T09:49:00.6984421Z [36;1mswapon --show[0m
2025-03-16T09:49:00.6984600Z [36;1mecho[0m
2025-03-16T09:49:00.7006339Z shell: /usr/bin/bash --noprofile --norc -e -o pipefail {0}
2025-03-16T09:49:00.7006645Z env:
2025-03-16T09:49:00.7007069Z   GITHUB_TOKEN: ***
2025-03-16T09:49:00.7007249Z ##[endgroup]
2025-03-16T09:49:00.7047711Z Memory and swap:
2025-03-16T09:49:00.7066519Z                total        used        free      shared  buff/cache   available
2025-03-16T09:49:00.7067174Z Mem:            15Gi       1.0Gi        13Gi        60Mi       1.3Gi        14Gi
2025-03-16T09:49:00.7067726Z Swap:           23Gi          0B        23Gi
2025-03-16T09:49:00.7069207Z 
2025-03-16T09:49:00.7083984Z NAME          TYPE SIZE USED PRIO
2025-03-16T09:49:00.7084668Z /mnt/swapfile file  24G   0B   -2
2025-03-16T09:49:00.7085778Z 
2025-03-16T09:49:00.7110564Z ##[group]Run sudo apt install aria2 -y
2025-03-16T09:49:00.7110855Z [36;1msudo apt install aria2 -y[0m
2025-03-16T09:49:00.7111206Z [36;1mgit clone https://gitlab.com/OrangeFox/misc/scripts.git -b master[0m
2025-03-16T09:49:00.7111534Z [36;1mcd scripts[0m
2025-03-16T09:49:00.7111749Z [36;1msudo bash setup/android_build_env.sh[0m
2025-03-16T09:49:00.7131874Z shell: /usr/bin/bash -e {0}
2025-03-16T09:49:00.7132091Z env:
2025-03-16T09:49:00.7132428Z   GITHUB_TOKEN: ***
2025-03-16T09:49:00.7132612Z ##[endgroup]
2025-03-16T09:49:00.7258036Z 
2025-03-16T09:49:00.7258421Z WARNING: apt does not have a stable CLI interface. Use with caution in scripts.
2025-03-16T09:49:00.7258889Z 
2025-03-16T09:49:00.7386113Z Reading package lists...
2025-03-16T09:49:00.8906886Z Building dependency tree...
2025-03-16T09:49:00.8911687Z Reading state information...
2025-03-16T09:49:01.0526166Z aria2 is already the newest version (1.37.0+debian-1build3).
2025-03-16T09:49:01.0526969Z 0 upgraded, 0 newly installed, 0 to remove and 33 not upgraded.
2025-03-16T09:49:01.0556465Z Cloning into 'scripts'...
2025-03-16T09:49:02.1606117Z 
2025-03-16T09:49:02.1606727Z WARNING: apt does not have a stable CLI interface. Use with caution in scripts.
2025-03-16T09:49:02.1607241Z 
2025-03-16T09:49:02.1736708Z Reading package lists...
2025-03-16T09:49:02.3269576Z Building dependency tree...
2025-03-16T09:49:02.3273598Z Reading state information...
2025-03-16T09:49:02.4885574Z software-properties-common is already the newest version (0.99.49.1).
2025-03-16T09:49:02.4886324Z 0 upgraded, 0 newly installed, 0 to remove and 33 not upgraded.
2025-03-16T09:49:02.4996654Z 
2025-03-16T09:49:02.4997154Z WARNING: apt does not have a stable CLI interface. Use with caution in scripts.
2025-03-16T09:49:02.4997637Z 
2025-03-16T09:49:02.5896780Z Get:1 file:/etc/apt/apt-mirrors.txt Mirrorlist [142 B]
2025-03-16T09:49:02.6607118Z Hit:2 http://azure.archive.ubuntu.com/ubuntu noble InRelease
2025-03-16T09:49:02.6608467Z Hit:6 https://packages.microsoft.com/repos/azure-cli noble InRelease
2025-03-16T09:49:02.6610082Z Get:7 https://packages.microsoft.com/ubuntu/24.04/prod noble InRelease [3599 B]
2025-03-16T09:49:02.6623252Z Get:3 http://azure.archive.ubuntu.com/ubuntu noble-updates InRelease [126 kB]
2025-03-16T09:49:02.6846203Z Get:4 http://azure.archive.ubuntu.com/ubuntu noble-backports InRelease [126 kB]
2025-03-16T09:49:02.6933050Z Get:5 http://azure.archive.ubuntu.com/ubuntu noble-security InRelease [126 kB]
2025-03-16T09:49:02.9967273Z Get:8 https://packages.microsoft.com/ubuntu/24.04/prod noble/main amd64 Packages [22.7 kB]
2025-03-16T09:49:03.0451567Z Get:9 http://azure.archive.ubuntu.com/ubuntu noble-updates/main amd64 Packages [919 kB]
2025-03-16T09:49:03.0514178Z Get:10 http://azure.archive.ubuntu.com/ubuntu noble-updates/main Translation-en [208 kB]
2025-03-16T09:49:03.0535759Z Get:11 http://azure.archive.ubuntu.com/ubuntu noble-updates/main amd64 Components [151 kB]
2025-03-16T09:49:03.0551819Z Get:12 http://azure.archive.ubuntu.com/ubuntu noble-updates/main amd64 c-n-f Metadata [13.4 kB]
2025-03-16T09:49:03.0564373Z Get:13 http://azure.archive.ubuntu.com/ubuntu noble-updates/universe amd64 Packages [1037 kB]
2025-03-16T09:49:03.0658592Z Get:14 http://azure.archive.ubuntu.com/ubuntu noble-updates/universe Translation-en [261 kB]
2025-03-16T09:49:03.0710379Z Get:15 http://azure.archive.ubuntu.com/ubuntu noble-updates/universe amd64 Components [364 kB]
2025-03-16T09:49:03.0737411Z Get:16 http://azure.archive.ubuntu.com/ubuntu noble-updates/universe amd64 c-n-f Metadata [25.8 kB]
2025-03-16T09:49:03.0753207Z Get:17 http://azure.archive.ubuntu.com/ubuntu noble-updates/restricted Translation-en [153 kB]
2025-03-16T09:49:03.0769037Z Get:18 http://azure.archive.ubuntu.com/ubuntu noble-updates/restricted amd64 Components [212 B]
2025-03-16T09:49:03.1227000Z Get:19 http://azure.archive.ubuntu.com/ubuntu noble-updates/restricted amd64 c-n-f Metadata [464 B]
2025-03-16T09:49:03.1237962Z Get:20 http://azure.archive.ubuntu.com/ubuntu noble-updates/multiverse amd64 Components [940 B]
2025-03-16T09:49:03.1252596Z Get:21 http://azure.archive.ubuntu.com/ubuntu noble-updates/multiverse amd64 c-n-f Metadata [656 B]
2025-03-16T09:49:03.1261167Z Get:22 http://azure.archive.ubuntu.com/ubuntu noble-backports/main amd64 Components [208 B]
2025-03-16T09:49:03.1272314Z Get:23 http://azure.archive.ubuntu.com/ubuntu noble-backports/universe amd64 Components [20.0 kB]
2025-03-16T09:49:03.1279598Z Get:24 http://azure.archive.ubuntu.com/ubuntu noble-backports/universe amd64 c-n-f Metadata [1256 B]
2025-03-16T09:49:03.1289875Z Get:25 http://azure.archive.ubuntu.com/ubuntu noble-backports/restricted amd64 Components [216 B]
2025-03-16T09:49:03.1298083Z Get:26 http://azure.archive.ubuntu.com/ubuntu noble-backports/multiverse amd64 Components [212 B]
2025-03-16T09:49:03.1576906Z Get:27 http://azure.archive.ubuntu.com/ubuntu noble-security/main amd64 Packages [670 kB]
2025-03-16T09:49:03.1618044Z Get:28 http://azure.archive.ubuntu.com/ubuntu noble-security/main Translation-en [130 kB]
2025-03-16T09:49:03.1632976Z Get:29 http://azure.archive.ubuntu.com/ubuntu noble-security/main amd64 Components [9028 B]
2025-03-16T09:49:03.1641164Z Get:30 http://azure.archive.ubuntu.com/ubuntu noble-security/main amd64 c-n-f Metadata [6912 B]
2025-03-16T09:49:03.1650431Z Get:31 http://azure.archive.ubuntu.com/ubuntu noble-security/universe amd64 Packages [819 kB]
2025-03-16T09:49:03.1761579Z Get:32 http://azure.archive.ubuntu.com/ubuntu noble-security/universe Translation-en [177 kB]
2025-03-16T09:49:03.2237300Z Get:33 http://azure.archive.ubuntu.com/ubuntu noble-security/universe amd64 Components [52.0 kB]
2025-03-16T09:49:03.2259062Z Get:34 http://azure.archive.ubuntu.com/ubuntu noble-security/universe amd64 c-n-f Metadata [16.9 kB]
2025-03-16T09:49:03.2274939Z Get:35 http://azure.archive.ubuntu.com/ubuntu noble-security/restricted amd64 Packages [726 kB]
2025-03-16T09:49:03.2316920Z Get:36 http://azure.archive.ubuntu.com/ubuntu noble-security/restricted Translation-en [146 kB]
2025-03-16T09:49:03.2335750Z Get:37 http://azure.archive.ubuntu.com/ubuntu noble-security/restricted amd64 Components [212 B]
2025-03-16T09:49:03.2342598Z Get:38 http://azure.archive.ubuntu.com/ubuntu noble-security/restricted amd64 c-n-f Metadata [432 B]
2025-03-16T09:49:03.2353177Z Get:39 http://azure.archive.ubuntu.com/ubuntu noble-security/multiverse amd64 Components [208 B]
2025-03-16T09:49:03.2361909Z Get:40 http://azure.archive.ubuntu.com/ubuntu noble-security/multiverse amd64 c-n-f Metadata [448 B]
2025-03-16T09:49:08.5761487Z Fetched 6313 kB in 1s (5641 kB/s)
2025-03-16T09:49:13.5027294Z Reading package lists...
2025-03-16T09:49:13.6438365Z Building dependency tree...
2025-03-16T09:49:13.6442372Z Reading state information...
2025-03-16T09:49:13.6563953Z 37 packages can be upgraded. Run 'apt list --upgradable' to see them.
2025-03-16T09:49:13.6680986Z 
2025-03-16T09:49:13.6681397Z WARNING: apt does not have a stable CLI interface. Use with caution in scripts.
2025-03-16T09:49:13.6681885Z 
2025-03-16T09:49:13.6808876Z Reading package lists...
2025-03-16T09:49:13.8246030Z Building dependency tree...
2025-03-16T09:49:13.8250254Z Reading state information...
2025-03-16T09:49:13.8386834Z Package lsb-core is not available, but is referred to by another package.
2025-03-16T09:49:13.8387534Z This may mean that the package is missing, has been obsoleted, or
2025-03-16T09:49:13.8388076Z is only available from another source
2025-03-16T09:49:13.8388278Z 
2025-03-16T09:49:13.8392998Z E: Package 'lsb-core' has no installation candidate
2025-03-16T09:49:13.8585759Z 
2025-03-16T09:49:13.8586241Z WARNING: apt does not have a stable CLI interface. Use with caution in scripts.
2025-03-16T09:49:13.8586730Z 
2025-03-16T09:49:13.8708790Z Reading package lists...
2025-03-16T09:49:14.0185295Z Building dependency tree...
2025-03-16T09:49:14.0189738Z Reading state information...
2025-03-16T09:49:14.1903830Z Package python-all-dev is not available, but is referred to by another package.
2025-03-16T09:49:14.1904866Z This may mean that the package is missing, has been obsoleted, or
2025-03-16T09:49:14.1905305Z is only available from another source
2025-03-16T09:49:14.1905873Z 
2025-03-16T09:49:14.1926899Z E: Unable to locate package lib32ncurses5-dev
2025-03-16T09:49:14.1927213Z E: Unable to locate package libtinfo5
2025-03-16T09:49:14.1927468Z E: Unable to locate package python2.7
2025-03-16T09:49:14.1927746Z E: Couldn't find any package by glob 'python2.7'
2025-03-16T09:49:14.1928081Z E: Package 'python-all-dev' has no installation candidate
2025-03-16T09:49:14.1945655Z Installing GitHub CLI
2025-03-16T09:49:14.2365114Z 4+1 records in
2025-03-16T09:49:14.2365612Z 4+1 records out
2025-03-16T09:49:14.2365967Z 2270 bytes (2.3 kB, 2.2 KiB) copied, 0.0346923 s, 65.4 kB/s
2025-03-16T09:49:14.2614687Z 
2025-03-16T09:49:14.2615227Z WARNING: apt does not have a stable CLI interface. Use with caution in scripts.
2025-03-16T09:49:14.2615824Z 
2025-03-16T09:49:14.3174028Z Get:1 file:/etc/apt/apt-mirrors.txt Mirrorlist [142 B]
2025-03-16T09:49:14.3430357Z Get:6 https://cli.github.com/packages stable InRelease [3917 B]
2025-03-16T09:49:14.3519553Z Hit:2 http://azure.archive.ubuntu.com/ubuntu noble InRelease
2025-03-16T09:49:14.3540224Z Hit:3 http://azure.archive.ubuntu.com/ubuntu noble-updates InRelease
2025-03-16T09:49:14.3547595Z Hit:4 http://azure.archive.ubuntu.com/ubuntu noble-backports InRelease
2025-03-16T09:49:14.3556554Z Hit:5 http://azure.archive.ubuntu.com/ubuntu noble-security InRelease
2025-03-16T09:49:14.3607747Z Hit:7 https://packages.microsoft.com/repos/azure-cli noble InRelease
2025-03-16T09:49:14.3657740Z Hit:8 https://packages.microsoft.com/ubuntu/24.04/prod noble InRelease
2025-03-16T09:49:14.5300902Z Get:9 https://cli.github.com/packages stable/main amd64 Packages [343 B]
2025-03-16T09:49:14.8300745Z Fetched 4260 B in 0s (10.3 kB/s)
2025-03-16T09:49:15.4670747Z Reading package lists...
2025-03-16T09:49:15.6004818Z Building dependency tree...
2025-03-16T09:49:15.6008631Z Reading state information...
2025-03-16T09:49:15.6131959Z 37 packages can be upgraded. Run 'apt list --upgradable' to see them.
2025-03-16T09:49:15.6246686Z 
2025-03-16T09:49:15.6247079Z WARNING: apt does not have a stable CLI interface. Use with caution in scripts.
2025-03-16T09:49:15.6373740Z 
2025-03-16T09:49:15.6374163Z Reading package lists...
2025-03-16T09:49:15.7970935Z Building dependency tree...
2025-03-16T09:49:15.7975178Z Reading state information...
2025-03-16T09:49:15.9533190Z The following NEW packages will be installed:
2025-03-16T09:49:15.9538156Z   gh
2025-03-16T09:49:16.3047863Z 0 upgraded, 1 newly installed, 0 to remove and 37 not upgraded.
2025-03-16T09:49:16.3048269Z Need to get 14.0 MB of archives.
2025-03-16T09:49:16.3048594Z After this operation, 44.0 MB of additional disk space will be used.
2025-03-16T09:49:16.3049082Z Get:1 https://cli.github.com/packages stable/main amd64 gh amd64 2.68.1 [14.0 MB]
2025-03-16T09:49:16.5987565Z Fetched 14.0 MB in 0s (33.1 MB/s)
2025-03-16T09:49:16.6345831Z Selecting previously unselected package gh.
2025-03-16T09:49:16.6383089Z (Reading database ... 
2025-03-16T09:49:16.6383484Z (Reading database ... 5%
2025-03-16T09:49:16.6383818Z (Reading database ... 10%
2025-03-16T09:49:16.6384095Z (Reading database ... 15%
2025-03-16T09:49:16.6384294Z (Reading database ... 20%
2025-03-16T09:49:16.6384492Z (Reading database ... 25%
2025-03-16T09:49:16.6384685Z (Reading database ... 30%
2025-03-16T09:49:16.6384882Z (Reading database ... 35%
2025-03-16T09:49:16.6385076Z (Reading database ... 40%
2025-03-16T09:49:16.6385274Z (Reading database ... 45%
2025-03-16T09:49:16.6385735Z (Reading database ... 50%
2025-03-16T09:49:16.6480058Z (Reading database ... 55%
2025-03-16T09:49:16.6487967Z (Reading database ... 60%
2025-03-16T09:49:16.6503850Z (Reading database ... 65%
2025-03-16T09:49:16.6519339Z (Reading database ... 70%
2025-03-16T09:49:16.6529689Z (Reading database ... 75%
2025-03-16T09:49:16.6543976Z (Reading database ... 80%
2025-03-16T09:49:16.6570133Z (Reading database ... 85%
2025-03-16T09:49:16.6586456Z (Reading database ... 90%
2025-03-16T09:49:16.6606044Z (Reading database ... 95%
2025-03-16T09:49:16.6606398Z (Reading database ... 100%
2025-03-16T09:49:16.6606858Z (Reading database ... 74445 files and directories currently installed.)
2025-03-16T09:49:16.6621674Z Preparing to unpack .../archives/gh_2.68.1_amd64.deb ...
2025-03-16T09:49:16.6674603Z Unpacking gh (2.68.1) ...
2025-03-16T09:49:16.9305752Z Setting up gh (2.68.1) ...
2025-03-16T09:49:18.1462579Z 
2025-03-16T09:49:18.1463158Z Running kernel seems to be up-to-date.
2025-03-16T09:49:18.1463530Z 
2025-03-16T09:49:18.1463681Z No services need to be restarted.
2025-03-16T09:49:18.1463960Z 
2025-03-16T09:49:18.1464114Z No containers need to be restarted.
2025-03-16T09:49:18.1464371Z 
2025-03-16T09:49:18.1464501Z No user sessions are running outdated binaries.
2025-03-16T09:49:18.1464731Z 
2025-03-16T09:49:18.1467091Z No VM guests are running outdated hypervisor (qemu) binaries on this host.
2025-03-16T09:49:18.9695178Z Setting up udev rules for adb!
2025-03-16T09:49:18.9802822Z   % Total    % Received % Xferd  Average Speed   Time    Time     Time  Current
2025-03-16T09:49:18.9803507Z                                  Dload  Upload   Total   Spent    Left  Speed
2025-03-16T09:49:18.9803834Z 
2025-03-16T09:49:19.1859557Z   0     0    0     0    0     0      0      0 --:--:-- --:--:-- --:--:--     0
2025-03-16T09:49:19.1860310Z 100 38814  100 38814    0     0   184k      0 --:--:-- --:--:-- --:--:--  184k
2025-03-16T09:49:19.1860925Z Warning: Got more output options than URLs
2025-03-16T09:49:19.2901569Z Installing repo
2025-03-16T09:49:19.3007019Z   % Total    % Received % Xferd  Average Speed   Time    Time     Time  Current
2025-03-16T09:49:19.3007681Z                                  Dload  Upload   Total   Spent    Left  Speed
2025-03-16T09:49:19.3008017Z 
2025-03-16T09:49:19.3493973Z   0     0    0     0    0     0      0      0 --:--:-- --:--:-- --:--:--     0
2025-03-16T09:49:19.3494569Z 100 44873  100 44873    0     0   897k      0 --:--:-- --:--:-- --:--:--  912k
2025-03-16T09:49:19.3496248Z Warning: Got more output options than URLs
2025-03-16T09:49:19.3655065Z ##[group]Run mkdir -p ${GITHUB_WORKSPACE}/OrangeFox
2025-03-16T09:49:19.3655657Z [36;1mmkdir -p ${GITHUB_WORKSPACE}/OrangeFox[0m
2025-03-16T09:49:19.3655938Z [36;1mcd ${GITHUB_WORKSPACE}/OrangeFox[0m
2025-03-16T09:49:19.3656219Z [36;1mgit config --global user.name "Ricefishfish"[0m
2025-03-16T09:49:19.3656655Z [36;1mgit config --global user.email "153832505+Ricefishfish@users.noreply.github.com"[0m
2025-03-16T09:49:19.3657136Z [36;1mgit clone https://gitlab.com/OrangeFox/sync.git -b master[0m
2025-03-16T09:49:19.3657441Z [36;1mcd sync[0m
2025-03-16T09:49:19.3657743Z [36;1m./orangefox_sync.sh --branch 12.1 --path ${GITHUB_WORKSPACE}/OrangeFox/fox_12.1[0m
2025-03-16T09:49:19.3678807Z shell: /usr/bin/bash -e {0}
2025-03-16T09:49:19.3679020Z env:
2025-03-16T09:49:19.3679522Z   GITHUB_TOKEN: ***
2025-03-16T09:49:19.3679726Z ##[endgroup]
2025-03-16T09:49:19.3773956Z Cloning into 'sync'...
2025-03-16T09:49:20.1169044Z ./orangefox_sync.sh, v20250224
2025-03-16T09:49:20.1182972Z -- Starting the script ...
2025-03-16T09:49:20.1183822Z -- The new build system will be located in "/home/runner/work/OrangeFox-Action-Builder/OrangeFox-Action-Builder/OrangeFox/fox_12.1"
2025-03-16T09:49:20.1198554Z -- Initialising the twrp-12.1 minimal manifest repo ...
2025-03-16T09:49:22.1415231Z 
2025-03-16T09:49:22.1416379Z repo has been initialized in /home/runner/work/OrangeFox-Action-Builder/OrangeFox-Action-Builder/OrangeFox/fox_12.1
2025-03-16T09:49:22.1677445Z -- Done.
2025-03-16T09:49:22.1677864Z -- Syncing the twrp-12.1 minimal manifest repo ...
2025-03-16T09:51:45.9761896Z Updating files:  80% (7776/9655)
2025-03-16T09:51:45.9883438Z Updating files:  81% (7821/9655)
2025-03-16T09:51:45.9999567Z Updating files:  82% (7918/9655)
2025-03-16T09:51:46.0206283Z Updating files:  83% (8014/9655)
2025-03-16T09:51:46.0294070Z Updating files:  84% (8111/9655)
2025-03-16T09:51:46.0418956Z Updating files:  85% (8207/9655)
2025-03-16T09:51:46.0489213Z Updating files:  86% (8304/9655)
2025-03-16T09:51:46.0784138Z Updating files:  87% (8400/9655)
2025-03-16T09:51:46.0860666Z Updating files:  88% (8497/9655)
2025-03-16T09:51:46.0961867Z Updating files:  89% (8593/9655)
2025-03-16T09:51:46.1011956Z Updating files:  90% (8690/9655)
2025-03-16T09:51:46.1082280Z Updating files:  91% (8787/9655)
2025-03-16T09:51:46.2245791Z Updating files:  92% (8883/9655)
2025-03-16T09:51:46.2689254Z Updating files:  93% (8980/9655)
2025-03-16T09:51:46.2774479Z Updating files:  94% (9076/9655)
2025-03-16T09:51:46.2898883Z Updating files:  95% (9173/9655)
2025-03-16T09:51:46.3025635Z Updating files:  96% (9269/9655)
2025-03-16T09:51:46.3082600Z Updating files:  97% (9366/9655)
2025-03-16T09:51:46.3127101Z Updating files:  98% (9462/9655)
2025-03-16T09:51:46.3182965Z Updating files:  99% (9559/9655)
2025-03-16T09:51:46.3183512Z Updating files: 100% (9655/9655)
2025-03-16T09:51:46.3184007Z Updating files: 100% (9655/9655), done.
2025-03-16T09:51:47.1626276Z Updating files:  81% (10265/12660)
2025-03-16T09:51:47.1964418Z Updating files:  82% (10382/12660)
2025-03-16T09:51:47.2113161Z Updating files:  83% (10508/12660)
2025-03-16T09:51:47.2184991Z Updating files:  84% (10635/12660)
2025-03-16T09:51:47.2292617Z Updating files:  85% (10761/12660)
2025-03-16T09:51:47.2586250Z Updating files:  86% (10888/12660)
2025-03-16T09:51:47.2826344Z Updating files:  87% (11015/12660)
2025-03-16T09:51:47.2890751Z Updating files:  88% (11141/12660)
2025-03-16T09:51:47.3032064Z Updating files:  89% (11268/12660)
2025-03-16T09:51:47.3101437Z Updating files:  90% (11394/12660)
2025-03-16T09:51:47.3181605Z Updating files:  91% (11521/12660)
2025-03-16T09:51:47.3270805Z Updating files:  92% (11648/12660)
2025-03-16T09:51:47.3342656Z Updating files:  93% (11774/12660)
2025-03-16T09:51:47.3410440Z Updating files:  94% (11901/12660)
2025-03-16T09:51:47.3485891Z Updating files:  95% (12027/12660)
2025-03-16T09:51:47.3595967Z Updating files:  96% (12154/12660)
2025-03-16T09:51:47.3851765Z Updating files:  97% (12281/12660)
2025-03-16T09:51:47.4018012Z Updating files:  98% (12407/12660)
2025-03-16T09:51:47.4142498Z Updating files:  99% (12534/12660)
2025-03-16T09:51:47.4143057Z Updating files: 100% (12660/12660)
2025-03-16T09:51:47.4143453Z Updating files: 100% (12660/12660), done.
2025-03-16T09:51:48.5656584Z Updating files:  47% (5249/11068)
2025-03-16T09:51:48.6703997Z Updating files:  48% (5313/11068)
2025-03-16T09:51:48.6812366Z Updating files:  49% (5424/11068)
2025-03-16T09:51:48.6996962Z Updating files:  50% (5534/11068)
2025-03-16T09:51:48.7179032Z Updating files:  51% (5645/11068)
2025-03-16T09:51:48.7348708Z Updating files:  52% (5756/11068)
2025-03-16T09:51:48.7934393Z Updating files:  53% (5867/11068)
2025-03-16T09:51:48.8120618Z Updating files:  54% (5977/11068)
2025-03-16T09:51:48.8253416Z Updating files:  55% (6088/11068)
2025-03-16T09:51:48.8448775Z Updating files:  56% (6199/11068)
2025-03-16T09:51:48.8623122Z Updating files:  57% (6309/11068)
2025-03-16T09:51:48.8981439Z Updating files:  58% (6420/11068)
2025-03-16T09:51:48.9094045Z Updating files:  59% (6531/11068)
2025-03-16T09:51:48.9406175Z Updating files:  60% (6641/11068)
2025-03-16T09:51:48.9691213Z Updating files:  61% (6752/11068)
2025-03-16T09:51:48.9886072Z Updating files:  62% (6863/11068)
2025-03-16T09:51:48.9993907Z Updating files:  63% (6973/11068)
2025-03-16T09:51:49.0125849Z Updating files:  64% (7084/11068)
2025-03-16T09:51:49.1596349Z Updating files:  65% (7195/11068)
2025-03-16T09:51:49.2082821Z Updating files:  66% (7305/11068)
2025-03-16T09:51:49.2435887Z Updating files:  67% (7416/11068)
2025-03-16T09:51:49.2667759Z Updating files:  68% (7527/11068)
2025-03-16T09:51:49.2903955Z Updating files:  69% (7637/11068)
2025-03-16T09:51:49.3127806Z Updating files:  70% (7748/11068)
2025-03-16T09:51:49.4326262Z Updating files:  71% (7859/11068)
2025-03-16T09:51:49.4767839Z Updating files:  72% (7969/11068)
2025-03-16T09:51:49.4937311Z Updating files:  73% (8080/11068)
2025-03-16T09:51:49.5070132Z Updating files:  74% (8191/11068)
2025-03-16T09:51:49.5278736Z Updating files:  75% (8301/11068)
2025-03-16T09:51:49.5353462Z Updating files:  76% (8412/11068)
2025-03-16T09:51:49.5494703Z Updating files:  76% (8459/11068)
2025-03-16T09:51:49.5818209Z Updating files:  77% (8523/11068)
2025-03-16T09:51:49.6048034Z Updating files:  78% (8634/11068)
2025-03-16T09:51:49.6185613Z Updating files:  79% (8744/11068)
2025-03-16T09:51:49.6265594Z Updating files:  80% (8855/11068)
2025-03-16T09:51:49.7334404Z Updating files:  81% (8966/11068)
2025-03-16T09:51:49.8189155Z Updating files:  82% (9076/11068)
2025-03-16T09:51:49.8189590Z Updating files:  24% (5399/21683)
2025-03-16T09:51:49.8557043Z Updating files:  25% (5421/21683)
2025-03-16T09:51:49.8712651Z Updating files:  83% (9187/11068)
2025-03-16T09:51:49.8909972Z Updating files:  26% (5638/21683)
2025-03-16T09:51:49.8913515Z Updating files:  27% (5855/21683)
2025-03-16T09:51:49.9124239Z Updating files:  84% (9298/11068)
2025-03-16T09:51:49.9277847Z Updating files:  28% (6072/21683)
2025-03-16T09:51:49.9286708Z Updating files:  29% (6289/21683)
2025-03-16T09:51:49.9421177Z Updating files:  85% (9408/11068)
2025-03-16T09:51:49.9595993Z Updating files:  86% (9519/11068)
2025-03-16T09:51:49.9597504Z Updating files:  87% (9630/11068)
2025-03-16T09:51:49.9775903Z Updating files:  30% (6505/21683)
2025-03-16T09:51:50.0114609Z Updating files:  88% (9740/11068)
2025-03-16T09:51:50.0126384Z Updating files:  31% (6722/21683)
2025-03-16T09:51:50.0459157Z Updating files:  89% (9851/11068)
2025-03-16T09:51:50.0534590Z Updating files:  90% (9962/11068)
2025-03-16T09:51:50.0807632Z Updating files:  32% (6939/21683)
2025-03-16T09:51:50.0892758Z Updating files:  91% (10072/11068)
2025-03-16T09:51:50.0979351Z Updating files:  33% (7156/21683)
2025-03-16T09:51:50.1157761Z Updating files:  92% (10183/11068)
2025-03-16T09:51:50.1276121Z Updating files:  93% (10294/11068)
2025-03-16T09:51:50.1367262Z Updating files:  94% (10404/11068)
2025-03-16T09:51:50.1476481Z Updating files:  34% (7373/21683)
2025-03-16T09:51:50.2016744Z Updating files:  95% (10515/11068)
2025-03-16T09:51:50.2071357Z Updating files:  35% (7590/21683)
2025-03-16T09:51:50.2578804Z Updating files:  96% (10626/11068)
2025-03-16T09:51:50.2692490Z Updating files:  36% (7806/21683)
2025-03-16T09:51:50.2966721Z Updating files:  97% (10736/11068)
2025-03-16T09:51:50.2967172Z Updating files:  98% (10847/11068)
2025-03-16T09:51:50.4661497Z Updating files:  37% (8023/21683)
2025-03-16T09:51:50.5254563Z Updating files:  38% (8240/21683)
2025-03-16T09:51:50.5381940Z Updating files:  39% (8457/21683)
2025-03-16T09:51:50.5516564Z Updating files:  40% (8674/21683)
2025-03-16T09:51:50.5770548Z Updating files:  99% (10958/11068)
2025-03-16T09:51:50.6171649Z Updating files:  41% (8891/21683)
2025-03-16T09:51:50.6218196Z Updating files:  42% (9107/21683)
2025-03-16T09:51:50.6219093Z Updating files: 100% (11068/11068)
2025-03-16T09:51:50.6219989Z Updating files: 100% (11068/11068), done.
2025-03-16T09:51:50.6766468Z Updating files:  43% (9324/21683)
2025-03-16T09:51:50.6916307Z Updating files:  44% (9541/21683)
2025-03-16T09:51:50.7718256Z Updating files:  45% (9758/21683)
2025-03-16T09:51:50.8170910Z Updating files:  46% (9975/21683)
2025-03-16T09:51:50.8690659Z Updating files:  46% (10002/21683)
2025-03-16T09:51:50.9147261Z Updating files:  47% (10192/21683)
2025-03-16T09:51:50.9352248Z Updating files:  48% (10408/21683)
2025-03-16T09:51:51.0257438Z Updating files:  49% (10625/21683)
2025-03-16T09:51:51.1310598Z Updating files:  50% (10842/21683)
2025-03-16T09:51:51.2347229Z Updating files:  51% (11059/21683)
2025-03-16T09:51:51.3336313Z Updating files:  52% (11276/21683)
2025-03-16T09:51:51.3797026Z Updating files:  53% (11492/21683)
2025-03-16T09:51:51.4245925Z Updating files:  54% (11709/21683)
2025-03-16T09:51:51.5743709Z Updating files:  55% (11926/21683)
2025-03-16T09:51:51.6641674Z Updating files:  56% (12143/21683)
2025-03-16T09:51:51.6716197Z Updating files:  57% (12360/21683)
2025-03-16T09:51:51.6717087Z Updating files:  33% (1964/5834)
2025-03-16T09:51:51.6765525Z Updating files:  34% (1984/5834)
2025-03-16T09:51:51.6839607Z Updating files:  35% (2042/5834)
2025-03-16T09:51:51.6842260Z Updating files:  75% (1756/2311)
2025-03-16T09:51:51.7155226Z Updating files:  76% (1757/2311)
2025-03-16T09:51:51.7186157Z Updating files:  77% (1780/2311)
2025-03-16T09:51:51.7195050Z Updating files:  78% (1803/2311)
2025-03-16T09:51:51.7299934Z Updating files:  36% (2101/5834)
2025-03-16T09:51:51.7565939Z Updating files:  79% (1826/2311)
2025-03-16T09:51:51.7591200Z Updating files:  37% (2159/5834)
2025-03-16T09:51:51.7616312Z Updating files:  80% (1849/2311)
2025-03-16T09:51:51.7626522Z Updating files:  81% (1872/2311)
2025-03-16T09:51:51.7695036Z Updating files:  58% (12577/21683)
2025-03-16T09:51:51.8093151Z Updating files:  82% (1896/2311)
2025-03-16T09:51:51.8129864Z Updating files:  83% (1919/2311)
2025-03-16T09:51:51.8148955Z Updating files:  38% (2217/5834)
2025-03-16T09:51:51.8152889Z Updating files:  39% (2276/5834)
2025-03-16T09:51:51.8161980Z Updating files:  58% (12644/21683)
2025-03-16T09:51:51.8200366Z Updating files:  84% (1942/2311)
2025-03-16T09:51:51.8225841Z Updating files:  85% (1965/2311)
2025-03-16T09:51:51.8258494Z Updating files:  40% (2334/5834)
2025-03-16T09:51:51.8502188Z Updating files:  41% (2392/5834)
2025-03-16T09:51:51.8512662Z Updating files:  42% (2451/5834)
2025-03-16T09:51:51.8527929Z Updating files:  86% (1988/2311)
2025-03-16T09:51:51.8652417Z Updating files:  59% (12793/21683)
2025-03-16T09:51:51.8784660Z Updating files:  87% (2011/2311)
2025-03-16T09:51:51.8785782Z Updating files:  43% (2509/5834)
2025-03-16T09:51:51.8786182Z Updating files:  42% (1996/4664)
2025-03-16T09:51:51.8786536Z Updating files:  43% (2006/4664)
2025-03-16T09:51:51.8951668Z Updating files:  88% (2034/2311)
2025-03-16T09:51:51.9257112Z Updating files:  89% (2057/2311)
2025-03-16T09:51:51.9286348Z Updating files:  44% (2053/4664)
2025-03-16T09:51:51.9287021Z Updating files:  44% (2567/5834)
2025-03-16T09:51:51.9300741Z Updating files:  90% (2080/2311)
2025-03-16T09:51:51.9313588Z Updating files:  60% (13010/21683)
2025-03-16T09:51:51.9391679Z Updating files:  45% (2099/4664)
2025-03-16T09:51:51.9451161Z Updating files:  91% (2104/2311)
2025-03-16T09:51:51.9452017Z Updating files:  92% (2127/2311)
2025-03-16T09:51:51.9541155Z Updating files:  46% (2146/4664)
2025-03-16T09:51:51.9546159Z Updating files:  93% (2150/2311)
2025-03-16T09:51:51.9632214Z Updating files:  45% (2626/5834)
2025-03-16T09:51:51.9656376Z Updating files:  47% (2193/4664)
2025-03-16T09:51:51.9657035Z Updating files:  94% (2173/2311)
2025-03-16T09:51:51.9664935Z Updating files:  46% (2684/5834)
2025-03-16T09:51:51.9759431Z Updating files:  95% (2196/2311)
2025-03-16T09:51:51.9760216Z Updating files:  61% (13227/21683)
2025-03-16T09:51:51.9760705Z Updating files:  96% (2219/2311)
2025-03-16T09:51:51.9772322Z Updating files:  47% (2742/5834)
2025-03-16T09:51:51.9828112Z Updating files:  97% (2242/2311)
2025-03-16T09:51:52.0253666Z Updating files:  48% (2239/4664)
2025-03-16T09:51:52.0386590Z Updating files:  48% (2801/5834)
2025-03-16T09:51:52.0436837Z Updating files:  98% (2265/2311)
2025-03-16T09:51:52.0752925Z Updating files:  99% (2288/2311)
2025-03-16T09:51:52.0753789Z Updating files:  49% (2859/5834)
2025-03-16T09:51:52.0754312Z Updating files: 100% (2311/2311)
2025-03-16T09:51:52.0754793Z Updating files: 100% (2311/2311), done.
2025-03-16T09:51:52.0789690Z Updating files:  49% (2286/4664)
2025-03-16T09:51:52.0914242Z Updating files:  62% (13444/21683)
2025-03-16T09:51:52.1213239Z Updating files:  50% (2917/5834)
2025-03-16T09:51:52.1221542Z Updating files:  51% (2976/5834)
2025-03-16T09:51:52.1601329Z Updating files:  50% (2332/4664)
2025-03-16T09:51:52.2244524Z Updating files:  63% (13661/21683)
2025-03-16T09:51:52.2616456Z Updating files:  52% (3034/5834)
2025-03-16T09:51:52.2794288Z Updating files:  51% (2379/4664)
2025-03-16T09:51:52.3209378Z Updating files:  52% (2426/4664)
2025-03-16T09:51:52.3690505Z Updating files:  53% (3093/5834)
2025-03-16T09:51:52.3824117Z Updating files:  64% (13878/21683)
2025-03-16T09:51:52.4178068Z Updating files:  53% (2472/4664)
2025-03-16T09:51:52.4660554Z Updating files:  54% (3151/5834)
2025-03-16T09:51:52.4742912Z Updating files:  54% (2519/4664)
2025-03-16T09:51:52.4749587Z Updating files:  55% (3209/5834)
2025-03-16T09:51:52.4756654Z Updating files:  55% (2566/4664)
2025-03-16T09:51:52.5237031Z Updating files:  65% (14094/21683)
2025-03-16T09:51:52.5257124Z Updating files:  56% (3268/5834)
2025-03-16T09:51:52.5716452Z Updating files:  56% (2612/4664)
2025-03-16T09:51:52.5732129Z Updating files:  57% (3326/5834)
2025-03-16T09:51:52.5806682Z Updating files:  58% (3384/5834)
2025-03-16T09:51:52.6156482Z Updating files:  57% (2659/4664)
2025-03-16T09:51:52.6296331Z Updating files:  66% (14311/21683)
2025-03-16T09:51:52.6315173Z Updating files:  58% (2706/4664)
2025-03-16T09:51:52.6315895Z Updating files:  59% (2752/4664)
2025-03-16T09:51:52.6387623Z Updating files:  59% (3443/5834)
2025-03-16T09:51:52.6579214Z Updating files:  59% (3487/5834)
2025-03-16T09:51:52.6671632Z Updating files:  60% (3501/5834)
2025-03-16T09:51:52.7306879Z Updating files:  60% (2799/4664)
2025-03-16T09:51:52.7307527Z Updating files:  67% (14528/21683)
2025-03-16T09:51:52.7476455Z Updating files:  61% (3559/5834)
2025-03-16T09:51:52.7476890Z Updating files:  62% (3618/5834)
2025-03-16T09:51:52.7513611Z Updating files:  61% (2846/4664)
2025-03-16T09:51:52.7519337Z Updating files:  62% (2892/4664)
2025-03-16T09:51:52.7654672Z Updating files:  63% (3676/5834)
2025-03-16T09:51:52.7676255Z Updating files:  68% (14745/21683)
2025-03-16T09:51:52.7731854Z Updating files:  64% (3734/5834)
2025-03-16T09:51:52.7914823Z Updating files:  63% (2939/4664)
2025-03-16T09:51:52.7989000Z Updating files:  64% (2985/4664)
2025-03-16T09:51:52.8205169Z Updating files:  65% (3793/5834)
2025-03-16T09:51:52.8251092Z Updating files:  68% (14941/21683)
2025-03-16T09:51:52.8332905Z Updating files:  69% (14962/21683)
2025-03-16T09:51:52.8333324Z Updating files:  66% (3851/5834)
2025-03-16T09:51:52.8575865Z Updating files:  65% (3032/4664)
2025-03-16T09:51:52.8650622Z Updating files:  67% (3909/5834)
2025-03-16T09:51:52.8791013Z Updating files:  66% (3079/4664)
2025-03-16T09:51:52.8849817Z Updating files:  66% (3088/4664)
2025-03-16T09:51:52.8985976Z Updating files:  68% (3968/5834)
2025-03-16T09:51:52.8986571Z Updating files:  70% (15179/21683)
2025-03-16T09:51:52.9067127Z Updating files:  67% (3125/4664)
2025-03-16T09:51:52.9148853Z Updating files:  69% (4026/5834)
2025-03-16T09:51:52.9224554Z Updating files:  68% (3172/4664)
2025-03-16T09:51:52.9457478Z Updating files:  70% (4084/5834)
2025-03-16T09:51:52.9525201Z Updating files:  69% (3219/4664)
2025-03-16T09:51:52.9581378Z Updating files:  71% (15395/21683)
2025-03-16T09:51:52.9655941Z Updating files:  70% (3265/4664)
2025-03-16T09:51:52.9714003Z Updating files:  71% (4143/5834)
2025-03-16T09:51:52.9791726Z Updating files:  71% (3312/4664)
2025-03-16T09:51:52.9938158Z Updating files:  72% (4201/5834)
2025-03-16T09:51:52.9938495Z Updating files:  72% (15612/21683)
2025-03-16T09:51:53.0158892Z Updating files:  73% (4259/5834)
2025-03-16T09:51:53.0159331Z Updating files:  72% (3359/4664)
2025-03-16T09:51:53.0426730Z Updating files:  74% (4318/5834)
2025-03-16T09:51:53.0439949Z Updating files:  73% (3405/4664)
2025-03-16T09:51:53.0567728Z Updating files:  75% (4376/5834)
2025-03-16T09:51:53.0704024Z Updating files:  73% (15829/21683)
2025-03-16T09:51:53.0704508Z Updating files:  74% (3452/4664)
2025-03-16T09:51:53.1166241Z Updating files:  76% (4434/5834)
2025-03-16T09:51:53.1175612Z Updating files:  75% (3498/4664)
2025-03-16T09:51:53.1184235Z Updating files:  76% (3545/4664)
2025-03-16T09:51:53.1311246Z Updating files:  77% (4493/5834)
2025-03-16T09:51:53.1432125Z Updating files:  26% (1167/4416)
2025-03-16T09:51:53.1432486Z Updating files:  77% (3592/4664)
2025-03-16T09:51:53.1432718Z Updating files:  74% (16046/21683)
2025-03-16T09:51:53.1432945Z Updating files:  78% (4551/5834)
2025-03-16T09:51:53.1540635Z Updating files:  27% (1193/4416)
2025-03-16T09:51:53.1682109Z Updating files:  78% (3638/4664)
2025-03-16T09:51:53.1796660Z Updating files:  79% (4609/5834)
2025-03-16T09:51:53.1866557Z Updating files:  79% (3685/4664)
2025-03-16T09:51:53.1895915Z Updating files:  28% (1237/4416)
2025-03-16T09:51:53.1954601Z Updating files:  80% (4668/5834)
2025-03-16T09:51:53.2069898Z Updating files:  80% (3732/4664)
2025-03-16T09:51:53.2070282Z Updating files:  81% (4726/5834)
2025-03-16T09:51:53.2070511Z Updating files:  29% (1281/4416)
2025-03-16T09:51:53.2145999Z Updating files:  30% (1325/4416)
2025-03-16T09:51:53.2147340Z Updating files:  31% (1369/4416)
2025-03-16T09:51:53.2180647Z Updating files:  82% (4784/5834)
2025-03-16T09:51:53.2251290Z Updating files:  83% (4843/5834)
2025-03-16T09:51:53.2257064Z Updating files:  32% (1414/4416)
2025-03-16T09:51:53.2319926Z Updating files:  81% (3778/4664)
2025-03-16T09:51:53.2370821Z Updating files:  75% (16263/21683)
2025-03-16T09:51:53.2468104Z Updating files:  84% (4901/5834)
2025-03-16T09:51:53.2582383Z Updating files:  33% (1458/4416)
2025-03-16T09:51:53.2633739Z Updating files:  85% (4959/5834)
2025-03-16T09:51:53.2688303Z Updating files:  34% (1502/4416)
2025-03-16T09:51:53.2800971Z Updating files:  82% (3825/4664)
2025-03-16T09:51:53.2875858Z Updating files:  86% (5018/5834)
2025-03-16T09:51:53.2969809Z Updating files:  87% (5076/5834)
2025-03-16T09:51:53.2975735Z Updating files:  35% (1546/4416)
2025-03-16T09:51:53.3025006Z Updating files:  76% (16480/21683)
2025-03-16T09:51:53.3077996Z Updating files:  83% (3872/4664)
2025-03-16T09:51:53.3151289Z Updating files:  88% (5134/5834)
2025-03-16T09:51:53.3279084Z Updating files:  89% (5193/5834)
2025-03-16T09:51:53.3356531Z Updating files:  90% (5251/5834)
2025-03-16T09:51:53.3356826Z Updating files:  36% (1590/4416)
2025-03-16T09:51:53.3410685Z Updating files:  91% (5309/5834)
2025-03-16T09:51:53.3411067Z Updating files:  84% (3918/4664)
2025-03-16T09:51:53.3636921Z Updating files:  77% (16696/21683)
2025-03-16T09:51:53.3637359Z Updating files:  37% (1634/4416)
2025-03-16T09:51:53.3783697Z Updating files:  92% (5368/5834)
2025-03-16T09:51:53.3868900Z Updating files:  93% (5426/5834)
2025-03-16T09:51:53.3869189Z Updating files:  85% (3965/4664)
2025-03-16T09:51:53.3944924Z Updating files:  38% (1679/4416)
2025-03-16T09:51:53.3945545Z Updating files:  39% (1723/4416)
2025-03-16T09:51:53.4066851Z Updating files:  94% (5484/5834)
2025-03-16T09:51:53.4067267Z Updating files:  86% (4012/4664)
2025-03-16T09:51:53.4129187Z Updating files:  78% (16913/21683)
2025-03-16T09:51:53.4322676Z Updating files:  95% (5543/5834)
2025-03-16T09:51:53.4323091Z Updating files:  87% (4058/4664)
2025-03-16T09:51:53.4401063Z Updating files:  40% (1767/4416)
2025-03-16T09:51:53.4455863Z Updating files:  88% (4105/4664)
2025-03-16T09:51:53.4540226Z Updating files:  96% (5601/5834)
2025-03-16T09:51:53.4540636Z Updating files:  41% (1811/4416)
2025-03-16T09:51:53.4540873Z Updating files:  79% (17130/21683)
2025-03-16T09:51:53.4541111Z Updating files:  89% (4151/4664)
2025-03-16T09:51:53.4725957Z Updating files:  97% (5659/5834)
2025-03-16T09:51:53.4726360Z Updating files:  90% (4198/4664)
2025-03-16T09:51:53.4734693Z Updating files:  42% (1855/4416)
2025-03-16T09:51:53.4854086Z Updating files:  98% (5718/5834)
2025-03-16T09:51:53.4989409Z Updating files:  91% (4245/4664)
2025-03-16T09:51:53.4989851Z Updating files:  92% (4291/4664)
2025-03-16T09:51:53.4990225Z Updating files:  99% (5776/5834)
2025-03-16T09:51:53.4990595Z Updating files:  80% (17347/21683)
2025-03-16T09:51:53.5107618Z Updating files:  43% (1899/4416)
2025-03-16T09:51:53.5108005Z Updating files: 100% (5834/5834)
2025-03-16T09:51:53.5108366Z Updating files: 100% (5834/5834), done.
2025-03-16T09:51:53.5252593Z Updating files:  44% (1944/4416)
2025-03-16T09:51:53.5378955Z Updating files:  93% (4338/4664)
2025-03-16T09:51:53.5380954Z Updating files:  81% (17564/21683)
2025-03-16T09:51:53.5389272Z Updating files:  45% (1988/4416)
2025-03-16T09:51:53.5463111Z Updating files:  94% (4385/4664)
2025-03-16T09:51:53.5486427Z Updating files:  46% (2032/4416)
2025-03-16T09:51:53.5524483Z Updating files:  95% (4431/4664)
2025-03-16T09:51:53.5530857Z Updating files:  96% (4478/4664)
2025-03-16T09:51:53.5562862Z Updating files:  47% (2076/4416)
2025-03-16T09:51:53.5584992Z Updating files:  82% (17781/21683)
2025-03-16T09:51:53.5597721Z Updating files:  97% (4525/4664)
2025-03-16T09:51:53.5614494Z Updating files:  48% (2120/4416)
2025-03-16T09:51:53.5752818Z Updating files:  98% (4571/4664)
2025-03-16T09:51:53.5833262Z Updating files:  99% (4618/4664)
2025-03-16T09:51:53.5870670Z Updating files:  49% (2164/4416)
2025-03-16T09:51:53.5876582Z Updating files:  50% (2208/4416)
2025-03-16T09:51:53.5944928Z Updating files:  83% (17997/21683)
2025-03-16T09:51:53.5948683Z Updating files: 100% (4664/4664)
2025-03-16T09:51:53.5950864Z Updating files: 100% (4664/4664), done.
2025-03-16T09:51:53.6053851Z Updating files:  51% (2253/4416)
2025-03-16T09:51:53.6100528Z Updating files:  52% (2297/4416)
2025-03-16T09:51:53.6102287Z Updating files:  53% (2341/4416)
2025-03-16T09:51:53.6134849Z Updating files:  84% (18214/21683)
2025-03-16T09:51:53.6240959Z Updating files:  54% (2385/4416)
2025-03-16T09:51:53.6305998Z Updating files:  55% (2429/4416)
2025-03-16T09:51:53.6325838Z Updating files:  56% (2473/4416)
2025-03-16T09:51:53.6377128Z Updating files:  85% (18431/21683)
2025-03-16T09:51:53.6439772Z Updating files:  57% (2518/4416)
2025-03-16T09:51:53.6448264Z Updating files:  58% (2562/4416)
2025-03-16T09:51:53.6526736Z Updating files:  86% (18648/21683)
2025-03-16T09:51:53.6629064Z Updating files:  59% (2606/4416)
2025-03-16T09:51:53.6636994Z Updating files:  87% (18865/21683)
2025-03-16T09:51:53.6751547Z Updating files:  60% (2650/4416)
2025-03-16T09:51:53.6809126Z Updating files:  61% (2694/4416)
2025-03-16T09:51:53.6824646Z Updating files:  88% (19082/21683)
2025-03-16T09:51:53.6954069Z Updating files:  62% (2738/4416)
2025-03-16T09:51:53.7139896Z Updating files:  63% (2783/4416)
2025-03-16T09:51:53.7228630Z Updating files:  64% (2827/4416)
2025-03-16T09:51:53.7312210Z Updating files:  89% (19298/21683)
2025-03-16T09:51:53.7364541Z Updating files:  65% (2871/4416)
2025-03-16T09:51:53.7582310Z Updating files:  66% (2915/4416)
2025-03-16T09:51:53.7610966Z Updating files:  67% (2959/4416)
2025-03-16T09:51:53.7640206Z Updating files:  90% (19515/21683)
2025-03-16T09:51:53.7776502Z Updating files:  68% (3003/4416)
2025-03-16T09:51:53.7803075Z Updating files:  69% (3048/4416)
2025-03-16T09:51:53.7908416Z Updating files:  91% (19732/21683)
2025-03-16T09:51:53.7920142Z Updating files:  92% (19949/21683)
2025-03-16T09:51:53.8307767Z Updating files:  70% (3092/4416)
2025-03-16T09:51:53.8308180Z Updating files:  92% (20088/21683)
2025-03-16T09:51:53.8406332Z Updating files:  71% (3136/4416)
2025-03-16T09:51:53.8630137Z Updating files:  93% (20166/21683)
2025-03-16T09:51:53.8660452Z Updating files:  72% (3180/4416)
2025-03-16T09:51:53.8764625Z Updating files:  94% (20383/21683)
2025-03-16T09:51:53.8841647Z Updating files:  73% (3224/4416)
2025-03-16T09:51:53.8926367Z Updating files:  74% (3268/4416)
2025-03-16T09:51:53.9151039Z Updating files:  95% (20599/21683)
2025-03-16T09:51:53.9265098Z Updating files:  75% (3312/4416)
2025-03-16T09:51:53.9312754Z Updating files:  76% (3357/4416)
2025-03-16T09:51:53.9355737Z Updating files:  96% (20816/21683)
2025-03-16T09:51:53.9520492Z Updating files:  77% (3401/4416)
2025-03-16T09:51:53.9684721Z Updating files:  78% (3445/4416)
2025-03-16T09:51:53.9753210Z Updating files:  79% (3489/4416)
2025-03-16T09:51:53.9757208Z Updating files:  97% (21033/21683)
2025-03-16T09:51:54.0042404Z Updating files:  80% (3533/4416)
2025-03-16T09:51:54.0071757Z Updating files:  98% (21250/21683)
2025-03-16T09:51:54.0146971Z Updating files:  81% (3577/4416)
2025-03-16T09:51:54.0332094Z Updating files:  82% (3622/4416)
2025-03-16T09:51:54.0433973Z Updating files:  83% (3666/4416)
2025-03-16T09:51:54.0434739Z Updating files:  99% (21467/21683)
2025-03-16T09:51:54.0526683Z Updating files:  84% (3710/4416)
2025-03-16T09:51:54.0563775Z Updating files:  85% (3754/4416)
2025-03-16T09:51:54.0604691Z Updating files:  86% (3798/4416)
2025-03-16T09:51:54.0726364Z Updating files:  87% (3842/4416)
2025-03-16T09:51:54.0727197Z Updating files: 100% (21683/21683)
2025-03-16T09:51:54.0731373Z Updating files:  88% (3887/4416)
2025-03-16T09:51:54.0732011Z Updating files: 100% (21683/21683), done.
2025-03-16T09:51:54.0909347Z Updating files:  89% (3931/4416)
2025-03-16T09:51:54.0985024Z Updating files:  90% (3975/4416)
2025-03-16T09:51:54.1037656Z Updating files:  91% (4019/4416)
2025-03-16T09:51:54.1096582Z Updating files:  92% (4063/4416)
2025-03-16T09:51:54.1245018Z Updating files:  93% (4107/4416)
2025-03-16T09:51:54.1277885Z Updating files:  94% (4152/4416)
2025-03-16T09:51:54.1336768Z Updating files:  95% (4196/4416)
2025-03-16T09:51:54.1363253Z Updating files:  95% (4207/4416)
2025-03-16T09:51:54.1401257Z Updating files:  96% (4240/4416)
2025-03-16T09:51:54.1430797Z Updating files:  97% (4284/4416)
2025-03-16T09:51:54.1469812Z Updating files:  98% (4328/4416)
2025-03-16T09:51:54.1614154Z Updating files:  99% (4372/4416)
2025-03-16T09:51:54.1617121Z Updating files: 100% (4416/4416)
2025-03-16T09:51:54.1618738Z Updating files: 100% (4416/4416), done.
2025-03-16T09:51:55.4019981Z Updating files:  66% (5915/8917)
2025-03-16T09:51:55.4106942Z Updating files:  67% (5975/8917)
2025-03-16T09:51:55.4203253Z Updating files:  68% (6064/8917)
2025-03-16T09:51:55.4286984Z Updating files:  69% (6153/8917)
2025-03-16T09:51:55.4376958Z Updating files:  70% (6242/8917)
2025-03-16T09:51:55.4461457Z Updating files:  71% (6332/8917)
2025-03-16T09:51:55.4547962Z Updating files:  72% (6421/8917)
2025-03-16T09:51:55.4640192Z Updating files:  73% (6510/8917)
2025-03-16T09:51:55.4705090Z Updating files:  74% (6599/8917)
2025-03-16T09:51:55.4780994Z Updating files:  75% (6688/8917)
2025-03-16T09:51:55.4878287Z Updating files:  76% (6777/8917)
2025-03-16T09:51:55.5030323Z Updating files:  77% (6867/8917)
2025-03-16T09:51:55.5213792Z Updating files:  78% (6956/8917)
2025-03-16T09:51:55.5298831Z Updating files:  79% (7045/8917)
2025-03-16T09:51:55.5360951Z Updating files:  80% (7134/8917)
2025-03-16T09:51:55.5407150Z Updating files:  81% (7223/8917)
2025-03-16T09:51:55.5443977Z Updating files:  82% (7312/8917)
2025-03-16T09:51:55.5485943Z Updating files:  83% (7402/8917)
2025-03-16T09:51:55.5555969Z Updating files:  84% (7491/8917)
2025-03-16T09:51:55.5571053Z Updating files:  85% (7580/8917)
2025-03-16T09:51:55.5619069Z Updating files:  86% (7669/8917)
2025-03-16T09:51:55.5670616Z Updating files:  87% (7758/8917)
2025-03-16T09:51:55.5713375Z Updating files:  88% (7847/8917)
2025-03-16T09:51:55.5762785Z Updating files:  89% (7937/8917)
2025-03-16T09:51:55.5811174Z Updating files:  90% (8026/8917)
2025-03-16T09:51:55.5847991Z Updating files:  91% (8115/8917)
2025-03-16T09:51:55.5892131Z Updating files:  92% (8204/8917)
2025-03-16T09:51:55.6036244Z Updating files:  93% (8293/8917)
2025-03-16T09:51:55.6083039Z Updating files:  94% (8382/8917)
2025-03-16T09:51:55.6207930Z Updating files:  95% (8472/8917)
2025-03-16T09:51:55.6338174Z Updating files:  96% (8561/8917)
2025-03-16T09:51:55.6398708Z Updating files:  97% (8650/8917)
2025-03-16T09:51:55.6547321Z Updating files:  98% (8739/8917)
2025-03-16T09:51:55.6610716Z Updating files:  99% (8828/8917)
2025-03-16T09:51:55.6614795Z Updating files: 100% (8917/8917)
2025-03-16T09:51:55.6615635Z Updating files: 100% (8917/8917), done.
2025-03-16T09:51:56.1586606Z Updating files:  13% (5612/40099)
2025-03-16T09:51:56.2015936Z Updating files:  14% (5614/40099)
2025-03-16T09:51:56.2322913Z Updating files:  15% (6015/40099)
2025-03-16T09:51:56.2537063Z Updating files:  16% (6416/40099)
2025-03-16T09:51:56.2725134Z Updating files:  17% (6817/40099)
2025-03-16T09:51:56.2996595Z Updating files:  18% (7218/40099)
2025-03-16T09:51:56.3195545Z Updating files:  19% (7619/40099)
2025-03-16T09:51:56.3419390Z Updating files:  20% (8020/40099)
2025-03-16T09:51:56.3639075Z Updating files:  21% (8421/40099)
2025-03-16T09:51:56.3945243Z Updating files:  22% (8822/40099)
2025-03-16T09:51:56.4317996Z Updating files:  23% (9223/40099)
2025-03-16T09:51:56.4348164Z Updating files:  24% (9624/40099)
2025-03-16T09:51:56.4848742Z Updating files:  25% (10025/40099)
2025-03-16T09:51:56.5054478Z Updating files:  26% (10426/40099)
2025-03-16T09:51:56.5406440Z Updating files:  27% (10827/40099)
2025-03-16T09:51:56.5972338Z Updating files:  28% (11228/40099)
2025-03-16T09:51:56.6240811Z Updating files:  29% (11629/40099)
2025-03-16T09:51:56.7116357Z Updating files:  30% (12030/40099)
2025-03-16T09:51:56.7761349Z Updating files:  31% (12431/40099)
2025-03-16T09:51:56.8148058Z Updating files:  32% (12832/40099)
2025-03-16T09:51:56.8442076Z Updating files:  33% (13233/40099)
2025-03-16T09:51:57.0039348Z Updating files:  34% (13634/40099)
2025-03-16T09:51:57.0930204Z Updating files:  35% (14035/40099)
2025-03-16T09:51:57.1682872Z Updating files:  36% (14436/40099)
2025-03-16T09:51:57.2087325Z Updating files:  36% (14750/40099)
2025-03-16T09:51:57.3282844Z Updating files:  37% (14837/40099)
2025-03-16T09:51:57.3781537Z Updating files:  38% (15238/40099)
2025-03-16T09:51:57.4356197Z Updating files:  39% (15639/40099)
2025-03-16T09:51:57.4415285Z Updating files:  40% (16040/40099)
2025-03-16T09:51:57.4441787Z Updating files:  84% (5720/6749)
2025-03-16T09:51:57.4583865Z Updating files:  85% (5737/6749)
2025-03-16T09:51:57.4648454Z Updating files:  86% (5805/6749)
2025-03-16T09:51:57.4711744Z Updating files:  87% (5872/6749)
2025-03-16T09:51:57.4763171Z Updating files:  88% (5940/6749)
2025-03-16T09:51:57.4873198Z Updating files:  89% (6007/6749)
2025-03-16T09:51:57.4944861Z Updating files:  90% (6075/6749)
2025-03-16T09:51:57.5018618Z Updating files:  91% (6142/6749)
2025-03-16T09:51:57.5149176Z Updating files:  92% (6210/6749)
2025-03-16T09:51:57.5486745Z Updating files:  93% (6277/6749)
2025-03-16T09:51:57.5487497Z Updating files:  94% (6345/6749)
2025-03-16T09:51:57.5629016Z Updating files:  41% (16441/40099)
2025-03-16T09:51:57.5799555Z Updating files:  95% (6412/6749)
2025-03-16T09:51:57.5954365Z Updating files:  96% (6480/6749)
2025-03-16T09:51:57.6085810Z Updating files:  97% (6547/6749)
2025-03-16T09:51:57.6225176Z Updating files:  98% (6615/6749)
2025-03-16T09:51:57.6491475Z Updating files:  99% (6682/6749)
2025-03-16T09:51:57.6492440Z Updating files: 100% (6749/6749)
2025-03-16T09:51:57.6493190Z Updating files: 100% (6749/6749), done.
2025-03-16T09:51:57.7302083Z Updating files:  42% (16842/40099)
2025-03-16T09:51:57.7651078Z Updating files:  43% (17243/40099)
2025-03-16T09:51:57.8036837Z Updating files:  44% (17644/40099)
2025-03-16T09:51:57.8447692Z Updating files:  45% (18045/40099)
2025-03-16T09:51:58.0204162Z Updating files:  46% (18446/40099)
2025-03-16T09:51:58.1628899Z Updating files:  47% (18847/40099)
2025-03-16T09:51:58.4509966Z Updating files:  47% (19049/40099)
2025-03-16T09:51:58.5267442Z Updating files:  48% (19248/40099)
2025-03-16T09:51:58.5929220Z Updating files:  78% (742/948)
2025-03-16T09:51:58.6049111Z Updating files:  79% (749/948)
2025-03-16T09:51:58.7218996Z Updating files:   0% (148/16578)
2025-03-16T09:51:58.8427798Z Updating files:  80% (759/948)
2025-03-16T09:51:58.8677063Z Updating files:   1% (166/16578)
2025-03-16T09:51:59.0048052Z Updating files:  81% (768/948)
2025-03-16T09:51:59.0122630Z Updating files:  49% (19649/40099)
2025-03-16T09:51:59.0131073Z Updating files:  51% (204/398)
2025-03-16T09:51:59.0136078Z Updating files:  52% (207/398)
2025-03-16T09:51:59.0157200Z Updating files:  53% (211/398)
2025-03-16T09:51:59.0157577Z Updating files:  54% (215/398)
2025-03-16T09:51:59.0157928Z Updating files:  55% (219/398)
2025-03-16T09:51:59.0164983Z Updating files:  56% (223/398)
2025-03-16T09:51:59.0174288Z Updating files:  57% (227/398)
2025-03-16T09:51:59.0293186Z Updating files:  58% (231/398)
2025-03-16T09:51:59.0297094Z Updating files:  59% (235/398)
2025-03-16T09:51:59.0302113Z Updating files:  60% (239/398)
2025-03-16T09:51:59.0309069Z Updating files:  61% (243/398)
2025-03-16T09:51:59.0319503Z Updating files:  62% (247/398)
2025-03-16T09:51:59.0323026Z Updating files:  63% (251/398)
2025-03-16T09:51:59.0327855Z Updating files:  64% (255/398)
2025-03-16T09:51:59.0329577Z Updating files:  65% (259/398)
2025-03-16T09:51:59.0336474Z Updating files:  66% (263/398)
2025-03-16T09:51:59.0351668Z Updating files:  67% (267/398)
2025-03-16T09:51:59.0353818Z Updating files:  68% (271/398)
2025-03-16T09:51:59.0365652Z Updating files:  69% (275/398)
2025-03-16T09:51:59.0366635Z Updating files:  70% (279/398)
2025-03-16T09:51:59.0367122Z Updating files:  71% (283/398)
2025-03-16T09:51:59.0367590Z Updating files:  72% (287/398)
2025-03-16T09:51:59.0368055Z Updating files:  73% (291/398)
2025-03-16T09:51:59.0368538Z Updating files:  74% (295/398)
2025-03-16T09:51:59.0377805Z Updating files:  75% (299/398)
2025-03-16T09:51:59.0378181Z Updating files:  76% (303/398)
2025-03-16T09:51:59.0409412Z Updating files:  77% (307/398)
2025-03-16T09:51:59.0411372Z Updating files:  78% (311/398)
2025-03-16T09:51:59.0414243Z Updating files:  79% (315/398)
2025-03-16T09:51:59.0420962Z Updating files:  80% (319/398)
2025-03-16T09:51:59.0425938Z Updating files:  81% (323/398)
2025-03-16T09:51:59.0433579Z Updating files:  82% (327/398)
2025-03-16T09:51:59.0445745Z Updating files:  83% (331/398)
2025-03-16T09:51:59.0446113Z Updating files:  84% (335/398)
2025-03-16T09:51:59.0466069Z Updating files:  85% (339/398)
2025-03-16T09:51:59.0466419Z Updating files:  86% (343/398)
2025-03-16T09:51:59.0466767Z Updating files:  87% (347/398)
2025-03-16T09:51:59.0472932Z Updating files:  88% (351/398)
2025-03-16T09:51:59.0478308Z Updating files:  89% (355/398)
2025-03-16T09:51:59.0483617Z Updating files:  90% (359/398)
2025-03-16T09:51:59.0487795Z Updating files:  91% (363/398)
2025-03-16T09:51:59.0500155Z Updating files:  92% (367/398)
2025-03-16T09:51:59.0504637Z Updating files:  93% (371/398)
2025-03-16T09:51:59.0515709Z Updating files:  94% (375/398)
2025-03-16T09:51:59.0516079Z Updating files:  95% (379/398)
2025-03-16T09:51:59.0518727Z Updating files:  96% (383/398)
2025-03-16T09:51:59.1383474Z Updating files:  97% (387/398)
2025-03-16T09:51:59.1876920Z Updating files:  82% (778/948)
2025-03-16T09:51:59.2727062Z Updating files:  49% (19676/40099)
2025-03-16T09:51:59.3269091Z Updating files:  83% (787/948)
2025-03-16T09:51:59.3277821Z Updating files:  84% (797/948)
2025-03-16T09:51:59.3285104Z Updating files:  85% (806/948)
2025-03-16T09:51:59.3291476Z Updating files:  86% (816/948)
2025-03-16T09:51:59.3298558Z Updating files:  87% (825/948)
2025-03-16T09:51:59.3304244Z Updating files:  88% (835/948)
2025-03-16T09:51:59.3308291Z Updating files:  89% (844/948)
2025-03-16T09:51:59.3314607Z Updating files:  90% (854/948)
2025-03-16T09:51:59.3350636Z Updating files:  91% (863/948)
2025-03-16T09:51:59.3365900Z Updating files:  92% (873/948)
2025-03-16T09:51:59.3366688Z Updating files:  93% (882/948)
2025-03-16T09:51:59.3367165Z Updating files:  94% (892/948)
2025-03-16T09:51:59.3367633Z Updating files:  95% (901/948)
2025-03-16T09:51:59.3368092Z Updating files:  96% (911/948)
2025-03-16T09:51:59.3368544Z Updating files:  97% (920/948)
2025-03-16T09:51:59.3369001Z Updating files:  98% (930/948)
2025-03-16T09:51:59.3369468Z Updating files:  99% (939/948)
2025-03-16T09:51:59.3369925Z Updating files: 100% (948/948)
2025-03-16T09:51:59.3370355Z Updating files: 100% (948/948), done.
2025-03-16T09:51:59.6784020Z Updating files:  98% (391/398)
2025-03-16T09:51:59.7706381Z Updating files:  50% (20050/40099)
2025-03-16T09:51:59.7964213Z Updating files:   1% (213/16578)
2025-03-16T09:51:59.8537277Z Updating files:  51% (20451/40099)
2025-03-16T09:51:59.8611296Z Updating files:  52% (20852/40099)
2025-03-16T09:51:59.8629190Z Updating files:  99% (395/398)
2025-03-16T09:51:59.8632125Z Updating files: 100% (398/398)
2025-03-16T09:51:59.8635080Z Updating files: 100% (398/398), done.
2025-03-16T09:51:59.9495923Z Updating files:  53% (21253/40099)
2025-03-16T09:51:59.9793769Z Updating files:  54% (21654/40099)
2025-03-16T09:52:00.0233166Z Updating files:  55% (22055/40099)
2025-03-16T09:52:00.0555251Z Updating files:  56% (22456/40099)
2025-03-16T09:52:00.1667007Z Updating files:  57% (22857/40099)
2025-03-16T09:52:00.5944997Z Updating files:  57% (23160/40099)
2025-03-16T09:52:01.1609210Z Updating files:   1% (220/16578)
2025-03-16T09:52:01.6860013Z Updating files:  57% (23181/40099)
2025-03-16T09:52:01.7839221Z Updating files:   1% (238/16578)
2025-03-16T09:52:01.7844987Z Updating files:  43% (1574/3613)
2025-03-16T09:52:01.7861198Z Updating files:  44% (1590/3613)
2025-03-16T09:52:01.7896452Z Updating files:  45% (1626/3613)
2025-03-16T09:52:01.7914416Z Updating files:  46% (1662/3613)
2025-03-16T09:52:01.7931086Z Updating files:  47% (1699/3613)
2025-03-16T09:52:01.7945786Z Updating files:  48% (1735/3613)
2025-03-16T09:52:01.7960361Z Updating files:  49% (1771/3613)
2025-03-16T09:52:01.8011737Z Updating files:  50% (1807/3613)
2025-03-16T09:52:01.8055505Z Updating files:  51% (1843/3613)
2025-03-16T09:52:01.8135595Z Updating files:  52% (1879/3613)
2025-03-16T09:52:01.8297475Z Updating files:  53% (1915/3613)
2025-03-16T09:52:01.8327745Z Updating files:  54% (1952/3613)
2025-03-16T09:52:01.8401744Z Updating files:  55% (1988/3613)
2025-03-16T09:52:01.8435547Z Updating files:  56% (2024/3613)
2025-03-16T09:52:01.8543163Z Updating files:  57% (2060/3613)
2025-03-16T09:52:01.8947174Z Updating files:  58% (2096/3613)
2025-03-16T09:52:01.9377757Z Updating files:  59% (2132/3613)
2025-03-16T09:52:01.9623722Z Updating files:  60% (2168/3613)
2025-03-16T09:52:01.9795741Z Updating files:  61% (2204/3613)
2025-03-16T09:52:01.9862229Z Updating files:  62% (2241/3613)
2025-03-16T09:52:01.9941890Z Updating files:  63% (2277/3613)
2025-03-16T09:52:01.9993243Z Updating files:  64% (2313/3613)
2025-03-16T09:52:02.0021295Z Updating files:  65% (2349/3613)
2025-03-16T09:52:02.0072786Z Updating files:  66% (2385/3613)
2025-03-16T09:52:02.0114976Z Updating files:  67% (2421/3613)
2025-03-16T09:52:02.0165515Z Updating files:  68% (2457/3613)
2025-03-16T09:52:02.0205767Z Updating files:  69% (2493/3613)
2025-03-16T09:52:02.0487000Z Updating files:  70% (2530/3613)
2025-03-16T09:52:02.3671539Z Updating files:  71% (2566/3613)
2025-03-16T09:52:02.4666337Z Updating files:  72% (2602/3613)
2025-03-16T09:52:02.6117911Z Updating files:  73% (2638/3613)
2025-03-16T09:52:02.8168018Z Updating files:  74% (2674/3613)
2025-03-16T09:52:02.8245584Z Updating files:  11% (1079/9777)
2025-03-16T09:52:02.8254148Z Updating files:  74% (2708/3613)
2025-03-16T09:52:02.9638369Z Updating files:  75% (2710/3613)
2025-03-16T09:52:03.0317186Z Updating files:  76% (2746/3613)
2025-03-16T09:52:03.0393988Z Updating files:   1% (252/16578)
2025-03-16T09:52:03.0605945Z Updating files:  77% (2783/3613)
2025-03-16T09:52:03.1084416Z Updating files:  78% (2819/3613)
2025-03-16T09:52:03.1153205Z Updating files:  79% (2855/3613)
2025-03-16T09:52:03.1167588Z Updating files:  80% (2891/3613)
2025-03-16T09:52:03.1727490Z Updating files:  81% (2927/3613)
2025-03-16T09:52:03.1761287Z Updating files:  82% (2963/3613)
2025-03-16T09:52:03.1785123Z Updating files:  83% (2999/3613)
2025-03-16T09:52:03.1802747Z Updating files:  84% (3035/3613)
2025-03-16T09:52:03.1820759Z Updating files:  85% (3072/3613)
2025-03-16T09:52:03.1840516Z Updating files:  86% (3108/3613)
2025-03-16T09:52:03.1860318Z Updating files:  87% (3144/3613)
2025-03-16T09:52:03.2706201Z Updating files:  88% (3180/3613)
2025-03-16T09:52:03.3665001Z Updating files:  89% (3216/3613)
2025-03-16T09:52:03.3719339Z Updating files:  12% (1174/9777)
2025-03-16T09:52:03.3833299Z Updating files:  13% (1272/9777)
2025-03-16T09:52:03.3936804Z Updating files:  14% (1369/9777)
2025-03-16T09:52:03.4024732Z Updating files:  15% (1467/9777)
2025-03-16T09:52:03.4116043Z Updating files:  16% (1565/9777)
2025-03-16T09:52:03.4144953Z Updating files:  90% (3252/3613)
2025-03-16T09:52:03.4183819Z Updating files:  91% (3288/3613)
2025-03-16T09:52:03.4204741Z Updating files:   2% (332/16578)
2025-03-16T09:52:03.4265593Z Updating files:  17% (1663/9777)
2025-03-16T09:52:03.4325652Z Updating files:  18% (1760/9777)
2025-03-16T09:52:03.4407199Z Updating files:  19% (1858/9777)
2025-03-16T09:52:03.4463425Z Updating files:  20% (1956/9777)
2025-03-16T09:52:03.4499667Z Updating files:  21% (2054/9777)
2025-03-16T09:52:03.4533258Z Updating files:  22% (2151/9777)
2025-03-16T09:52:03.4571982Z Updating files:  23% (2249/9777)
2025-03-16T09:52:03.4606978Z Updating files:  24% (2347/9777)
2025-03-16T09:52:03.4635015Z Updating files:  92% (3324/3613)
2025-03-16T09:52:03.4674176Z Updating files:  25% (2445/9777)
2025-03-16T09:52:03.4680097Z Updating files:  93% (3361/3613)
2025-03-16T09:52:03.4690275Z Updating files:  26% (2543/9777)
2025-03-16T09:52:03.4718458Z Updating files:  94% (3397/3613)
2025-03-16T09:52:03.4798673Z Updating files:  27% (2640/9777)
2025-03-16T09:52:03.4870283Z Updating files:  28% (2738/9777)
2025-03-16T09:52:03.4954766Z Updating files:  29% (2836/9777)
2025-03-16T09:52:03.5034083Z Updating files:  30% (2934/9777)
2025-03-16T09:52:03.5117383Z Updating files:  31% (3031/9777)
2025-03-16T09:52:03.5130914Z Updating files:  95% (3433/3613)
2025-03-16T09:52:03.5131398Z Updating files:  96% (3469/3613)
2025-03-16T09:52:03.5142479Z Updating files:   3% (498/16578)
2025-03-16T09:52:03.5158007Z Updating files:  97% (3505/3613)
2025-03-16T09:52:03.5161627Z Updating files:  98% (3541/3613)
2025-03-16T09:52:03.5197714Z Updating files:  32% (3129/9777)
2025-03-16T09:52:03.5262614Z Updating files:   4% (664/16578)
2025-03-16T09:52:03.5360682Z Updating files:  33% (3227/9777)
2025-03-16T09:52:03.5457569Z Updating files:  34% (3325/9777)
2025-03-16T09:52:03.5560693Z Updating files:  35% (3422/9777)
2025-03-16T09:52:03.5636016Z Updating files:  36% (3520/9777)
2025-03-16T09:52:03.5685478Z Updating files:  37% (3618/9777)
2025-03-16T09:52:03.5709093Z Updating files:   5% (829/16578)
2025-03-16T09:52:03.5781010Z Updating files:  38% (3716/9777)
2025-03-16T09:52:03.5843424Z Updating files:  39% (3814/9777)
2025-03-16T09:52:03.5907348Z Updating files:  40% (3911/9777)
2025-03-16T09:52:03.6005675Z Updating files:  41% (4009/9777)
2025-03-16T09:52:03.6085833Z Updating files:  42% (4107/9777)
2025-03-16T09:52:03.6163234Z Updating files:  43% (4205/9777)
2025-03-16T09:52:03.6173802Z Updating files:  44% (4302/9777)
2025-03-16T09:52:03.6224040Z Updating files:   5% (835/16578)
2025-03-16T09:52:03.6269452Z Updating files:  45% (4400/9777)
2025-03-16T09:52:03.6345054Z Updating files:  46% (4498/9777)
2025-03-16T09:52:03.6400606Z Updating files:  47% (4596/9777)
2025-03-16T09:52:03.6465826Z Updating files:  48% (4693/9777)
2025-03-16T09:52:03.6513607Z Updating files:  49% (4791/9777)
2025-03-16T09:52:03.6559080Z Updating files:  50% (4889/9777)
2025-03-16T09:52:03.6602113Z Updating files:  51% (4987/9777)
2025-03-16T09:52:03.6765980Z Updating files:  52% (5085/9777)
2025-03-16T09:52:03.6825005Z Updating files:  53% (5182/9777)
2025-03-16T09:52:03.6872175Z Updating files:  54% (5280/9777)
2025-03-16T09:52:03.6920935Z Updating files:  55% (5378/9777)
2025-03-16T09:52:03.7019110Z Updating files:  56% (5476/9777)
2025-03-16T09:52:03.7075690Z Updating files:  57% (5573/9777)
2025-03-16T09:52:03.7125657Z Updating files:  58% (5671/9777)
2025-03-16T09:52:03.7189653Z Updating files:  59% (5769/9777)
2025-03-16T09:52:03.7200275Z Updating files:  60% (5867/9777)
2025-03-16T09:52:03.7255832Z Updating files:   6% (995/16578)
2025-03-16T09:52:03.7324562Z Updating files:  61% (5964/9777)
2025-03-16T09:52:03.7371432Z Updating files:  62% (6062/9777)
2025-03-16T09:52:03.7416488Z Updating files:  63% (6160/9777)
2025-03-16T09:52:03.7467400Z Updating files:  64% (6258/9777)
2025-03-16T09:52:03.7535832Z Updating files:  65% (6356/9777)
2025-03-16T09:52:03.7748050Z Updating files:  66% (6453/9777)
2025-03-16T09:52:03.7808893Z Updating files:  67% (6551/9777)
2025-03-16T09:52:03.7874337Z Updating files:  68% (6649/9777)
2025-03-16T09:52:03.7920612Z Updating files:  69% (6747/9777)
2025-03-16T09:52:03.7977317Z Updating files:  70% (6844/9777)
2025-03-16T09:52:03.8020296Z Updating files:  71% (6942/9777)
2025-03-16T09:52:03.8114929Z Updating files:  72% (7040/9777)
2025-03-16T09:52:03.8128402Z Updating files:  73% (7138/9777)
2025-03-16T09:52:03.8211141Z Updating files:  73% (7143/9777)
2025-03-16T09:52:03.8361512Z Updating files:  74% (7235/9777)
2025-03-16T09:52:03.8462348Z Updating files:  75% (7333/9777)
2025-03-16T09:52:03.8585988Z Updating files:  76% (7431/9777)
2025-03-16T09:52:03.9760294Z Updating files:  77% (7529/9777)
2025-03-16T09:52:03.9792177Z Updating files:  78% (7627/9777)
2025-03-16T09:52:03.9812071Z Updating files:   7% (1161/16578)
2025-03-16T09:52:03.9864170Z Updating files:  79% (7724/9777)
2025-03-16T09:52:03.9887399Z Updating files:  80% (7822/9777)
2025-03-16T09:52:03.9904897Z Updating files:  99% (3577/3613)
2025-03-16T09:52:03.9987874Z Updating files:  81% (7920/9777)
2025-03-16T09:52:04.0034047Z Updating files:  82% (8018/9777)
2025-03-16T09:52:04.0081742Z Updating files:  83% (8115/9777)
2025-03-16T09:52:04.0125970Z Updating files:  84% (8213/9777)
2025-03-16T09:52:04.0171992Z Updating files:  85% (8311/9777)
2025-03-16T09:52:04.0220394Z Updating files:  86% (8409/9777)
2025-03-16T09:52:04.0267695Z Updating files:  87% (8506/9777)
2025-03-16T09:52:04.0310601Z Updating files:  88% (8604/9777)
2025-03-16T09:52:04.0349904Z Updating files:  89% (8702/9777)
2025-03-16T09:52:04.0390995Z Updating files:  90% (8800/9777)
2025-03-16T09:52:04.0436031Z Updating files:  91% (8898/9777)
2025-03-16T09:52:04.0479793Z Updating files:  92% (8995/9777)
2025-03-16T09:52:04.0521164Z Updating files:  93% (9093/9777)
2025-03-16T09:52:04.0565306Z Updating files:  94% (9191/9777)
2025-03-16T09:52:04.0605853Z Updating files:  95% (9289/9777)
2025-03-16T09:52:04.0648019Z Updating files:  96% (9386/9777)
2025-03-16T09:52:04.0700206Z Updating files:  97% (9484/9777)
2025-03-16T09:52:04.0747492Z Updating files:  98% (9582/9777)
2025-03-16T09:52:04.0792181Z Updating files:  99% (9680/9777)
2025-03-16T09:52:04.0792578Z Updating files: 100% (9777/9777)
2025-03-16T09:52:04.0792947Z Updating files: 100% (9777/9777), done.
2025-03-16T09:52:04.2132248Z Updating files:   8% (1327/16578)
2025-03-16T09:52:04.3182104Z Updating files:   9% (1493/16578)
2025-03-16T09:52:04.3563733Z Updating files:  10% (1658/16578)
2025-03-16T09:52:04.3767130Z Updating files:  11% (1824/16578)
2025-03-16T09:52:04.4292217Z Updating files:  12% (1990/16578)
2025-03-16T09:52:04.5216435Z Updating files:  13% (2156/16578)
2025-03-16T09:52:04.5656277Z Updating files:  14% (2321/16578)
2025-03-16T09:52:04.6082126Z Updating files:  15% (2487/16578)
2025-03-16T09:52:04.6136375Z Updating files:  15% (2639/16578)
2025-03-16T09:52:04.7082094Z Updating files:  16% (2653/16578)
2025-03-16T09:52:04.8230735Z Updating files:  17% (2819/16578)
2025-03-16T09:52:04.9186685Z Updating files:  18% (2985/16578)
2025-03-16T09:52:05.0128833Z Updating files:  99% (3610/3613)
2025-03-16T09:52:05.0201793Z Updating files:  19% (3150/16578)
2025-03-16T09:52:05.0226124Z Updating files: 100% (3613/3613)
2025-03-16T09:52:05.0226748Z Updating files: 100% (3613/3613), done.
2025-03-16T09:52:05.2520708Z Updating files:  20% (3316/16578)
2025-03-16T09:52:06.4729175Z Updating files:  57% (23199/40099)
2025-03-16T09:52:06.5800390Z Updating files:  57% (23203/40099)
2025-03-16T09:52:06.8723764Z Updating files:   6% (60/953)
2025-03-16T09:52:07.0288720Z Updating files:   7% (67/953)
2025-03-16T09:52:07.1230650Z Updating files:  20% (3459/16578)
2025-03-16T09:52:07.4248284Z Updating files:  21% (3482/16578)
2025-03-16T09:52:07.6058109Z Updating files:   8% (77/953)
2025-03-16T09:52:08.1797403Z Updating files:  21% (3624/16578)
2025-03-16T09:52:08.3590515Z Updating files:  57% (23206/40099)
2025-03-16T09:52:08.4456495Z Updating files:   9% (86/953)
2025-03-16T09:52:08.4464064Z Updating files:  24% (166/683)
2025-03-16T09:52:08.5197053Z Updating files:  25% (171/683)
2025-03-16T09:52:08.5851060Z Updating files:  22% (3648/16578)
2025-03-16T09:52:08.5857207Z Updating files:  22% (3651/16578)
2025-03-16T09:52:08.5924013Z Updating files:  10% (96/953)
2025-03-16T09:52:08.8119247Z Updating files:  26% (178/683)
2025-03-16T09:52:08.9507398Z Updating files:  11% (105/953)
2025-03-16T09:52:08.9879982Z Updating files:  12% (115/953)
2025-03-16T09:52:08.9880439Z Updating files:  13% (124/953)
2025-03-16T09:52:08.9880816Z Updating files:  14% (134/953)
2025-03-16T09:52:08.9901457Z Updating files:  15% (143/953)
2025-03-16T09:52:08.9901868Z Updating files:  16% (153/953)
2025-03-16T09:52:08.9902225Z Updating files:  17% (163/953)
2025-03-16T09:52:08.9902584Z Updating files:  18% (172/953)
2025-03-16T09:52:08.9905654Z Updating files:  19% (182/953)
2025-03-16T09:52:08.9948959Z Updating files:  20% (191/953)
2025-03-16T09:52:08.9949349Z Updating files:  21% (201/953)
2025-03-16T09:52:08.9967117Z Updating files:  22% (210/953)
2025-03-16T09:52:08.9986246Z Updating files:  23% (220/953)
2025-03-16T09:52:08.9986641Z Updating files:  24% (229/953)
2025-03-16T09:52:08.9987014Z Updating files:  25% (239/953)
2025-03-16T09:52:08.9991230Z Updating files:  26% (248/953)
2025-03-16T09:52:08.9991592Z Updating files:  27% (258/953)
2025-03-16T09:52:09.0007301Z Updating files:  28% (267/953)
2025-03-16T09:52:09.0008019Z Updating files:  27% (185/683)
2025-03-16T09:52:09.0009645Z Updating files:  28% (192/683)
2025-03-16T09:52:09.0025900Z Updating files:  29% (199/683)
2025-03-16T09:52:09.0029170Z Updating files:  30% (205/683)
2025-03-16T09:52:09.0029536Z Updating files:  31% (212/683)
2025-03-16T09:52:09.0029853Z Updating files:  32% (219/683)
2025-03-16T09:52:09.0030188Z Updating files:  29% (277/953)
2025-03-16T09:52:09.0030528Z Updating files:  30% (286/953)
2025-03-16T09:52:09.0030885Z Updating files:  31% (296/953)
2025-03-16T09:52:09.0031200Z Updating files:  32% (305/953)
2025-03-16T09:52:09.0031541Z Updating files:  33% (315/953)
2025-03-16T09:52:09.0031869Z Updating files:  34% (325/953)
2025-03-16T09:52:09.0032194Z Updating files:  35% (334/953)
2025-03-16T09:52:09.0054194Z Updating files:  33% (226/683)
2025-03-16T09:52:09.0065892Z Updating files:  34% (233/683)
2025-03-16T09:52:09.0066490Z Updating files:  35% (240/683)
2025-03-16T09:52:09.0069552Z Updating files:  36% (344/953)
2025-03-16T09:52:09.0071148Z Updating files:  37% (353/953)
2025-03-16T09:52:09.0072711Z Updating files:  38% (363/953)
2025-03-16T09:52:09.0074265Z Updating files:  39% (372/953)
2025-03-16T09:52:09.0082907Z Updating files:  58% (23258/40099)
2025-03-16T09:52:09.0091709Z Updating files:  36% (246/683)
2025-03-16T09:52:09.0101027Z Updating files:  37% (253/683)
2025-03-16T09:52:09.0122140Z Updating files:  38% (260/683)
2025-03-16T09:52:09.0153869Z Updating files:  39% (267/683)
2025-03-16T09:52:09.0171936Z Updating files:  40% (274/683)
2025-03-16T09:52:09.0172830Z Updating files:  41% (281/683)
2025-03-16T09:52:09.0173737Z Updating files:  42% (287/683)
2025-03-16T09:52:09.0174647Z Updating files:  43% (294/683)
2025-03-16T09:52:09.0189469Z Updating files:  44% (301/683)
2025-03-16T09:52:09.0190059Z Updating files:  45% (308/683)
2025-03-16T09:52:09.0190413Z Updating files:  46% (315/683)
2025-03-16T09:52:09.0190757Z Updating files:  47% (322/683)
2025-03-16T09:52:09.0191087Z Updating files:  48% (328/683)
2025-03-16T09:52:09.0191418Z Updating files:  49% (335/683)
2025-03-16T09:52:09.0356240Z Updating files:  50% (342/683)
2025-03-16T09:52:09.0390020Z Updating files:  40% (382/953)
2025-03-16T09:52:09.0765001Z Updating files:  41% (391/953)
2025-03-16T09:52:09.1731175Z Updating files:  42% (401/953)
2025-03-16T09:52:09.1747599Z Updating files:  43% (410/953)
2025-03-16T09:52:09.1800024Z Updating files:  58% (23302/40099)
2025-03-16T09:52:09.1917280Z Updating files:  44% (420/953)
2025-03-16T09:52:09.1976603Z Updating files:  45% (429/953)
2025-03-16T09:52:09.1980582Z Updating files:  51% (349/683)
2025-03-16T09:52:09.1981814Z Updating files:  52% (356/683)
2025-03-16T09:52:09.1982355Z Updating files:  53% (362/683)
2025-03-16T09:52:09.2015979Z Updating files:  54% (369/683)
2025-03-16T09:52:09.2016618Z Updating files:  55% (376/683)
2025-03-16T09:52:09.2017170Z Updating files:  56% (383/683)
2025-03-16T09:52:09.2017675Z Updating files:  57% (390/683)
2025-03-16T09:52:09.2018236Z Updating files:  58% (397/683)
2025-03-16T09:52:09.2021602Z Updating files:  59% (403/683)
2025-03-16T09:52:09.2061951Z Updating files:  60% (410/683)
2025-03-16T09:52:09.2114668Z Updating files:  46% (439/953)
2025-03-16T09:52:09.2136766Z Updating files:  61% (417/683)
2025-03-16T09:52:09.2236083Z Updating files:  47% (448/953)
2025-03-16T09:52:09.2369996Z Updating files:  48% (458/953)
2025-03-16T09:52:09.2374377Z Updating files:  62% (424/683)
2025-03-16T09:52:09.2392933Z Updating files:  49% (467/953)
2025-03-16T09:52:09.2415682Z Updating files:  63% (431/683)
2025-03-16T09:52:09.2445909Z Updating files:  50% (477/953)
2025-03-16T09:52:09.2456196Z Updating files:  64% (438/683)
2025-03-16T09:52:09.2582941Z Updating files:  51% (487/953)
2025-03-16T09:52:09.2667552Z Updating files:  65% (444/683)
2025-03-16T09:52:09.2680605Z Updating files:  52% (496/953)
2025-03-16T09:52:09.2720838Z Updating files:  23% (3813/16578)
2025-03-16T09:52:09.3849084Z Updating files:  66% (451/683)
2025-03-16T09:52:09.3863626Z Updating files:  67% (458/683)
2025-03-16T09:52:09.4224717Z Updating files:  68% (465/683)
2025-03-16T09:52:09.4356700Z Updating files:  69% (472/683)
2025-03-16T09:52:09.4358192Z Updating files:  70% (479/683)
2025-03-16T09:52:09.4359605Z Updating files:  71% (485/683)
2025-03-16T09:52:09.4360049Z Updating files:  72% (492/683)
2025-03-16T09:52:09.4442871Z Updating files:  73% (499/683)
2025-03-16T09:52:09.4446846Z Updating files:  74% (506/683)
2025-03-16T09:52:09.6206243Z Updating files:  75% (513/683)
2025-03-16T09:52:09.8066925Z Updating files:  23% (3878/16578)
2025-03-16T09:52:09.8086301Z Updating files:  76% (520/683)
2025-03-16T09:52:09.8826517Z Updating files:  77% (526/683)
2025-03-16T09:52:09.9780949Z Updating files:  78% (533/683)
2025-03-16T09:52:09.9787018Z Updating files:  79% (540/683)
2025-03-16T09:52:09.9793234Z Updating files:  80% (547/683)
2025-03-16T09:52:09.9808198Z Updating files:  81% (554/683)
2025-03-16T09:52:09.9823022Z Updating files:  82% (561/683)
2025-03-16T09:52:09.9831234Z Updating files:  83% (567/683)
2025-03-16T09:52:09.9855946Z Updating files:  84% (574/683)
2025-03-16T09:52:09.9856604Z Updating files:  85% (581/683)
2025-03-16T09:52:09.9857150Z Updating files:  86% (588/683)
2025-03-16T09:52:09.9858170Z Updating files:  87% (595/683)
2025-03-16T09:52:09.9860425Z Updating files:  88% (602/683)
2025-03-16T09:52:09.9866555Z Updating files:  89% (608/683)
2025-03-16T09:52:09.9872084Z Updating files:  90% (615/683)
2025-03-16T09:52:09.9878906Z Updating files:  91% (622/683)
2025-03-16T09:52:09.9883606Z Updating files:  92% (629/683)
2025-03-16T09:52:09.9888189Z Updating files:  93% (636/683)
2025-03-16T09:52:09.9905893Z Updating files:  94% (643/683)
2025-03-16T09:52:09.9906419Z Updating files:  95% (649/683)
2025-03-16T09:52:09.9907619Z Updating files:  96% (656/683)
2025-03-16T09:52:09.9912068Z Updating files:  97% (663/683)
2025-03-16T09:52:09.9936182Z Updating files:  98% (670/683)
2025-03-16T09:52:10.0169045Z Updating files:  99% (677/683)
2025-03-16T09:52:10.0170254Z Updating files: 100% (683/683)
2025-03-16T09:52:10.0170704Z Updating files: 100% (683/683), done.
2025-03-16T09:52:10.1307883Z Updating files:  52% (504/953)
2025-03-16T09:52:10.3188716Z Updating files:  53% (506/953)
2025-03-16T09:52:10.5053279Z Updating files:  58% (23309/40099)
2025-03-16T09:52:10.5893991Z Updating files:  59% (23659/40099)
2025-03-16T09:52:10.5996302Z Updating files:  23% (3890/16578)
2025-03-16T09:52:10.6366882Z Updating files:  60% (24060/40099)
2025-03-16T09:52:10.6798850Z Updating files:  61% (24461/40099)
2025-03-16T09:52:10.7202179Z Updating files:  62% (24862/40099)
2025-03-16T09:52:10.7563524Z Updating files:  63% (25263/40099)
2025-03-16T09:52:10.9788526Z Updating files:  64% (25664/40099)
2025-03-16T09:52:10.9793150Z Updating files:  65% (26065/40099)
2025-03-16T09:52:11.1584288Z Updating files:  24% (3979/16578)
2025-03-16T09:52:11.2787860Z Updating files:  65% (26357/40099)
2025-03-16T09:52:11.2800764Z Updating files:  66% (26466/40099)
2025-03-16T09:52:11.2854307Z Updating files:  33% (242/733)
2025-03-16T09:52:11.2891373Z Updating files:  34% (250/733)
2025-03-16T09:52:11.2896664Z Updating files:  35% (257/733)
2025-03-16T09:52:11.3007957Z Updating files:  36% (264/733)
2025-03-16T09:52:11.3076456Z Updating files:  25% (4145/16578)
2025-03-16T09:52:11.3257701Z Updating files:  37% (272/733)
2025-03-16T09:52:11.3295170Z Updating files:  67% (26867/40099)
2025-03-16T09:52:11.3590919Z Updating files:  26% (4311/16578)
2025-03-16T09:52:11.3639145Z Updating files:  27% (4477/16578)
2025-03-16T09:52:11.3658934Z Updating files:  38% (279/733)
2025-03-16T09:52:11.3707567Z Updating files:  68% (27268/40099)
2025-03-16T09:52:11.3894563Z Updating files:  39% (286/733)
2025-03-16T09:52:11.3907551Z Updating files:  40% (294/733)
2025-03-16T09:52:11.3941475Z Updating files:  28% (4642/16578)
2025-03-16T09:52:11.4027409Z Updating files:  69% (27669/40099)
2025-03-16T09:52:11.4035508Z Updating files:  41% (301/733)
2025-03-16T09:52:11.4049787Z Updating files:  42% (308/733)
2025-03-16T09:52:11.4071097Z Updating files:  43% (316/733)
2025-03-16T09:52:11.4133690Z Updating files:  44% (323/733)
2025-03-16T09:52:11.4152117Z Updating files:  29% (4808/16578)
2025-03-16T09:52:11.4236193Z Updating files:  70% (28070/40099)
2025-03-16T09:52:11.4371161Z Updating files:  45% (330/733)
2025-03-16T09:52:11.4580232Z Updating files:  30% (4974/16578)
2025-03-16T09:52:11.4608387Z Updating files:  31% (5140/16578)
2025-03-16T09:52:11.4830243Z Updating files:  71% (28471/40099)
2025-03-16T09:52:11.4856090Z Updating files:  46% (338/733)
2025-03-16T09:52:11.4975880Z Updating files:  47% (345/733)
2025-03-16T09:52:11.5210856Z Updating files:  48% (352/733)
2025-03-16T09:52:11.5572286Z Updating files:  72% (28872/40099)
2025-03-16T09:52:11.6157761Z Updating files:  73% (29273/40099)
2025-03-16T09:52:11.6176655Z Updating files:  49% (360/733)
2025-03-16T09:52:11.6198460Z Updating files:  50% (367/733)
2025-03-16T09:52:11.6212886Z Updating files:  74% (29674/40099)
2025-03-16T09:52:11.6218830Z Updating files:  51% (374/733)
2025-03-16T09:52:11.6742722Z Updating files:  52% (382/733)
2025-03-16T09:52:11.7196990Z Updating files:  53% (389/733)
2025-03-16T09:52:11.8236626Z Updating files:  54% (515/953)
2025-03-16T09:52:11.9684103Z Updating files:  75% (30075/40099)
2025-03-16T09:52:11.9807040Z Updating files:  54% (396/733)
2025-03-16T09:52:12.0187063Z Updating files:  76% (30476/40099)
2025-03-16T09:52:12.0284282Z Updating files:  77% (30877/40099)
2025-03-16T09:52:12.0386447Z Updating files:  31% (5204/16578)
2025-03-16T09:52:12.0392433Z Updating files:  55% (404/733)
2025-03-16T09:52:12.2095747Z Updating files:  56% (411/733)
2025-03-16T09:52:12.2606934Z Updating files:  77% (31084/40099)
2025-03-16T09:52:12.2617605Z Updating files:  56% (415/733)
2025-03-16T09:52:12.2791156Z Updating files:  57% (418/733)
2025-03-16T09:52:12.3443035Z Updating files:  78% (31278/40099)
2025-03-16T09:52:12.3476195Z Updating files:  58% (426/733)
2025-03-16T09:52:12.3484508Z Updating files:  59% (433/733)
2025-03-16T09:52:12.3494122Z Updating files:  60% (440/733)
2025-03-16T09:52:12.3750041Z Updating files:  61% (448/733)
2025-03-16T09:52:12.3801592Z Updating files:  62% (455/733)
2025-03-16T09:52:12.3936881Z Updating files:  79% (31679/40099)
2025-03-16T09:52:12.4128423Z Updating files:  63% (462/733)
2025-03-16T09:52:12.4477528Z Updating files:  80% (32080/40099)
2025-03-16T09:52:12.4477954Z Updating files:  64% (470/733)
2025-03-16T09:52:12.4564060Z Updating files:  65% (477/733)
2025-03-16T09:52:12.6682308Z Updating files:  66% (484/733)
2025-03-16T09:52:12.7193591Z Updating files:  81% (32481/40099)
2025-03-16T09:52:12.7194949Z Updating files:  67% (492/733)
2025-03-16T09:52:12.7597694Z Updating files:  68% (499/733)
2025-03-16T09:52:12.7998244Z Updating files:  82% (32882/40099)
2025-03-16T09:52:12.8026172Z Updating files:  54% (516/953)
2025-03-16T09:52:12.8026788Z Updating files:  55% (525/953)
2025-03-16T09:52:12.8027283Z Updating files:  56% (534/953)
2025-03-16T09:52:12.8038259Z Updating files:  57% (544/953)
2025-03-16T09:52:12.8049141Z Updating files:  58% (553/953)
2025-03-16T09:52:12.8055920Z Updating files:  59% (563/953)
2025-03-16T09:52:12.8061102Z Updating files:  83% (33283/40099)
2025-03-16T09:52:12.8528554Z Updating files:  60% (572/953)
2025-03-16T09:52:12.8532333Z Updating files:  31% (5212/16578)
2025-03-16T09:52:12.8734796Z Updating files:  61% (582/953)
2025-03-16T09:52:12.9086539Z Updating files:  62% (591/953)
2025-03-16T09:52:12.9230500Z Updating files:  84% (33684/40099)
2025-03-16T09:52:13.1584366Z Updating files:  63% (601/953)
2025-03-16T09:52:13.1805794Z Updating files:  84% (33952/40099)
2025-03-16T09:52:13.1941282Z Updating files:  85% (34085/40099)
2025-03-16T09:52:13.2446319Z Updating files:  64% (610/953)
2025-03-16T09:52:13.2446898Z Updating files:  86% (34486/40099)
2025-03-16T09:52:13.3061436Z Updating files:  65% (620/953)
2025-03-16T09:52:13.3672776Z Updating files:  66% (629/953)
2025-03-16T09:52:13.4151965Z Updating files:  32% (5305/16578)
2025-03-16T09:52:13.4273007Z Updating files:  66% (635/953)
2025-03-16T09:52:13.4282044Z Updating files:  67% (639/953)
2025-03-16T09:52:13.4286214Z Updating files:  68% (649/953)
2025-03-16T09:52:13.4289810Z Updating files:  69% (658/953)
2025-03-16T09:52:13.4293568Z Updating files:  70% (668/953)
2025-03-16T09:52:13.4296880Z Updating files:  71% (677/953)
2025-03-16T09:52:13.4299604Z Updating files:  72% (687/953)
2025-03-16T09:52:13.4302546Z Updating files:  73% (696/953)
2025-03-16T09:52:13.4305757Z Updating files:  74% (706/953)
2025-03-16T09:52:13.4308780Z Updating files:  75% (715/953)
2025-03-16T09:52:13.4312306Z Updating files:  76% (725/953)
2025-03-16T09:52:13.4315698Z Updating files:  77% (734/953)
2025-03-16T09:52:13.4318669Z Updating files:  78% (744/953)
2025-03-16T09:52:13.4323540Z Updating files:  79% (753/953)
2025-03-16T09:52:13.4326603Z Updating files:  80% (763/953)
2025-03-16T09:52:13.4329951Z Updating files:  81% (772/953)
2025-03-16T09:52:13.4333020Z Updating files:  82% (782/953)
2025-03-16T09:52:13.4336201Z Updating files:  83% (791/953)
2025-03-16T09:52:13.4339581Z Updating files:  84% (801/953)
2025-03-16T09:52:13.4342308Z Updating files:  85% (811/953)
2025-03-16T09:52:13.4345314Z Updating files:  86% (820/953)
2025-03-16T09:52:13.4348347Z Updating files:  87% (830/953)
2025-03-16T09:52:13.4351982Z Updating files:  88% (839/953)
2025-03-16T09:52:13.4354688Z Updating files:  89% (849/953)
2025-03-16T09:52:13.4357860Z Updating files:  90% (858/953)
2025-03-16T09:52:13.4361201Z Updating files:  91% (868/953)
2025-03-16T09:52:13.4364197Z Updating files:  92% (877/953)
2025-03-16T09:52:13.5639543Z Updating files:  93% (887/953)
2025-03-16T09:52:13.6579913Z Updating files:  94% (896/953)
2025-03-16T09:52:13.7063381Z Updating files:  95% (906/953)
2025-03-16T09:52:13.7069715Z Updating files:  96% (915/953)
2025-03-16T09:52:13.7717308Z Updating files:  87% (34887/40099)
2025-03-16T09:52:13.7808433Z Updating files:  97% (925/953)
2025-03-16T09:52:13.7894592Z Updating files:  98% (934/953)
2025-03-16T09:52:13.8387082Z Updating files:  88% (35288/40099)
2025-03-16T09:52:13.8763372Z Updating files:  89% (35689/40099)
2025-03-16T09:52:13.9039361Z Updating files:  90% (36090/40099)
2025-03-16T09:52:13.9193181Z Updating files:  32% (5333/16578)
2025-03-16T09:52:13.9525235Z Updating files:  91% (36491/40099)
2025-03-16T09:52:13.9967691Z Updating files:  92% (36892/40099)
2025-03-16T09:52:14.0389016Z Updating files:  93% (37293/40099)
2025-03-16T09:52:14.1329935Z Updating files:  94% (37694/40099)
2025-03-16T09:52:14.1662779Z Updating files:  95% (38095/40099)
2025-03-16T09:52:14.2750052Z Updating files:  95% (38112/40099)
2025-03-16T09:52:14.5569623Z Updating files:  68% (503/733)
2025-03-16T09:52:14.5897378Z Updating files:  96% (38496/40099)
2025-03-16T09:52:14.6220733Z Updating files:  97% (38897/40099)
2025-03-16T09:52:14.8353245Z Updating files:  98% (39298/40099)
2025-03-16T09:52:14.9306013Z Updating files:  32% (5376/16578)
2025-03-16T09:52:14.9312664Z Updating files:  98% (939/953)
2025-03-16T09:52:15.4388764Z Updating files:  99% (944/953)
2025-03-16T09:52:15.4496833Z Updating files:  98% (39581/40099)
2025-03-16T09:52:15.4623724Z Updating files:  99% (39699/40099)
2025-03-16T09:52:15.7875236Z Updating files:  99% (948/953)
2025-03-16T09:52:15.7876702Z Updating files: 100% (953/953)
2025-03-16T09:52:15.7877314Z Updating files: 100% (953/953), done.
2025-03-16T09:52:15.9826390Z Updating files:  32% (5377/16578)
2025-03-16T09:52:15.9826685Z Updating files: 100% (40099/40099)
2025-03-16T09:52:15.9826922Z Updating files: 100% (40099/40099), done.
2025-03-16T09:52:17.2216986Z Updating files:  68% (504/733)
2025-03-16T09:52:17.9191844Z Updating files:  32% (5381/16578)
2025-03-16T09:52:18.2021615Z Updating files:   0% (18/6380)
2025-03-16T09:52:18.6495673Z Updating files:   0% (17/8515)
2025-03-16T09:52:18.6756971Z Updating files:   0% (22/8515)
2025-03-16T09:52:19.4706957Z Updating files:  32% (5383/16578)
2025-03-16T09:52:19.6958502Z Updating files:   0% (45/6380)
2025-03-16T09:52:19.8757352Z Updating files:   0% (54/6380)
2025-03-16T09:52:19.8818185Z Updating files:  69% (506/733)
2025-03-16T09:52:19.9887250Z Updating files:  32% (5388/16578)
2025-03-16T09:52:20.0886719Z Updating files:   0% (26/8515)
2025-03-16T09:52:20.5509355Z Updating files:   1% (64/6380)
2025-03-16T09:52:20.5853358Z Updating files:   0% (52/8515)
2025-03-16T09:52:20.6351638Z Updating files:  69% (508/733)
2025-03-16T09:52:20.6367849Z Updating files:   1% (108/6380)
2025-03-16T09:52:21.0116251Z Updating files:   2% (128/6380)
2025-03-16T09:52:21.2224552Z Updating files:  32% (5400/16578)
2025-03-16T09:52:21.6655107Z Updating files:   3% (192/6380)
2025-03-16T09:52:21.7655036Z Updating files:   0% (65/8515)
2025-03-16T09:52:21.9376118Z Updating files:  32% (5408/16578)
2025-03-16T09:52:21.9891090Z Updating files:   3% (199/6380)
2025-03-16T09:52:22.6240575Z Updating files:   4% (256/6380)
2025-03-16T09:52:22.7294341Z Updating files:  32% (5418/16578)
2025-03-16T09:52:23.3088483Z Updating files:   0% (78/8515)
2025-03-16T09:52:23.4351785Z Updating files:  33% (5471/16578)
2025-03-16T09:52:23.4418404Z Updating files:  34% (5637/16578)
2025-03-16T09:52:23.4774894Z Updating files:  35% (5803/16578)
2025-03-16T09:52:23.5320454Z Updating files:  36% (5969/16578)
2025-03-16T09:52:23.5721249Z Updating files:  37% (6134/16578)
2025-03-16T09:52:23.5731445Z Updating files:   0% (82/8515)
2025-03-16T09:52:23.6086509Z Updating files:   1% (86/8515)
2025-03-16T09:52:23.6599248Z Updating files:  37% (6180/16578)
2025-03-16T09:52:23.7109089Z Updating files:  38% (6300/16578)
2025-03-16T09:52:23.7205518Z Updating files:  39% (6466/16578)
2025-03-16T09:52:23.7382606Z Updating files:  40% (6632/16578)
2025-03-16T09:52:23.7794163Z Updating files:   4% (268/6380)
2025-03-16T09:52:23.8556902Z Updating files:  41% (6797/16578)
2025-03-16T09:52:23.9726221Z Updating files:  42% (6963/16578)
2025-03-16T09:52:23.9863575Z Updating files:  43% (7129/16578)
2025-03-16T09:52:24.0166486Z Updating files:  44% (7295/16578)
2025-03-16T09:52:24.0301642Z Updating files:  45% (7461/16578)
2025-03-16T09:52:24.0338261Z Updating files:  46% (7626/16578)
2025-03-16T09:52:24.0409870Z Updating files:  69% (513/733)
2025-03-16T09:52:24.0565034Z Updating files:  47% (7792/16578)
2025-03-16T09:52:24.0855121Z Updating files:  48% (7958/16578)
2025-03-16T09:52:24.1011641Z Updating files:  49% (8124/16578)
2025-03-16T09:52:24.1187558Z Updating files:  50% (8289/16578)
2025-03-16T09:52:24.1285644Z Updating files:  51% (8455/16578)
2025-03-16T09:52:24.1438285Z Updating files:  52% (8621/16578)
2025-03-16T09:52:24.4192913Z Updating files:  53% (8787/16578)
2025-03-16T09:52:24.4887136Z Updating files:   5% (319/6380)
2025-03-16T09:52:24.5437312Z Updating files:   6% (383/6380)
2025-03-16T09:52:24.6707186Z Updating files:  70% (514/733)
2025-03-16T09:52:24.7121313Z Updating files:   1% (138/8515)
2025-03-16T09:52:24.7380022Z Updating files:  53% (8850/16578)
2025-03-16T09:52:24.8726406Z Updating files:  54% (8953/16578)
2025-03-16T09:52:24.8764941Z Updating files:   6% (402/6380)
2025-03-16T09:52:25.3288460Z Updating files:   7% (447/6380)
2025-03-16T09:52:25.4458678Z Updating files:   2% (171/8515)
2025-03-16T09:52:25.7050990Z Updating files:  70% (517/733)
2025-03-16T09:52:25.7593364Z Updating files:  54% (9114/16578)
2025-03-16T09:52:25.7627506Z Updating files:   2% (181/8515)
2025-03-16T09:52:25.8394098Z Updating files:  55% (9118/16578)
2025-03-16T09:52:25.8400325Z Updating files:   7% (500/6380)
2025-03-16T09:52:26.5047826Z Updating files:   8% (511/6380)
2025-03-16T09:52:26.5205835Z Updating files:   9% (575/6380)
2025-03-16T09:52:26.6190365Z Updating files:  70% (518/733)
2025-03-16T09:52:26.6201368Z Updating files:   9% (619/6380)
2025-03-16T09:52:26.7177538Z Updating files:  55% (9255/16578)
2025-03-16T09:52:26.7310704Z Updating files:  56% (9284/16578)
2025-03-16T09:52:26.9138971Z Updating files:   2% (239/8515)
2025-03-16T09:52:27.6699535Z Updating files:  10% (638/6380)
2025-03-16T09:52:27.7676297Z Updating files:  56% (9328/16578)
2025-03-16T09:52:28.6393768Z Updating files:  10% (651/6380)
2025-03-16T09:52:28.6680418Z Updating files:  10% (664/6380)
2025-03-16T09:52:28.9459251Z Updating files:  11% (702/6380)
2025-03-16T09:52:28.9756131Z Updating files:  56% (9333/16578)
2025-03-16T09:52:29.3957160Z Updating files:  12% (766/6380)
2025-03-16T09:52:29.5678514Z Updating files:  70% (519/733)
2025-03-16T09:52:29.6028356Z Updating files:  12% (798/6380)
2025-03-16T09:52:29.6177681Z Updating files:   2% (244/8515)
2025-03-16T09:52:29.7869128Z Updating files:  56% (9338/16578)
2025-03-16T09:52:30.0715504Z Updating files:  57% (9450/16578)
2025-03-16T09:52:30.0860257Z Updating files:  58% (9616/16578)
2025-03-16T09:52:30.1246240Z Updating files:  59% (9782/16578)
2025-03-16T09:52:30.1687588Z Updating files:  60% (9947/16578)
2025-03-16T09:52:30.1713760Z Updating files:  13% (830/6380)
2025-03-16T09:52:30.1901451Z Updating files:  61% (10113/16578)
2025-03-16T09:52:30.2167135Z Updating files:  62% (10279/16578)
2025-03-16T09:52:30.2183929Z Updating files:  63% (10445/16578)
2025-03-16T09:52:30.2319420Z Updating files:  14% (894/6380)
2025-03-16T09:52:30.2558900Z Updating files:  64% (10610/16578)
2025-03-16T09:52:30.6756476Z Updating files:  65% (10776/16578)
2025-03-16T09:52:30.7295208Z Updating files:   3% (256/8515)
2025-03-16T09:52:30.7990117Z Updating files:  14% (933/6380)
2025-03-16T09:52:30.9597241Z Updating files:  70% (520/733)
2025-03-16T09:52:31.0119390Z Updating files:  65% (10783/16578)
2025-03-16T09:52:31.2698901Z Updating files:  15% (957/6380)
2025-03-16T09:52:31.5438056Z Updating files:  16% (1021/6380)
2025-03-16T09:52:31.9797315Z Updating files:   3% (270/8515)
2025-03-16T09:52:32.2973473Z Updating files:  16% (1049/6380)
2025-03-16T09:52:32.6056672Z Updating files:  65% (10788/16578)
2025-03-16T09:52:32.6065092Z Updating files:  16% (1073/6380)
2025-03-16T09:52:32.6128914Z Updating files:  17% (1085/6380)
2025-03-16T09:52:32.6136333Z Updating files:   3% (278/8515)
2025-03-16T09:52:32.6703227Z Updating files:  18% (1149/6380)
2025-03-16T09:52:33.5789254Z Updating files:  19% (1213/6380)
2025-03-16T09:52:33.5791972Z Updating files:  19% (1269/6380)
2025-03-16T09:52:33.5824515Z Updating files:  20% (1276/6380)
2025-03-16T09:52:33.5997305Z Updating files:  21% (1340/6380)
2025-03-16T09:52:33.6187036Z Updating files:   3% (281/8515)
2025-03-16T09:52:33.6194816Z Updating files:  22% (1404/6380)
2025-03-16T09:52:33.6239339Z Updating files:  23% (1468/6380)
2025-03-16T09:52:33.6303425Z Updating files:  24% (1532/6380)
2025-03-16T09:52:33.6400248Z Updating files:  25% (1595/6380)
2025-03-16T09:52:33.6437205Z Updating files:  26% (1659/6380)
2025-03-16T09:52:33.6837058Z Updating files:  27% (1723/6380)
2025-03-16T09:52:33.7054794Z Updating files:  65% (10793/16578)
2025-03-16T09:52:33.7116875Z Updating files:  28% (1787/6380)
2025-03-16T09:52:33.7151900Z Updating files:  29% (1851/6380)
2025-03-16T09:52:33.7276493Z Updating files:  30% (1914/6380)
2025-03-16T09:52:33.7306108Z Updating files:  31% (1978/6380)
2025-03-16T09:52:33.7338622Z Updating files:  32% (2042/6380)
2025-03-16T09:52:33.7374783Z Updating files:  33% (2106/6380)
2025-03-16T09:52:33.7399365Z Updating files:  34% (2170/6380)
2025-03-16T09:52:33.7453845Z Updating files:  35% (2233/6380)
2025-03-16T09:52:33.7562508Z Updating files:  36% (2297/6380)
2025-03-16T09:52:33.7856413Z Updating files:  37% (2361/6380)
2025-03-16T09:52:33.7884520Z Updating files:  38% (2425/6380)
2025-03-16T09:52:33.7949260Z Updating files:  39% (2489/6380)
2025-03-16T09:52:33.8137631Z Updating files:  40% (2552/6380)
2025-03-16T09:52:33.8183450Z Updating files:  41% (2616/6380)
2025-03-16T09:52:33.8243734Z Updating files:  42% (2680/6380)
2025-03-16T09:52:33.8311439Z Updating files:  43% (2744/6380)
2025-03-16T09:52:33.8626676Z Updating files:  44% (2808/6380)
2025-03-16T09:52:33.8667802Z Updating files:  45% (2871/6380)
2025-03-16T09:52:33.8703536Z Updating files:  46% (2935/6380)
2025-03-16T09:52:33.8769239Z Updating files:  47% (2999/6380)
2025-03-16T09:52:33.8810357Z Updating files:  48% (3063/6380)
2025-03-16T09:52:33.8997388Z Updating files:  49% (3127/6380)
2025-03-16T09:52:33.9022049Z Updating files:  50% (3190/6380)
2025-03-16T09:52:33.9087037Z Updating files:  51% (3254/6380)
2025-03-16T09:52:33.9174252Z Updating files:  52% (3318/6380)
2025-03-16T09:52:33.9322257Z Updating files:  53% (3382/6380)
2025-03-16T09:52:33.9374279Z Updating files:  54% (3446/6380)
2025-03-16T09:52:33.9498005Z Updating files:  55% (3509/6380)
2025-03-16T09:52:33.9544281Z Updating files:  56% (3573/6380)
2025-03-16T09:52:33.9756601Z Updating files:  57% (3637/6380)
2025-03-16T09:52:34.1289716Z Updating files:  58% (3701/6380)
2025-03-16T09:52:34.2945915Z Updating files:  71% (521/733)
2025-03-16T09:52:34.4456270Z Updating files:  66% (10942/16578)
2025-03-16T09:52:34.5194261Z Updating files:  71% (522/733)
2025-03-16T09:52:34.5197278Z Updating files:   3% (336/8515)
2025-03-16T09:52:34.6123410Z Updating files:   4% (341/8515)
2025-03-16T09:52:35.0027518Z Updating files:  58% (3704/6380)
2025-03-16T09:52:35.1866856Z Updating files:  66% (10964/16578)
2025-03-16T09:52:35.1949734Z Updating files:  59% (3765/6380)
2025-03-16T09:52:35.2000365Z Updating files:  60% (3828/6380)
2025-03-16T09:52:35.3683711Z Updating files:  61% (3892/6380)
2025-03-16T09:52:35.4164380Z Updating files:  62% (3956/6380)
2025-03-16T09:52:35.4661533Z Updating files:  63% (4020/6380)
2025-03-16T09:52:35.5890263Z Updating files:  64% (4084/6380)
2025-03-16T09:52:35.5891210Z Updating files:  64% (4136/6380)
2025-03-16T09:52:35.5978089Z Updating files:  65% (4147/6380)
2025-03-16T09:52:35.6036465Z Updating files:   4% (372/8515)
2025-03-16T09:52:35.6073879Z Updating files:  66% (4211/6380)
2025-03-16T09:52:35.6133982Z Updating files:  67% (4275/6380)
2025-03-16T09:52:35.6187058Z Updating files:  68% (4339/6380)
2025-03-16T09:52:35.6274061Z Updating files:  69% (4403/6380)
2025-03-16T09:52:35.6321224Z Updating files:  70% (4466/6380)
2025-03-16T09:52:35.6435860Z Updating files:  71% (4530/6380)
2025-03-16T09:52:35.6662311Z Updating files:  72% (4594/6380)
2025-03-16T09:52:35.6662903Z Updating files:  71% (524/733)
2025-03-16T09:52:35.6696776Z Updating files:  73% (4658/6380)
2025-03-16T09:52:35.6750468Z Updating files:  74% (4722/6380)
2025-03-16T09:52:35.6782557Z Updating files:  75% (4785/6380)
2025-03-16T09:52:35.6802412Z Updating files:  76% (4849/6380)
2025-03-16T09:52:35.6823747Z Updating files:  77% (4913/6380)
2025-03-16T09:52:35.6859970Z Updating files:  78% (4977/6380)
2025-03-16T09:52:35.7266514Z Updating files:  79% (5041/6380)
2025-03-16T09:52:35.7296622Z Updating files:  80% (5104/6380)
2025-03-16T09:52:35.7344238Z Updating files:  81% (5168/6380)
2025-03-16T09:52:35.7384632Z Updating files:  82% (5232/6380)
2025-03-16T09:52:35.7403076Z Updating files:  83% (5296/6380)
2025-03-16T09:52:35.7423930Z Updating files:  84% (5360/6380)
2025-03-16T09:52:35.7443401Z Updating files:  85% (5423/6380)
2025-03-16T09:52:35.7464392Z Updating files:  86% (5487/6380)
2025-03-16T09:52:35.7485641Z Updating files:  87% (5551/6380)
2025-03-16T09:52:35.7516097Z Updating files:  88% (5615/6380)
2025-03-16T09:52:35.7562852Z Updating files:  89% (5679/6380)
2025-03-16T09:52:35.8120536Z Updating files:  90% (5742/6380)
2025-03-16T09:52:35.8163158Z Updating files:  91% (5806/6380)
2025-03-16T09:52:35.8187997Z Updating files:  92% (5870/6380)
2025-03-16T09:52:35.8228694Z Updating files:  93% (5934/6380)
2025-03-16T09:52:36.0114350Z Updating files:  94% (5998/6380)
2025-03-16T09:52:36.4647627Z Updating files:  66% (10965/16578)
2025-03-16T09:52:36.5641564Z Updating files:  95% (6061/6380)
2025-03-16T09:52:36.6581042Z Updating files:   4% (385/8515)
2025-03-16T09:52:36.8252883Z Updating files:  95% (6068/6380)
2025-03-16T09:52:36.9216934Z Updating files:  96% (6125/6380)
2025-03-16T09:52:37.0619280Z Updating files:  97% (6189/6380)
2025-03-16T09:52:37.5688221Z Updating files:  66% (10969/16578)
2025-03-16T09:52:37.6148161Z Updating files:   4% (398/8515)
2025-03-16T09:52:38.3505765Z Updating files:  97% (6228/6380)
2025-03-16T09:52:38.3596113Z Updating files:  66% (10971/16578)
2025-03-16T09:52:38.4062359Z Updating files:  98% (6253/6380)
2025-03-16T09:52:38.6906396Z Updating files:   5% (426/8515)
2025-03-16T09:52:38.7165907Z Updating files:  98% (6267/6380)
2025-03-16T09:52:38.8051301Z Updating files:   5% (448/8515)
2025-03-16T09:52:38.8567057Z Updating files:  66% (10972/16578)
2025-03-16T09:52:39.4549908Z Updating files:  71% (525/733)
2025-03-16T09:52:39.7859595Z Updating files:  71% (526/733)
2025-03-16T09:52:39.7951710Z Updating files:  66% (10988/16578)
2025-03-16T09:52:39.8946312Z Updating files:  98% (6303/6380)
2025-03-16T09:52:39.9961190Z Updating files:  99% (6317/6380)
2025-03-16T09:52:40.7606344Z Updating files:   5% (462/8515)
2025-03-16T09:52:40.7720377Z Updating files:  99% (6333/6380)
2025-03-16T09:52:41.4462474Z Updating files:   5% (473/8515)
2025-03-16T09:52:41.5458468Z Updating files:  66% (10990/16578)
2025-03-16T09:52:41.6146870Z Updating files:  72% (528/733)
2025-03-16T09:52:41.8176668Z Updating files:  66% (10993/16578)
2025-03-16T09:52:41.8257204Z Updating files:   5% (500/8515)
2025-03-16T09:52:42.1049665Z Updating files:  99% (6353/6380)
2025-03-16T09:52:42.5180954Z Updating files:   6% (511/8515)
2025-03-16T09:52:42.5332846Z Updating files:  67% (11108/16578)
2025-03-16T09:52:42.5396551Z Updating files:  68% (11274/16578)
2025-03-16T09:52:42.5557389Z Updating files:  69% (11439/16578)
2025-03-16T09:52:42.5759104Z Updating files:  70% (11605/16578)
2025-03-16T09:52:42.5807598Z Updating files:  71% (11771/16578)
2025-03-16T09:52:42.5963780Z Updating files:  71% (11828/16578)
2025-03-16T09:52:42.6131828Z Updating files:  72% (11937/16578)
2025-03-16T09:52:42.6221481Z Updating files:  73% (12102/16578)
2025-03-16T09:52:42.6318359Z Updating files:  74% (12268/16578)
2025-03-16T09:52:42.6410846Z Updating files:  75% (12434/16578)
2025-03-16T09:52:42.6519195Z Updating files:  76% (12600/16578)
2025-03-16T09:52:42.6656417Z Updating files:  77% (12766/16578)
2025-03-16T09:52:42.6799476Z Updating files:  78% (12931/16578)
2025-03-16T09:52:42.6917782Z Updating files:  79% (13097/16578)
2025-03-16T09:52:42.6996291Z Updating files:  80% (13263/16578)
2025-03-16T09:52:42.7223125Z Updating files:  81% (13429/16578)
2025-03-16T09:52:42.7334358Z Updating files:  82% (13594/16578)
2025-03-16T09:52:42.7443247Z Updating files:  83% (13760/16578)
2025-03-16T09:52:42.7566338Z Updating files:  84% (13926/16578)
2025-03-16T09:52:42.7648879Z Updating files:  85% (14092/16578)
2025-03-16T09:52:42.7661254Z Updating files:  86% (14258/16578)
2025-03-16T09:52:42.7797350Z Updating files:  99% (6374/6380)
2025-03-16T09:52:43.1768973Z Updating files:  87% (14423/16578)
2025-03-16T09:52:43.8258747Z Updating files:   6% (516/8515)
2025-03-16T09:52:43.9986961Z Updating files:   6% (532/8515)
2025-03-16T09:52:43.9987371Z Updating files:  99% (6377/6380)
2025-03-16T09:52:43.9987728Z Updating files: 100% (6380/6380)
2025-03-16T09:52:43.9988094Z Updating files: 100% (6380/6380), done.
2025-03-16T09:52:44.3897115Z Updating files:  72% (529/733)
2025-03-16T09:52:44.4242307Z Updating files:  87% (14438/16578)
2025-03-16T09:52:44.5821266Z Updating files:  88% (14589/16578)
2025-03-16T09:52:44.6227086Z Updating files:  88% (14644/16578)
2025-03-16T09:52:45.3106315Z Updating files:   6% (570/8515)
2025-03-16T09:52:45.3249179Z Updating files:  35% (671/1904)
2025-03-16T09:52:45.3493889Z Updating files:  36% (686/1904)
2025-03-16T09:52:45.4253760Z Updating files:  37% (705/1904)
2025-03-16T09:52:45.5678886Z Updating files:  38% (724/1904)
2025-03-16T09:52:45.5726803Z Updating files:  39% (743/1904)
2025-03-16T09:52:45.5899869Z Updating files:   6% (585/8515)
2025-03-16T09:52:45.5948902Z Updating files:  88% (14730/16578)
2025-03-16T09:52:45.6317075Z Updating files:  40% (762/1904)
2025-03-16T09:52:45.6430485Z Updating files:  41% (781/1904)
2025-03-16T09:52:45.7097123Z Updating files:  42% (800/1904)
2025-03-16T09:52:45.8716121Z Updating files:  89% (14755/16578)
2025-03-16T09:52:45.9757310Z Updating files:  43% (819/1904)
2025-03-16T09:52:46.0086698Z Updating files:   7% (597/8515)
2025-03-16T09:52:46.0305742Z Updating files:  44% (838/1904)
2025-03-16T09:52:46.0557931Z Updating files:  45% (857/1904)
2025-03-16T09:52:46.0956450Z Updating files:  46% (876/1904)
2025-03-16T09:52:46.1184044Z Updating files:  47% (895/1904)
2025-03-16T09:52:46.1225972Z Updating files:  48% (914/1904)
2025-03-16T09:52:46.1226630Z Updating files:  49% (933/1904)
2025-03-16T09:52:46.1227193Z Updating files:  50% (952/1904)
2025-03-16T09:52:46.1252981Z Updating files:  51% (972/1904)
2025-03-16T09:52:46.1569985Z Updating files:  52% (991/1904)
2025-03-16T09:52:46.1814457Z Updating files:  53% (1010/1904)
2025-03-16T09:52:46.2067226Z Updating files:  54% (1029/1904)
2025-03-16T09:52:46.2670857Z Updating files:  55% (1048/1904)
2025-03-16T09:52:46.4086742Z Updating files:  55% (1061/1904)
2025-03-16T09:52:46.4685259Z Updating files:  56% (1067/1904)
2025-03-16T09:52:46.6704627Z Updating files:  57% (1086/1904)
2025-03-16T09:52:46.7357321Z Updating files:   7% (605/8515)
2025-03-16T09:52:46.7500580Z Updating files:  58% (1105/1904)
2025-03-16T09:52:46.7754888Z Updating files:  59% (1124/1904)
2025-03-16T09:52:46.8240193Z Updating files:  60% (1143/1904)
2025-03-16T09:52:46.8562140Z Updating files:  61% (1162/1904)
2025-03-16T09:52:46.9038696Z Updating files:  62% (1181/1904)
2025-03-16T09:52:46.9621748Z Updating files:  63% (1200/1904)
2025-03-16T09:52:46.9992478Z Updating files:  64% (1219/1904)
2025-03-16T09:52:47.0114864Z Updating files:  65% (1238/1904)
2025-03-16T09:52:47.0337420Z Updating files:  66% (1257/1904)
2025-03-16T09:52:47.0465746Z Updating files:  67% (1276/1904)
2025-03-16T09:52:47.0506020Z Updating files:  89% (14913/16578)
2025-03-16T09:52:47.0578958Z Updating files:  68% (1295/1904)
2025-03-16T09:52:47.0929875Z Updating files:  69% (1314/1904)
2025-03-16T09:52:47.0989703Z Updating files:  70% (1333/1904)
2025-03-16T09:52:47.0996868Z Updating files:  72% (531/733)
2025-03-16T09:52:47.1147794Z Updating files:  73% (536/733)
2025-03-16T09:52:47.1338653Z Updating files:  71% (1352/1904)
2025-03-16T09:52:47.1557436Z Updating files:  72% (1371/1904)
2025-03-16T09:52:47.1804732Z Updating files:  73% (1390/1904)
2025-03-16T09:52:47.1829471Z Updating files:  74% (543/733)
2025-03-16T09:52:47.1861564Z Updating files:  74% (1409/1904)
2025-03-16T09:52:47.1865650Z Updating files:  74% (548/733)
2025-03-16T09:52:47.2121182Z Updating files:  75% (550/733)
2025-03-16T09:52:47.2422217Z Updating files:  75% (1428/1904)
2025-03-16T09:52:47.2591373Z Updating files:  76% (1448/1904)
2025-03-16T09:52:47.2593499Z Updating files:  76% (1461/1904)
2025-03-16T09:52:47.6098390Z Updating files:  77% (1467/1904)
2025-03-16T09:52:47.6111476Z Updating files:  76% (558/733)
2025-03-16T09:52:47.6139657Z Updating files:  78% (1486/1904)
2025-03-16T09:52:47.6307104Z Updating files:  77% (565/733)
2025-03-16T09:52:47.6314583Z Updating files:   7% (670/8515)
2025-03-16T09:52:47.6636708Z Updating files:  79% (1505/1904)
2025-03-16T09:52:47.6642124Z Updating files:  80% (1524/1904)
2025-03-16T09:52:47.7076975Z Updating files:  78% (572/733)
2025-03-16T09:52:47.7082021Z Updating files:  79% (580/733)
2025-03-16T09:52:47.7090908Z Updating files:  80% (587/733)
2025-03-16T09:52:47.7104326Z Updating files:  81% (594/733)
2025-03-16T09:52:47.7112490Z Updating files:  82% (602/733)
2025-03-16T09:52:47.7120022Z Updating files:  83% (609/733)
2025-03-16T09:52:47.7127810Z Updating files:  84% (616/733)
2025-03-16T09:52:47.9116594Z Updating files:  85% (624/733)
2025-03-16T09:52:47.9122063Z Updating files:  86% (631/733)
2025-03-16T09:52:47.9128105Z Updating files:  87% (638/733)
2025-03-16T09:52:47.9133745Z Updating files:  88% (646/733)
2025-03-16T09:52:47.9159572Z Updating files:  89% (653/733)
2025-03-16T09:52:47.9169901Z Updating files:  90% (660/733)
2025-03-16T09:52:47.9176199Z Updating files:  91% (668/733)
2025-03-16T09:52:47.9181889Z Updating files:  92% (675/733)
2025-03-16T09:52:47.9187584Z Updating files:  93% (682/733)
2025-03-16T09:52:47.9225135Z Updating files:  94% (690/733)
2025-03-16T09:52:47.9750737Z Updating files:  81% (1543/1904)
2025-03-16T09:52:48.0077574Z Updating files:  95% (697/733)
2025-03-16T09:52:48.1132298Z Updating files:  96% (704/733)
2025-03-16T09:52:48.1552239Z Updating files:  97% (712/733)
2025-03-16T09:52:48.3166284Z Updating files:  82% (1562/1904)
2025-03-16T09:52:48.3196235Z Updating files:  82% (1573/1904)
2025-03-16T09:52:48.3226208Z Updating files:  97% (713/733)
2025-03-16T09:52:48.3686323Z Updating files:  83% (1581/1904)
2025-03-16T09:52:48.3706212Z Updating files:  98% (719/733)
2025-03-16T09:52:48.3729929Z Updating files:  84% (1600/1904)
2025-03-16T09:52:48.4117954Z Updating files:  99% (726/733)
2025-03-16T09:52:48.4128696Z Updating files: 100% (733/733)
2025-03-16T09:52:48.4129392Z Updating files: 100% (733/733), done.
2025-03-16T09:52:48.4635996Z Updating files:  85% (1619/1904)
2025-03-16T09:52:48.5087455Z Updating files:  90% (14921/16578)
2025-03-16T09:52:48.7247346Z Updating files:  86% (1638/1904)
2025-03-16T09:52:48.7677435Z Updating files:  87% (1657/1904)
2025-03-16T09:52:48.7824395Z Updating files:  88% (1676/1904)
2025-03-16T09:52:48.7856439Z Updating files:  89% (1695/1904)
2025-03-16T09:52:48.8247125Z Updating files:   7% (674/8515)
2025-03-16T09:52:48.8404984Z Updating files:  90% (1714/1904)
2025-03-16T09:52:48.8574881Z Updating files:  91% (1733/1904)
2025-03-16T09:52:48.8802876Z Updating files:  92% (1752/1904)
2025-03-16T09:52:48.8874184Z Updating files:   8% (682/8515)
2025-03-16T09:52:48.9138852Z Updating files:  93% (1771/1904)
2025-03-16T09:52:48.9496347Z Updating files:  94% (1790/1904)
2025-03-16T09:52:48.9640579Z Updating files:  95% (1809/1904)
2025-03-16T09:52:49.0002713Z Updating files:  96% (1828/1904)
2025-03-16T09:52:49.0318517Z Updating files:  97% (1847/1904)
2025-03-16T09:52:49.0766378Z Updating files:  98% (1866/1904)
2025-03-16T09:52:49.0963804Z Updating files:  99% (1885/1904)
2025-03-16T09:52:49.0964265Z Updating files: 100% (1904/1904)
2025-03-16T09:52:49.0964661Z Updating files: 100% (1904/1904), done.
2025-03-16T09:52:49.5826423Z Updating files:  90% (14922/16578)
2025-03-16T09:52:49.5863935Z Updating files:  90% (14996/16578)
2025-03-16T09:52:49.6256427Z Updating files:  91% (15086/16578)
2025-03-16T09:52:49.6418455Z Updating files:  92% (15252/16578)
2025-03-16T09:52:49.6764847Z Updating files:  93% (15418/16578)
2025-03-16T09:52:49.6786206Z Updating files:  33% (711/2102)
2025-03-16T09:52:49.6851729Z Updating files:  34% (715/2102)
2025-03-16T09:52:49.7023951Z Updating files:  94% (15584/16578)
2025-03-16T09:52:49.7062991Z Updating files:  35% (736/2102)
2025-03-16T09:52:49.7214715Z Updating files:  95% (15750/16578)
2025-03-16T09:52:49.7342653Z Updating files:  96% (15915/16578)
2025-03-16T09:52:49.7433505Z Updating files:  36% (757/2102)
2025-03-16T09:52:49.7548856Z Updating files:  97% (16081/16578)
2025-03-16T09:52:49.7619978Z Updating files:  37% (778/2102)
2025-03-16T09:52:49.8112850Z Updating files:  98% (16247/16578)
2025-03-16T09:52:49.8448360Z Updating files:  38% (799/2102)
2025-03-16T09:52:49.8749089Z Updating files:  39% (820/2102)
2025-03-16T09:52:49.8789302Z Updating files:  40% (841/2102)
2025-03-16T09:52:49.9005612Z Updating files:   8% (683/8515)
2025-03-16T09:52:49.9322455Z Updating files:  41% (862/2102)
2025-03-16T09:52:49.9670059Z Updating files:  42% (883/2102)
2025-03-16T09:52:50.0737598Z Updating files:  43% (904/2102)
2025-03-16T09:52:50.1041441Z Updating files:  44% (925/2102)
2025-03-16T09:52:50.2204892Z Updating files:  45% (946/2102)
2025-03-16T09:52:50.2803279Z Updating files:  46% (967/2102)
2025-03-16T09:52:50.4585828Z Updating files:  47% (988/2102)
2025-03-16T09:52:50.5152316Z Updating files:  48% (1009/2102)
2025-03-16T09:52:50.5165957Z Updating files:  49% (1030/2102)
2025-03-16T09:52:50.5176423Z Updating files:  50% (1051/2102)
2025-03-16T09:52:50.5369250Z Updating files:  51% (1073/2102)
2025-03-16T09:52:50.5658713Z Updating files:   8% (693/8515)
2025-03-16T09:52:50.6032213Z Updating files:  52% (1094/2102)
2025-03-16T09:52:50.6126266Z Updating files:  98% (16376/16578)
2025-03-16T09:52:50.6148952Z Updating files:   7% (1621/21250)
2025-03-16T09:52:50.6665593Z Updating files:  53% (1115/2102)
2025-03-16T09:52:50.7620293Z Updating files:   8% (1700/21250)
2025-03-16T09:52:50.8238259Z Updating files:  53% (1123/2102)
2025-03-16T09:52:50.8306885Z Updating files:   9% (1913/21250)
2025-03-16T09:52:50.8492914Z Updating files:  54% (1136/2102)
2025-03-16T09:52:50.8505752Z Updating files:  10% (2125/21250)
2025-03-16T09:52:50.8698216Z Updating files:  55% (1157/2102)
2025-03-16T09:52:50.8764052Z Updating files:  11% (2338/21250)
2025-03-16T09:52:50.9162500Z Updating files:  56% (1178/2102)
2025-03-16T09:52:50.9163163Z Updating files:  57% (1199/2102)
2025-03-16T09:52:50.9351489Z Updating files:  12% (2550/21250)
2025-03-16T09:52:50.9458462Z Updating files:  58% (1220/2102)
2025-03-16T09:52:50.9957164Z Updating files:  13% (2763/21250)
2025-03-16T09:52:51.0716422Z Updating files:  14% (2975/21250)
2025-03-16T09:52:51.2946769Z Updating files:  59% (1241/2102)
2025-03-16T09:52:51.3126026Z Updating files:  99% (16413/16578)
2025-03-16T09:52:51.3200638Z Updating files:  15% (3188/21250)
2025-03-16T09:52:51.3335716Z Updating files:  60% (1262/2102)
2025-03-16T09:52:51.3623351Z Updating files:  16% (3400/21250)
2025-03-16T09:52:51.3876337Z Updating files:  17% (3613/21250)
2025-03-16T09:52:51.3980591Z Updating files:  18% (3825/21250)
2025-03-16T09:52:51.4166859Z Updating files:  61% (1283/2102)
2025-03-16T09:52:51.4351142Z Updating files:  19% (4038/21250)
2025-03-16T09:52:51.4368449Z Updating files:  20% (4250/21250)
2025-03-16T09:52:51.4570681Z Updating files:  62% (1304/2102)
2025-03-16T09:52:51.4778284Z Updating files:  21% (4463/21250)
2025-03-16T09:52:51.4828722Z Updating files:  22% (4675/21250)
2025-03-16T09:52:51.5002270Z Updating files:  63% (1325/2102)
2025-03-16T09:52:51.5055918Z Updating files:  23% (4888/21250)
2025-03-16T09:52:51.5298746Z Updating files:  64% (1346/2102)
2025-03-16T09:52:51.5423254Z Updating files:   8% (718/8515)
2025-03-16T09:52:51.5486736Z Updating files:  65% (1367/2102)
2025-03-16T09:52:51.5554317Z Updating files:  66% (1388/2102)
2025-03-16T09:52:51.5646283Z Updating files:  67% (1409/2102)
2025-03-16T09:52:51.5693453Z Updating files:  68% (1430/2102)
2025-03-16T09:52:51.5785011Z Updating files:  24% (5100/21250)
2025-03-16T09:52:51.5868231Z Updating files:  69% (1451/2102)
2025-03-16T09:52:51.6003372Z Updating files:  70% (1472/2102)
2025-03-16T09:52:51.6105549Z Updating files:  71% (1493/2102)
2025-03-16T09:52:51.6148561Z Updating files:  72% (1514/2102)
2025-03-16T09:52:51.6427234Z Updating files:  24% (5162/21250)
2025-03-16T09:52:51.6739033Z Updating files:  73% (1535/2102)
2025-03-16T09:52:51.7202692Z Updating files:  73% (1545/2102)
2025-03-16T09:52:51.7213951Z Updating files:  25% (5313/21250)
2025-03-16T09:52:51.7439436Z Updating files:  74% (1556/2102)
2025-03-16T09:52:51.7606039Z Updating files:  75% (1577/2102)
2025-03-16T09:52:51.9726346Z Updating files:  76% (1598/2102)
2025-03-16T09:52:51.9785627Z Updating files:  77% (1619/2102)
2025-03-16T09:52:51.9996912Z Updating files:  78% (1640/2102)
2025-03-16T09:52:52.0212078Z Updating files:  79% (1661/2102)
2025-03-16T09:52:52.2707134Z Updating files:  80% (1682/2102)
2025-03-16T09:52:52.2799016Z Updating files:  81% (1703/2102)
2025-03-16T09:52:52.3038554Z Updating files:  82% (1724/2102)
2025-03-16T09:52:52.3136594Z Updating files:  83% (1745/2102)
2025-03-16T09:52:52.3320938Z Updating files:  99% (16511/16578)
2025-03-16T09:52:52.3636302Z Updating files:  84% (1766/2102)
2025-03-16T09:52:52.4227865Z Updating files:  85% (1787/2102)
2025-03-16T09:52:52.5257843Z Updating files:  86% (1808/2102)
2025-03-16T09:52:52.5656262Z Updating files:  87% (1829/2102)
2025-03-16T09:52:52.5745565Z Updating files:   8% (737/8515)
2025-03-16T09:52:52.5784739Z Updating files:  88% (1850/2102)
2025-03-16T09:52:52.6116581Z Updating files:  26% (5525/21250)
2025-03-16T09:52:52.6526619Z Updating files:  26% (5568/21250)
2025-03-16T09:52:52.6674611Z Updating files:  89% (1871/2102)
2025-03-16T09:52:52.6886452Z Updating files:  89% (1878/2102)
2025-03-16T09:52:52.7240542Z Updating files:  90% (1892/2102)
2025-03-16T09:52:52.9044430Z Updating files:  91% (1913/2102)
2025-03-16T09:52:53.0086190Z Updating files:  99% (16549/16578)
2025-03-16T09:52:53.0905684Z Updating files:  92% (1934/2102)
2025-03-16T09:52:53.1209842Z Updating files:  93% (1955/2102)
2025-03-16T09:52:53.1279490Z Updating files:  94% (1976/2102)
2025-03-16T09:52:53.1506585Z Updating files:  27% (5738/21250)
2025-03-16T09:52:53.1618185Z Updating files:  95% (1997/2102)
2025-03-16T09:52:53.1834133Z Updating files:  28% (5950/21250)
2025-03-16T09:52:53.1967290Z Updating files:  29% (6163/21250)
2025-03-16T09:52:53.1991092Z Updating files:  30% (6375/21250)
2025-03-16T09:52:53.2176644Z Updating files:  96% (2018/2102)
2025-03-16T09:52:53.2308752Z Updating files:  31% (6588/21250)
2025-03-16T09:52:53.2335043Z Updating files:  97% (2039/2102)
2025-03-16T09:52:53.2608266Z Updating files:  32% (6800/21250)
2025-03-16T09:52:53.3047212Z Updating files:  33% (7013/21250)
2025-03-16T09:52:53.3047671Z Updating files: 100% (16578/16578)
2025-03-16T09:52:53.3048062Z Updating files: 100% (16578/16578), done.
2025-03-16T09:52:53.4878163Z Updating files:  98% (2060/2102)
2025-03-16T09:52:53.5114948Z Updating files:  34% (7225/21250)
2025-03-16T09:52:53.5219742Z Updating files:  35% (7438/21250)
2025-03-16T09:52:53.5279822Z Updating files:   8% (758/8515)
2025-03-16T09:52:53.5425805Z Updating files:  36% (7650/21250)
2025-03-16T09:52:53.5571546Z Updating files:  37% (7863/21250)
2025-03-16T09:52:53.5725883Z Updating files:  38% (8075/21250)
2025-03-16T09:52:53.5796253Z Updating files:  99% (2081/2102)
2025-03-16T09:52:53.5889371Z Updating files:  39% (8288/21250)
2025-03-16T09:52:53.6020025Z Updating files:  40% (8500/21250)
2025-03-16T09:52:53.6062472Z Updating files:  41% (8713/21250)
2025-03-16T09:52:53.6176864Z Updating files:  41% (8783/21250)
2025-03-16T09:52:53.6323487Z Updating files:  42% (8925/21250)
2025-03-16T09:52:53.6488072Z Updating files:  43% (9138/21250)
2025-03-16T09:52:53.6620128Z Updating files:  44% (9350/21250)
2025-03-16T09:52:53.6624258Z Updating files: 100% (2102/2102)
2025-03-16T09:52:53.6628136Z Updating files: 100% (2102/2102), done.
2025-03-16T09:52:53.6884297Z Updating files:  45% (9563/21250)
2025-03-16T09:52:53.7057532Z Updating files:  46% (9775/21250)
2025-03-16T09:52:53.7060858Z Updating files:   9% (767/8515)
2025-03-16T09:52:53.7250466Z Updating files:  47% (9988/21250)
2025-03-16T09:52:53.7422519Z Updating files:  48% (10200/21250)
2025-03-16T09:52:53.7593567Z Updating files:  49% (10413/21250)
2025-03-16T09:52:54.3351418Z Updating files:  50% (10625/21250)
2025-03-16T09:52:54.5847032Z Updating files:  51% (10838/21250)
2025-03-16T09:52:54.6063398Z Updating files:  52% (11050/21250)
2025-03-16T09:52:54.6109547Z Updating files:  52% (11226/21250)
2025-03-16T09:52:54.6316790Z Updating files:  53% (11263/21250)
2025-03-16T09:52:54.6469354Z Updating files:  54% (11475/21250)
2025-03-16T09:52:54.6709323Z Updating files:  55% (11688/21250)
2025-03-16T09:52:54.6905047Z Updating files:  56% (11900/21250)
2025-03-16T09:52:54.7146116Z Updating files:  57% (12113/21250)
2025-03-16T09:52:54.7238944Z Updating files:  58% (12325/21250)
2025-03-16T09:52:54.7332993Z Updating files:  23% (4213/18247)
2025-03-16T09:52:54.7826288Z Updating files:  59% (12538/21250)
2025-03-16T09:52:54.8043707Z Updating files:  60% (12750/21250)
2025-03-16T09:52:54.8254908Z Updating files:  61% (12963/21250)
2025-03-16T09:52:54.8566853Z Updating files:  62% (13175/21250)
2025-03-16T09:52:54.8602128Z Updating files:  24% (4380/18247)
2025-03-16T09:52:54.8756970Z Updating files:  63% (13388/21250)
2025-03-16T09:52:54.8783878Z Updating files:   9% (794/8515)
2025-03-16T09:52:54.8923058Z Updating files:  64% (13600/21250)
2025-03-16T09:52:54.9127928Z Updating files:  65% (13813/21250)
2025-03-16T09:52:54.9280178Z Updating files:  66% (14025/21250)
2025-03-16T09:52:54.9473087Z Updating files:  67% (14238/21250)
2025-03-16T09:52:54.9723444Z Updating files:  68% (14450/21250)
2025-03-16T09:52:54.9889880Z Updating files:  69% (14663/21250)
2025-03-16T09:52:55.0019834Z Updating files:  70% (14875/21250)
2025-03-16T09:52:55.0200580Z Updating files:  71% (15088/21250)
2025-03-16T09:52:55.1186493Z Updating files:  72% (15300/21250)
2025-03-16T09:52:55.1326818Z Updating files:  73% (15513/21250)
2025-03-16T09:52:55.3793807Z Updating files:  74% (15725/21250)
2025-03-16T09:52:55.5363744Z Updating files:  25% (4562/18247)
2025-03-16T09:52:55.5493407Z Updating files:   9% (818/8515)
2025-03-16T09:52:55.5837874Z Updating files:  75% (15938/21250)
2025-03-16T09:52:55.5934932Z Updating files:  26% (4745/18247)
2025-03-16T09:52:55.6076804Z Updating files:  27% (4927/18247)
2025-03-16T09:52:55.6077557Z Updating files:  75% (15976/21250)
2025-03-16T09:52:55.6143639Z Updating files:  28% (5110/18247)
2025-03-16T09:52:55.6271052Z Updating files:  29% (5292/18247)
2025-03-16T09:52:55.6414760Z Updating files:  30% (5475/18247)
2025-03-16T09:52:55.6600985Z Updating files:  31% (5657/18247)
2025-03-16T09:52:55.6755036Z Updating files:  32% (5840/18247)
2025-03-16T09:52:55.6909341Z Updating files:  33% (6022/18247)
2025-03-16T09:52:55.6994705Z Updating files:  34% (6204/18247)
2025-03-16T09:52:55.7297403Z Updating files:  35% (6387/18247)
2025-03-16T09:52:55.7309080Z Updating files:  35% (6559/18247)
2025-03-16T09:52:55.7421331Z Updating files:  36% (6569/18247)
2025-03-16T09:52:55.7544361Z Updating files:  37% (6752/18247)
2025-03-16T09:52:55.7705952Z Updating files:  38% (6934/18247)
2025-03-16T09:52:55.7838909Z Updating files:  39% (7117/18247)
2025-03-16T09:52:55.7929269Z Updating files:  40% (7299/18247)
2025-03-16T09:52:55.8014526Z Updating files:  41% (7482/18247)
2025-03-16T09:52:55.8147762Z Updating files:  42% (7664/18247)
2025-03-16T09:52:55.8224359Z Updating files:  43% (7847/18247)
2025-03-16T09:52:55.9539645Z Updating files:  44% (8029/18247)
2025-03-16T09:52:56.0345030Z Updating files:  45% (8212/18247)
2025-03-16T09:52:56.0437796Z Updating files:  46% (8394/18247)
2025-03-16T09:52:56.0554066Z Updating files:  47% (8577/18247)
2025-03-16T09:52:56.0654760Z Updating files:  48% (8759/18247)
2025-03-16T09:52:56.0777374Z Updating files:  49% (8942/18247)
2025-03-16T09:52:56.5457071Z Updating files:  50% (9124/18247)
2025-03-16T09:52:56.5468210Z Updating files:  51% (9306/18247)
2025-03-16T09:52:56.5534859Z Updating files:   9% (827/8515)
2025-03-16T09:52:56.5540394Z Updating files:  76% (16150/21250)
2025-03-16T09:52:56.5649607Z Updating files:  52% (9489/18247)
2025-03-16T09:52:56.5770256Z Updating files:  53% (9671/18247)
2025-03-16T09:52:56.5863823Z Updating files:  54% (9854/18247)
2025-03-16T09:52:56.5964769Z Updating files:  55% (10036/18247)
2025-03-16T09:52:56.5975653Z Updating files:  56% (10219/18247)
2025-03-16T09:52:56.5977195Z Updating files:  10% (119/1090)
2025-03-16T09:52:56.5983248Z Updating files:  11% (120/1090)
2025-03-16T09:52:56.5990684Z Updating files:  12% (131/1090)
2025-03-16T09:52:56.5998622Z Updating files:  13% (142/1090)
2025-03-16T09:52:56.6006494Z Updating files:  14% (153/1090)
2025-03-16T09:52:56.6013180Z Updating files:  15% (164/1090)
2025-03-16T09:52:56.6018270Z Updating files:  16% (175/1090)
2025-03-16T09:52:56.6024794Z Updating files:  17% (186/1090)
2025-03-16T09:52:56.6072949Z Updating files:  18% (197/1090)
2025-03-16T09:52:56.6088609Z Updating files:  57% (10401/18247)
2025-03-16T09:52:56.6243565Z Updating files:  76% (16167/21250)
2025-03-16T09:52:56.6398317Z Updating files:  58% (10584/18247)
2025-03-16T09:52:56.6514080Z Updating files:  59% (10766/18247)
2025-03-16T09:52:56.6623523Z Updating files:  60% (10949/18247)
2025-03-16T09:52:56.6907345Z Updating files:  61% (11131/18247)
2025-03-16T09:52:56.6996016Z Updating files:  62% (11314/18247)
2025-03-16T09:52:56.7130993Z Updating files:  63% (11496/18247)
2025-03-16T09:52:56.7223056Z Updating files:  64% (11679/18247)
2025-03-16T09:52:56.7279388Z Updating files:  64% (11797/18247)
2025-03-16T09:52:56.7356188Z Updating files:  65% (11861/18247)
2025-03-16T09:52:56.7448444Z Updating files:  66% (12044/18247)
2025-03-16T09:52:56.7586001Z Updating files:  67% (12226/18247)
2025-03-16T09:52:56.7716330Z Updating files:  68% (12408/18247)
2025-03-16T09:52:56.7852687Z Updating files:  69% (12591/18247)
2025-03-16T09:52:56.8424022Z Updating files:  70% (12773/18247)
2025-03-16T09:52:56.8562024Z Updating files:  71% (12956/18247)
2025-03-16T09:52:56.8676439Z Updating files:  72% (13138/18247)
2025-03-16T09:52:56.9653578Z Updating files:  73% (13321/18247)
2025-03-16T09:52:57.2328456Z Updating files:  74% (13503/18247)
2025-03-16T09:52:57.4666903Z Updating files:  10% (852/8515)
2025-03-16T09:52:57.4906581Z Updating files:  77% (16363/21250)
2025-03-16T09:52:57.5106518Z Updating files:  78% (16575/21250)
2025-03-16T09:52:57.5108096Z Updating files:  75% (13686/18247)
2025-03-16T09:52:57.5278243Z Updating files:  79% (16788/21250)
2025-03-16T09:52:57.5533952Z Updating files:  80% (17000/21250)
2025-03-16T09:52:57.5603496Z Updating files:  81% (17213/21250)
2025-03-16T09:52:57.5721868Z Updating files:  10% (894/8515)
2025-03-16T09:52:57.6004758Z Updating files:  82% (17425/21250)
2025-03-16T09:52:57.6268378Z Updating files:  18% (203/1090)
2025-03-16T09:52:57.6268834Z Updating files:  82% (17626/21250)
2025-03-16T09:52:57.6497978Z Updating files:  83% (17638/21250)
2025-03-16T09:52:57.6754508Z Updating files:  84% (17850/21250)
2025-03-16T09:52:57.6857683Z Updating files:  85% (18063/21250)
2025-03-16T09:52:57.7002489Z Updating files:  86% (18275/21250)
2025-03-16T09:52:57.7178726Z Updating files:  87% (18488/21250)
2025-03-16T09:52:57.7388769Z Updating files:  88% (18700/21250)
2025-03-16T09:52:57.7528666Z Updating files:  89% (18913/21250)
2025-03-16T09:52:57.7687828Z Updating files:  90% (19125/21250)
2025-03-16T09:52:57.7831605Z Updating files:  91% (19338/21250)
2025-03-16T09:52:57.7993041Z Updating files:  92% (19550/21250)
2025-03-16T09:52:57.8215809Z Updating files:  93% (19763/21250)
2025-03-16T09:52:57.8224839Z Updating files:  94% (19975/21250)
2025-03-16T09:52:57.8386304Z Updating files:  75% (13753/18247)
2025-03-16T09:52:57.8540607Z Updating files:  95% (20188/21250)
2025-03-16T09:52:57.8758524Z Updating files:  96% (20400/21250)
2025-03-16T09:52:57.8958465Z Updating files:  97% (20613/21250)
2025-03-16T09:52:57.9158222Z Updating files:  76% (13868/18247)
2025-03-16T09:52:57.9290994Z Updating files:  77% (14051/18247)
2025-03-16T09:52:58.0728550Z Updating files:  98% (20825/21250)
2025-03-16T09:52:58.0916315Z Updating files:  78% (14233/18247)
2025-03-16T09:52:58.0916929Z Updating files:  79% (14416/18247)
2025-03-16T09:52:58.1074336Z Updating files:  99% (21038/21250)
2025-03-16T09:52:58.1116442Z Updating files:  80% (14598/18247)
2025-03-16T09:52:58.1116866Z Updating files: 100% (21250/21250)
2025-03-16T09:52:58.1117259Z Updating files: 100% (21250/21250), done.
2025-03-16T09:52:58.1419100Z Updating files:  81% (14781/18247)
2025-03-16T09:52:58.1603138Z Updating files:  82% (14963/18247)
2025-03-16T09:52:58.1789449Z Updating files:  83% (15146/18247)
2025-03-16T09:52:58.2068475Z Updating files:  84% (15328/18247)
2025-03-16T09:52:58.2183990Z Updating files:  85% (15510/18247)
2025-03-16T09:52:58.2469255Z Updating files:  86% (15693/18247)
2025-03-16T09:52:58.2632443Z Updating files:  87% (15875/18247)
2025-03-16T09:52:58.2754009Z Updating files:  88% (16058/18247)
2025-03-16T09:52:58.2914725Z Updating files:  89% (16240/18247)
2025-03-16T09:52:58.3021150Z Updating files:  90% (16423/18247)
2025-03-16T09:52:58.3130836Z Updating files:  91% (16605/18247)
2025-03-16T09:52:58.3256342Z Updating files:  92% (16788/18247)
2025-03-16T09:52:58.3260820Z Updating files:  93% (16970/18247)
2025-03-16T09:52:58.3358377Z Updating files:  19% (208/1090)
2025-03-16T09:52:58.3523251Z Updating files:  94% (17153/18247)
2025-03-16T09:52:58.3655968Z Updating files:  95% (17335/18247)
2025-03-16T09:52:58.3780052Z Updating files:  96% (17518/18247)
2025-03-16T09:52:58.3917051Z Updating files:  97% (17700/18247)
2025-03-16T09:52:58.4284879Z Updating files:  98% (17883/18247)
2025-03-16T09:52:58.4399477Z Updating files:  99% (18065/18247)
2025-03-16T09:52:58.4399909Z Updating files: 100% (18247/18247)
2025-03-16T09:52:58.4400312Z Updating files: 100% (18247/18247), done.
2025-03-16T09:52:58.7937370Z Updating files:  19% (209/1090)
2025-03-16T09:52:58.7949136Z Updating files:  20% (218/1090)
2025-03-16T09:52:58.7955551Z Updating files:  21% (229/1090)
2025-03-16T09:52:58.7963510Z Updating files:  22% (240/1090)
2025-03-16T09:52:58.7972378Z Updating files:  23% (251/1090)
2025-03-16T09:52:58.7979597Z Updating files:  24% (262/1090)
2025-03-16T09:52:58.7991804Z Updating files:  25% (273/1090)
2025-03-16T09:52:58.8000639Z Updating files:  26% (284/1090)
2025-03-16T09:52:58.8013588Z Updating files:  27% (295/1090)
2025-03-16T09:52:58.8116942Z Updating files:  28% (306/1090)
2025-03-16T09:52:58.8141699Z Updating files:  29% (317/1090)
2025-03-16T09:52:58.8142093Z Updating files:  30% (327/1090)
2025-03-16T09:52:58.8147379Z Updating files:  31% (338/1090)
2025-03-16T09:52:58.8152662Z Updating files:  32% (349/1090)
2025-03-16T09:52:58.8297468Z Updating files:  33% (360/1090)
2025-03-16T09:52:58.8353740Z Updating files:  34% (371/1090)
2025-03-16T09:52:58.8405171Z Updating files:  35% (382/1090)
2025-03-16T09:52:58.8460172Z Updating files:  36% (393/1090)
2025-03-16T09:52:58.8483272Z Updating files:  37% (404/1090)
2025-03-16T09:52:58.8483673Z Updating files:  38% (415/1090)
2025-03-16T09:52:58.8491445Z Updating files:  39% (426/1090)
2025-03-16T09:52:58.8513670Z Updating files:  40% (436/1090)
2025-03-16T09:52:58.8529990Z Updating files:  41% (447/1090)
2025-03-16T09:52:58.8560075Z Updating files:  42% (458/1090)
2025-03-16T09:52:58.8560636Z Updating files:  43% (469/1090)
2025-03-16T09:52:58.8564137Z Updating files:  44% (480/1090)
2025-03-16T09:52:58.8575996Z Updating files:  45% (491/1090)
2025-03-16T09:52:58.8586557Z Updating files:  46% (502/1090)
2025-03-16T09:52:58.8606432Z Updating files:  47% (513/1090)
2025-03-16T09:52:58.8717838Z Updating files:  48% (524/1090)
2025-03-16T09:52:58.8733749Z Updating files:  49% (535/1090)
2025-03-16T09:52:58.8746187Z Updating files:  50% (545/1090)
2025-03-16T09:52:58.8757335Z Updating files:  51% (556/1090)
2025-03-16T09:52:58.8765713Z Updating files:  52% (567/1090)
2025-03-16T09:52:58.9079571Z Updating files:  53% (578/1090)
2025-03-16T09:52:58.9088310Z Updating files:  54% (589/1090)
2025-03-16T09:52:58.9146795Z Updating files:  55% (600/1090)
2025-03-16T09:52:58.9208665Z Updating files:  56% (611/1090)
2025-03-16T09:52:58.9506859Z Updating files:  57% (622/1090)
2025-03-16T09:52:58.9773440Z Updating files:  58% (633/1090)
2025-03-16T09:52:58.9786001Z Updating files:  59% (644/1090)
2025-03-16T09:52:58.9856880Z Updating files:  60% (654/1090)
2025-03-16T09:52:58.9872300Z Updating files:  61% (665/1090)
2025-03-16T09:52:59.0101922Z Updating files:  62% (676/1090)
2025-03-16T09:52:59.0448788Z Updating files:  63% (687/1090)
2025-03-16T09:52:59.0459291Z Updating files:  64% (698/1090)
2025-03-16T09:52:59.0471622Z Updating files:  65% (709/1090)
2025-03-16T09:52:59.0525111Z Updating files:  66% (720/1090)
2025-03-16T09:52:59.0526046Z Updating files:  67% (731/1090)
2025-03-16T09:52:59.0526897Z Updating files:  68% (742/1090)
2025-03-16T09:52:59.0527289Z Updating files:  69% (753/1090)
2025-03-16T09:52:59.0961141Z Updating files:  70% (763/1090)
2025-03-16T09:52:59.3207995Z Updating files:  71% (774/1090)
2025-03-16T09:52:59.3953076Z Updating files:  10% (905/8515)
2025-03-16T09:52:59.6233979Z Updating files:  71% (777/1090)
2025-03-16T09:52:59.7315010Z Updating files:  10% (909/8515)
2025-03-16T09:52:59.7410863Z Updating files:  72% (785/1090)
2025-03-16T09:52:59.7428473Z Updating files:  73% (796/1090)
2025-03-16T09:52:59.7509703Z Updating files:  74% (807/1090)
2025-03-16T09:52:59.7522191Z Updating files:  75% (818/1090)
2025-03-16T09:52:59.8619574Z Updating files:  76% (829/1090)
2025-03-16T09:52:59.9183477Z Updating files:  77% (840/1090)
2025-03-16T09:52:59.9926630Z Updating files:  78% (851/1090)
2025-03-16T09:53:00.0738249Z Updating files:  79% (862/1090)
2025-03-16T09:53:00.0738691Z Updating files:  80% (872/1090)
2025-03-16T09:53:00.1350141Z Updating files:  81% (883/1090)
2025-03-16T09:53:00.1461299Z Updating files:  82% (894/1090)
2025-03-16T09:53:00.2881357Z Updating files:  83% (905/1090)
2025-03-16T09:53:00.2928736Z Updating files:  84% (916/1090)
2025-03-16T09:53:00.2943376Z Updating files:  85% (927/1090)
2025-03-16T09:53:00.2954983Z Updating files:  86% (938/1090)
2025-03-16T09:53:00.2966766Z Updating files:  87% (949/1090)
2025-03-16T09:53:00.2978708Z Updating files:  88% (960/1090)
2025-03-16T09:53:00.2989559Z Updating files:  89% (971/1090)
2025-03-16T09:53:00.3016174Z Updating files:  90% (981/1090)
2025-03-16T09:53:00.3016797Z Updating files:  91% (992/1090)
2025-03-16T09:53:00.3023614Z Updating files:  92% (1003/1090)
2025-03-16T09:53:00.3039438Z Updating files:  93% (1014/1090)
2025-03-16T09:53:00.3051076Z Updating files:  94% (1025/1090)
2025-03-16T09:53:00.3062838Z Updating files:  95% (1036/1090)
2025-03-16T09:53:00.3072749Z Updating files:  96% (1047/1090)
2025-03-16T09:53:00.3084188Z Updating files:  97% (1058/1090)
2025-03-16T09:53:00.3095893Z Updating files:  98% (1069/1090)
2025-03-16T09:53:00.3109507Z Updating files:  99% (1080/1090)
2025-03-16T09:53:00.3113850Z Updating files: 100% (1090/1090)
2025-03-16T09:53:00.3114242Z Updating files: 100% (1090/1090), done.
2025-03-16T09:53:00.6039716Z Updating files:  11% (937/8515)
2025-03-16T09:53:01.1751445Z Updating files:  11% (942/8515)
2025-03-16T09:53:01.1752417Z Updating files:  84% (360/425)
2025-03-16T09:53:01.1801320Z Updating files:  85% (362/425)
2025-03-16T09:53:01.1871971Z Updating files:  86% (366/425)
2025-03-16T09:53:01.2067417Z Updating files:  87% (370/425)
2025-03-16T09:53:01.2154961Z Updating files:  88% (374/425)
2025-03-16T09:53:01.2276682Z Updating files:  89% (379/425)
2025-03-16T09:53:01.2285915Z Updating files:  90% (383/425)
2025-03-16T09:53:01.3746665Z Updating files:  91% (387/425)
2025-03-16T09:53:01.4752699Z Updating files:  92% (391/425)
2025-03-16T09:53:01.5028203Z Updating files:  93% (396/425)
2025-03-16T09:53:01.5239262Z Updating files:  94% (400/425)
2025-03-16T09:53:01.5242210Z Updating files:  11% (993/8515)
2025-03-16T09:53:01.5243746Z Updating files:  95% (404/425)
2025-03-16T09:53:01.5293105Z Updating files:  96% (408/425)
2025-03-16T09:53:01.5465923Z Updating files:  97% (413/425)
2025-03-16T09:53:01.5469383Z Updating files:  98% (417/425)
2025-03-16T09:53:01.5472705Z Updating files:  99% (421/425)
2025-03-16T09:53:01.5473754Z Updating files: 100% (425/425)
2025-03-16T09:53:01.5474934Z Updating files: 100% (425/425), done.
2025-03-16T09:53:02.6469564Z Updating files:  12% (1022/8515)
2025-03-16T09:53:02.9550670Z Updating files:  12% (1072/8515)
2025-03-16T09:53:02.9632333Z Updating files:  13% (1107/8515)
2025-03-16T09:53:02.9741581Z Updating files:  14% (1193/8515)
2025-03-16T09:53:02.9812978Z Updating files:  15% (1278/8515)
2025-03-16T09:53:02.9891811Z Updating files:  16% (1363/8515)
2025-03-16T09:53:02.9973331Z Updating files:  17% (1448/8515)
2025-03-16T09:53:03.0026959Z Updating files:  18% (1533/8515)
2025-03-16T09:53:03.0108795Z Updating files:  19% (1618/8515)
2025-03-16T09:53:03.0169614Z Updating files:  20% (1703/8515)
2025-03-16T09:53:03.0210679Z Updating files:  21% (1789/8515)
2025-03-16T09:53:03.0257627Z Updating files:  22% (1874/8515)
2025-03-16T09:53:03.0304583Z Updating files:  23% (1959/8515)
2025-03-16T09:53:03.0362271Z Updating files:  24% (2044/8515)
2025-03-16T09:53:03.0463158Z Updating files:  25% (2129/8515)
2025-03-16T09:53:03.0820979Z Updating files:  26% (2214/8515)
2025-03-16T09:53:03.0873320Z Updating files:  27% (2300/8515)
2025-03-16T09:53:03.0920354Z Updating files:  28% (2385/8515)
2025-03-16T09:53:03.0970741Z Updating files:  29% (2470/8515)
2025-03-16T09:53:03.1051964Z Updating files:  30% (2555/8515)
2025-03-16T09:53:03.1157901Z Updating files:  31% (2640/8515)
2025-03-16T09:53:04.1386461Z Updating files:  32% (2725/8515)
2025-03-16T09:53:04.6660325Z Updating files:  32% (2778/8515)
2025-03-16T09:53:04.8492353Z Updating files:  32% (2790/8515)
2025-03-16T09:53:05.5200066Z Updating files:  33% (2810/8515)
2025-03-16T09:53:05.9718224Z Updating files:  33% (2866/8515)
2025-03-16T09:53:06.6103038Z Updating files:  34% (2896/8515)
2025-03-16T09:53:06.9591493Z Updating files:  34% (2945/8515)
2025-03-16T09:53:06.9669898Z Updating files:  35% (2981/8515)
2025-03-16T09:53:06.9776768Z Updating files:  36% (3066/8515)
2025-03-16T09:53:06.9850463Z Updating files:  37% (3151/8515)
2025-03-16T09:53:06.9927499Z Updating files:  38% (3236/8515)
2025-03-16T09:53:07.0008035Z Updating files:  39% (3321/8515)
2025-03-16T09:53:07.0064341Z Updating files:  40% (3406/8515)
2025-03-16T09:53:07.0147400Z Updating files:  41% (3492/8515)
2025-03-16T09:53:07.0202487Z Updating files:  42% (3577/8515)
2025-03-16T09:53:07.0247306Z Updating files:  43% (3662/8515)
2025-03-16T09:53:07.0294930Z Updating files:  44% (3747/8515)
2025-03-16T09:53:07.0342044Z Updating files:  45% (3832/8515)
2025-03-16T09:53:07.0400350Z Updating files:  46% (3917/8515)
2025-03-16T09:53:07.0501925Z Updating files:  47% (4003/8515)
2025-03-16T09:53:07.0853372Z Updating files:  48% (4088/8515)
2025-03-16T09:53:07.0907729Z Updating files:  49% (4173/8515)
2025-03-16T09:53:07.0948214Z Updating files:  50% (4258/8515)
2025-03-16T09:53:07.0998280Z Updating files:  51% (4343/8515)
2025-03-16T09:53:07.1076731Z Updating files:  52% (4428/8515)
2025-03-16T09:53:07.1177693Z Updating files:  53% (4513/8515)
2025-03-16T09:53:08.0707727Z Updating files:  54% (4599/8515)
2025-03-16T09:53:08.5275641Z Updating files:  54% (4649/8515)
2025-03-16T09:53:08.7370726Z Updating files:  54% (4675/8515)
2025-03-16T09:53:09.7127112Z Updating files:  55% (4684/8515)
2025-03-16T09:53:10.4511006Z Updating files:  55% (4728/8515)
2025-03-16T09:53:10.6970961Z Updating files:  56% (4769/8515)
2025-03-16T09:53:11.5126704Z Updating files:  56% (4790/8515)
2025-03-16T09:53:11.5167585Z Updating files:  57% (4854/8515)
2025-03-16T09:53:11.5197335Z Updating files:  57% (4907/8515)
2025-03-16T09:53:11.5296886Z Updating files:  58% (4939/8515)
2025-03-16T09:53:11.5388312Z Updating files:  59% (5024/8515)
2025-03-16T09:53:11.5451670Z Updating files:  60% (5109/8515)
2025-03-16T09:53:11.5525759Z Updating files:  61% (5195/8515)
2025-03-16T09:53:11.5594928Z Updating files:  62% (5280/8515)
2025-03-16T09:53:11.5666587Z Updating files:  63% (5365/8515)
2025-03-16T09:53:11.5722667Z Updating files:  64% (5450/8515)
2025-03-16T09:53:11.5783278Z Updating files:  65% (5535/8515)
2025-03-16T09:53:11.5833748Z Updating files:  66% (5620/8515)
2025-03-16T09:53:11.5879843Z Updating files:  67% (5706/8515)
2025-03-16T09:53:11.5933355Z Updating files:  68% (5791/8515)
2025-03-16T09:53:11.6060312Z Updating files:  69% (5876/8515)
2025-03-16T09:53:11.6330541Z Updating files:  70% (5961/8515)
2025-03-16T09:53:11.6503136Z Updating files:  71% (6046/8515)
2025-03-16T09:53:11.6547961Z Updating files:  72% (6131/8515)
2025-03-16T09:53:11.6595699Z Updating files:  73% (6216/8515)
2025-03-16T09:53:11.6666424Z Updating files:  74% (6302/8515)
2025-03-16T09:53:11.6759361Z Updating files:  75% (6387/8515)
2025-03-16T09:53:12.0020856Z Updating files:  76% (6472/8515)
2025-03-16T09:53:12.6729146Z Updating files:  77% (6557/8515)
2025-03-16T09:53:13.5172869Z Updating files:  77% (6558/8515)
2025-03-16T09:53:14.3260286Z Updating files:  77% (6604/8515)
2025-03-16T09:53:14.6954171Z Updating files:  78% (6642/8515)
2025-03-16T09:53:15.9283202Z Updating files:  78% (6655/8515)
2025-03-16T09:53:16.5260221Z Updating files:  78% (6711/8515)
2025-03-16T09:53:16.9917092Z Updating files:  78% (6713/8515)
2025-03-16T09:53:17.1615557Z Updating files:  79% (6727/8515)
2025-03-16T09:53:17.1692914Z Updating files:  80% (6812/8515)
2025-03-16T09:53:17.1809332Z Updating files:  81% (6898/8515)
2025-03-16T09:53:17.1862807Z Updating files:  82% (6983/8515)
2025-03-16T09:53:17.1934484Z Updating files:  83% (7068/8515)
2025-03-16T09:53:17.2019359Z Updating files:  84% (7153/8515)
2025-03-16T09:53:17.2062788Z Updating files:  85% (7238/8515)
2025-03-16T09:53:17.2137676Z Updating files:  86% (7323/8515)
2025-03-16T09:53:17.2189177Z Updating files:  87% (7409/8515)
2025-03-16T09:53:17.2247602Z Updating files:  88% (7494/8515)
2025-03-16T09:53:17.2298456Z Updating files:  89% (7579/8515)
2025-03-16T09:53:17.2344263Z Updating files:  90% (7664/8515)
2025-03-16T09:53:17.2399766Z Updating files:  91% (7749/8515)
2025-03-16T09:53:17.2525495Z Updating files:  92% (7834/8515)
2025-03-16T09:53:17.2892769Z Updating files:  93% (7919/8515)
2025-03-16T09:53:17.2940195Z Updating files:  94% (8005/8515)
2025-03-16T09:53:17.2984212Z Updating files:  95% (8090/8515)
2025-03-16T09:53:17.3033013Z Updating files:  96% (8175/8515)
2025-03-16T09:53:17.3097799Z Updating files:  97% (8260/8515)
2025-03-16T09:53:17.3187653Z Updating files:  98% (8345/8515)
2025-03-16T09:53:17.3256572Z Updating files:  99% (8430/8515)
2025-03-16T09:53:17.3257031Z Updating files: 100% (8515/8515)
2025-03-16T09:53:17.3257480Z Updating files: 100% (8515/8515), done.
2025-03-16T09:53:17.7375563Z repo sync has finished successfully.
2025-03-16T09:53:17.7729604Z -- Done.
2025-03-16T09:53:17.7730400Z -- Patching the twrp-12.1 minimal manifest for building OrangeFox for native android-12.1 devices ...
2025-03-16T09:53:17.8348613Z patching file core/Makefile
2025-03-16T09:53:17.8357411Z patching file core/config.mk
2025-03-16T09:53:17.8364859Z patching file make/envsetup.sh
2025-03-16T09:53:17.8378010Z -- The twrp-12.1 minimal manifest has been patched successfully
2025-03-16T09:53:17.8395203Z -- Moving the TWRP recovery sources to /tmp
2025-03-16T09:53:17.8434038Z -- Pulling the OrangeFox recovery sources ...
2025-03-16T09:53:17.8446987Z Cloning into 'recovery'...
2025-03-16T09:53:22.3274919Z -- The OrangeFox sources have been cloned successfully
2025-03-16T09:53:22.3275747Z -- Cleaning up the TWRP recovery sources from /tmp
2025-03-16T09:53:22.3966145Z -- Preparing for cloning the OrangeFox vendor tree ...
2025-03-16T09:53:22.3989935Z -- Pulling the OrangeFox vendor tree ...
2025-03-16T09:53:22.4002256Z Cloning into 'recovery'...
2025-03-16T09:53:27.5643155Z -- The OrangeFox vendor tree has been cloned successfully
2025-03-16T09:53:27.5666365Z -- Stop time =Sun Mar 16 09:53:27 UTC 2025
2025-03-16T09:53:27.5666790Z -- Start time=Sun Mar 16 09:49:20 UTC 2025
2025-03-16T09:53:27.5667140Z -- Now, clone your device trees to the correct locations!
2025-03-16T09:53:27.5708382Z ##[group]Run cd ${GITHUB_WORKSPACE}/OrangeFox/fox_12.1
2025-03-16T09:53:27.5708804Z [36;1mcd ${GITHUB_WORKSPACE}/OrangeFox/fox_12.1[0m
2025-03-16T09:53:27.5709292Z [36;1mgit clone https://github.com/Ricefishfish/LGG8-OrangeFoxDT.git -b main ./device/lge/alphalm[0m
2025-03-16T09:53:27.5709744Z [36;1mcd device/lge/alphalm[0m
2025-03-16T09:53:27.5710030Z [36;1mecho "COMMIT_ID=$(git rev-parse HEAD)" >> $GITHUB_ENV[0m
2025-03-16T09:53:27.5788403Z shell: /usr/bin/bash -e {0}
2025-03-16T09:53:27.5788622Z env:
2025-03-16T09:53:27.5789006Z   GITHUB_TOKEN: ***
2025-03-16T09:53:27.5789194Z ##[endgroup]
2025-03-16T09:53:27.5841640Z Cloning into './device/lge/alphalm'...
2025-03-16T09:53:29.6224171Z ##[group]Run cd ${GITHUB_WORKSPACE}/OrangeFox/fox_12.1
2025-03-16T09:53:29.6224537Z [36;1mcd ${GITHUB_WORKSPACE}/OrangeFox/fox_12.1[0m
2025-03-16T09:53:29.6224786Z [36;1mset +e[0m
2025-03-16T09:53:29.6224976Z [36;1msource build/envsetup.sh[0m
2025-03-16T09:53:29.6225222Z [36;1mexport ALLOW_MISSING_DEPENDENCIES=true[0m
2025-03-16T09:53:29.6225699Z [36;1mset -e[0m
2025-03-16T09:53:29.6225954Z [36;1mlunch twrp_alphalm-eng && make clean && mka adbd bootimage[0m
2025-03-16T09:53:29.6246777Z shell: /usr/bin/bash -e {0}
2025-03-16T09:53:29.6247007Z env:
2025-03-16T09:53:29.6247370Z   GITHUB_TOKEN: ***
2025-03-16T09:53:29.6247605Z   COMMIT_ID: e0dbef8babe5d918fb0487d1f9d5459998f20462
2025-03-16T09:53:29.6247871Z ##[endgroup]
2025-03-16T09:53:29.7035158Z including device/lge/alphalm/vendorsetup.sh
2025-03-16T09:53:29.7036127Z [91m OrangeFox Vars insert... [m
2025-03-16T09:53:29.7048316Z [91m OrangeFox Var inserted [m
2025-03-16T09:53:34.1028271Z 09:53:34 Build sandboxing disabled due to nsjail error.
2025-03-16T09:53:34.2251155Z In file included from build/make/core/config.mk:313:
2025-03-16T09:53:34.2251915Z In file included from build/make/core/envsetup.mk:312:
2025-03-16T09:53:34.2253255Z [1mbuild/make/target/product/virtual_ab_ota.mk:21: [31merror: [0m[1m_nic.PRODUCTS.[[device/lge/alphalm/twrp_alphalm.mk]]: "vendor/lge/alphalm/alphalm-vendor.mk" does not exist.[0m
2025-03-16T09:53:34.2260176Z 09:53:34 dumpvars failed with: exit status 1
2025-03-16T09:53:34.5468764Z Device alphalm not found. Attempting to retrieve device repository from TeamWin Github (http://github.com/TeamWin).
2025-03-16T09:53:34.5469603Z Repository for alphalm not found in the TeamWin Github repository list.
2025-03-16T09:53:34.5470219Z If this is in error, you may need to manually add it to your .repo/local_manifests/roomservice.xml
2025-03-16T09:53:34.8546098Z 09:53:34 Build sandboxing disabled due to nsjail error.
2025-03-16T09:53:34.9400814Z In file included from build/make/core/config.mk:313:
2025-03-16T09:53:34.9401433Z In file included from build/make/core/envsetup.mk:312:
2025-03-16T09:53:34.9403004Z [1mbuild/make/target/product/virtual_ab_ota.mk:21: [31merror: [0m[1m_nic.PRODUCTS.[[device/lge/alphalm/twrp_alphalm.mk]]: "vendor/lge/alphalm/alphalm-vendor.mk" does not exist.[0m
2025-03-16T09:53:34.9411033Z 09:53:34 dumpvars failed with: exit status 1
2025-03-16T09:53:35.2834985Z 09:53:35 Build sandboxing disabled due to nsjail error.
2025-03-16T09:53:35.3861993Z In file included from build/make/core/config.mk:313:
2025-03-16T09:53:35.3863488Z In file included from build/make/core/envsetup.mk:312:
2025-03-16T09:53:35.3864866Z [1mbuild/make/target/product/virtual_ab_ota.mk:21: [31merror: [0m[1m_nic.PRODUCTS.[[device/lge/alphalm/twrp_alphalm.mk]]: "vendor/lge/alphalm/alphalm-vendor.mk" does not exist.[0m
2025-03-16T09:53:35.3872009Z 09:53:35 dumpvars failed with: exit status 1
2025-03-16T09:53:35.3937918Z 
2025-03-16T09:53:35.3938160Z ** Don't have a product spec for: 'twrp_alphalm'
2025-03-16T09:53:35.3938627Z ** Do you have the right repo manifest?
2025-03-16T09:53:35.3938840Z 
2025-03-16T09:53:35.3960075Z ##[error]Process completed with exit code 1.
2025-03-16T09:53:35.4034171Z Post job cleanup.
2025-03-16T09:53:35.4998598Z [command]/usr/bin/git version
2025-03-16T09:53:35.5037755Z git version 2.48.1
2025-03-16T09:53:35.5074400Z Copying '/home/runner/.gitconfig' to '/home/runner/work/_temp/da0ed194-2f74-4b8e-a221-8648d144d6c3/.gitconfig'
2025-03-16T09:53:35.5083459Z Temporarily overriding HOME='/home/runner/work/_temp/da0ed194-2f74-4b8e-a221-8648d144d6c3' before making global git config changes
2025-03-16T09:53:35.5084498Z Adding repository directory to the temporary git global config as a safe directory
2025-03-16T09:53:35.5089724Z [command]/usr/bin/git config --global --add safe.directory /home/runner/work/OrangeFox-Action-Builder/OrangeFox-Action-Builder
2025-03-16T09:53:35.5124885Z [command]/usr/bin/git config --local --name-only --get-regexp core\.sshCommand
2025-03-16T09:53:35.5156736Z [command]/usr/bin/git submodule foreach --recursive sh -c "git config --local --name-only --get-regexp 'core\.sshCommand' && git config --local --unset-all 'core.sshCommand' || :"
2025-03-16T09:53:35.5407607Z [command]/usr/bin/git config --local --name-only --get-regexp http\.https\:\/\/github\.com\/\.extraheader
2025-03-16T09:53:35.5428675Z http.https://github.com/.extraheader
2025-03-16T09:53:35.5441220Z [command]/usr/bin/git config --local --unset-all http.https://github.com/.extraheader
2025-03-16T09:53:35.5471416Z [command]/usr/bin/git submodule foreach --recursive sh -c "git config --local --name-only --get-regexp 'http\.https\:\/\/github\.com\/\.extraheader' && git config --local --unset-all 'http.https://github.com/.extraheader' || :"
2025-03-16T09:53:35.5801911Z Cleaning up orphan processes
